sed: can't read /web/dist/index.html: No such file or directory
sed: can't read /web/dist/index.html: No such file or directory
2023/11/20 12:56:45 kotsadm version v1.101.2
{"level":"info","ts":"2023-11-20T12:56:45Z","msg":"Found kubectl binary versions [v1.27 v1.26 v1.25 v1.24 v1.23 v1.22 v1.21 v1.20 v1.19 ]"}
{"level":"info","ts":"2023-11-20T12:56:45Z","msg":"Found kustomize binary versions [5 ]"}
2023/11/20 12:56:45 Starting monitor loop
Starting Admin Console API on port 3000...
2023/11/20 12:56:46 received an inform event: types.AppInformersArgs{AppID:"2XzB3rKi0QljeDzN32bEXzbyksY", Sequence:1, Informers:[]types.StatusInformerString{"hub/deployment/accounts-service", "hub/deployment/catalog-service", "hub/deployment/hub-webapp", "hub/deployment/search-service", "hub/deployment/search-sync-service", "knime/deployment/ingress-nginx-controller", "knime/statefulset/keycloak"}}
2023/11/20 12:56:46 Starting app monitor loop
2023/11/20 12:56:46 App monitor got new informers
2023/11/20 12:56:46 Running informers: []types.StatusInformer{types.StatusInformer{Kind:"deployment", Name:"accounts-service", Namespace:"hub"}, types.StatusInformer{Kind:"deployment", Name:"catalog-service", Namespace:"hub"}, types.StatusInformer{Kind:"deployment", Name:"hub-webapp", Namespace:"hub"}, types.StatusInformer{Kind:"deployment", Name:"search-service", Namespace:"hub"}, types.StatusInformer{Kind:"deployment", Name:"search-sync-service", Namespace:"hub"}, types.StatusInformer{Kind:"deployment", Name:"ingress-nginx-controller", Namespace:"knime"}, types.StatusInformer{Kind:"statefulset", Name:"keycloak", Namespace:"knime"}}
2023/11/20 12:56:47 Updating app status {"appId":"2XzB3rKi0QljeDzN32bEXzbyksY","resourceStates":[{"kind":"deployment","name":"accounts-service","namespace":"hub","state":"unavailable"},{"kind":"deployment","name":"catalog-service","namespace":"hub","state":"unavailable"},{"kind":"deployment","name":"hub-webapp","namespace":"hub","state":"ready"},{"kind":"deployment","name":"search-service","namespace":"hub","state":"ready"},{"kind":"deployment","name":"search-sync-service","namespace":"hub","state":"unavailable"},{"kind":"deployment","name":"ingress-nginx-controller","namespace":"knime","state":"ready"},{"kind":"statefulset","name":"keycloak","namespace":"knime","state":"unavailable"}],"updatedAt":"2023-11-20T12:56:46.580921074Z","state":"","sequence":1}
{"level":"info","ts":"2023-11-20T12:56:47Z","msg":"Found 1 nodes"}
2023/11/20 12:57:11 Updating app status {"appId":"2XzB3rKi0QljeDzN32bEXzbyksY","resourceStates":[{"kind":"deployment","name":"accounts-service","namespace":"hub","state":"unavailable"},{"kind":"deployment","name":"catalog-service","namespace":"hub","state":"unavailable"},{"kind":"deployment","name":"hub-webapp","namespace":"hub","state":"ready"},{"kind":"deployment","name":"ingress-nginx-controller","namespace":"knime","state":"ready"},{"kind":"statefulset","name":"keycloak","namespace":"knime","state":"ready"},{"kind":"deployment","name":"search-service","namespace":"hub","state":"ready"},{"kind":"deployment","name":"search-sync-service","namespace":"hub","state":"unavailable"}],"updatedAt":"2023-11-20T12:57:10.784764959Z","state":"","sequence":1}
2023/11/20 12:57:23 Updating app status {"appId":"2XzB3rKi0QljeDzN32bEXzbyksY","resourceStates":[{"kind":"deployment","name":"accounts-service","namespace":"hub","state":"ready"},{"kind":"deployment","name":"catalog-service","namespace":"hub","state":"unavailable"},{"kind":"deployment","name":"hub-webapp","namespace":"hub","state":"ready"},{"kind":"deployment","name":"search-service","namespace":"hub","state":"ready"},{"kind":"deployment","name":"search-sync-service","namespace":"hub","state":"unavailable"},{"kind":"deployment","name":"ingress-nginx-controller","namespace":"knime","state":"ready"},{"kind":"statefulset","name":"keycloak","namespace":"knime","state":"ready"}],"updatedAt":"2023-11-20T12:57:22.590783025Z","state":"","sequence":1}
2023/11/20 12:57:24 Updating app status {"appId":"2XzB3rKi0QljeDzN32bEXzbyksY","resourceStates":[{"kind":"deployment","name":"accounts-service","namespace":"hub","state":"ready"},{"kind":"deployment","name":"catalog-service","namespace":"hub","state":"ready"},{"kind":"deployment","name":"hub-webapp","namespace":"hub","state":"ready"},{"kind":"deployment","name":"ingress-nginx-controller","namespace":"knime","state":"ready"},{"kind":"statefulset","name":"keycloak","namespace":"knime","state":"ready"},{"kind":"deployment","name":"search-service","namespace":"hub","state":"ready"},{"kind":"deployment","name":"search-sync-service","namespace":"hub","state":"unavailable"}],"updatedAt":"2023-11-20T12:57:23.949918974Z","state":"","sequence":1}
2023/11/20 12:57:33 Updating app status {"appId":"2XzB3rKi0QljeDzN32bEXzbyksY","resourceStates":[{"kind":"deployment","name":"accounts-service","namespace":"hub","state":"ready"},{"kind":"deployment","name":"catalog-service","namespace":"hub","state":"ready"},{"kind":"deployment","name":"hub-webapp","namespace":"hub","state":"ready"},{"kind":"deployment","name":"search-service","namespace":"hub","state":"ready"},{"kind":"deployment","name":"search-sync-service","namespace":"hub","state":"ready"},{"kind":"deployment","name":"ingress-nginx-controller","namespace":"knime","state":"ready"},{"kind":"statefulset","name":"keycloak","namespace":"knime","state":"ready"}],"updatedAt":"2023-11-20T12:57:32.014351771Z","state":"","sequence":1}
{"level":"info","ts":"2023-11-20T12:57:33Z","msg":"Found 1 nodes"}
{"level":"error","ts":"2023-11-20T16:34:10Z","msg":"request \"/api/v1/apps\": missing authorization token"}
{"level":"info","ts":"2023-11-20T16:34:10Z","msg":"method=GET status=401 duration=87.724µs request=/api/v1/apps"}
{"level":"error","ts":"2023-11-20T16:34:10Z","msg":"failed to read font file ./custom.css: open /tmp/kotsadm-branding3688951083/custom.css: no such file or directory"}
{"level":"error","ts":"2023-11-20T16:34:10Z","msg":"request \"/api/v1/is-helm-managed\": missing authorization token"}
{"level":"info","ts":"2023-11-20T16:34:10Z","msg":"method=GET status=401 duration=53.761µs request=/api/v1/is-helm-managed"}
{"level":"error","ts":"2023-11-20T16:34:10Z","msg":"request \"/api/v1/apps\": missing authorization token"}
{"level":"info","ts":"2023-11-20T16:34:10Z","msg":"method=GET status=401 duration=56.464µs request=/api/v1/apps"}
{"level":"error","ts":"2023-11-20T16:34:12Z","msg":"request \"/api/v1/apps\": missing authorization token"}
{"level":"info","ts":"2023-11-20T16:34:12Z","msg":"method=GET status=401 duration=49.917µs request=/api/v1/apps"}
{"level":"error","ts":"2023-11-20T16:34:12Z","msg":"failed to read font file ./custom.css: open /tmp/kotsadm-branding337918676/custom.css: no such file or directory"}
{"level":"error","ts":"2023-11-20T16:34:27Z","msg":"request \"/api/v1/apps\": missing authorization token"}
{"level":"info","ts":"2023-11-20T16:34:27Z","msg":"method=GET status=401 duration=188.156µs request=/api/v1/apps"}
{"level":"info","ts":"2023-11-20T16:34:31Z","msg":"method=GET status=404 duration=2.901069ms request=/api/v1/pendingapp"}
[controller-runtime] log.SetLogger(...) was never called, logs will not be displayed:
goroutine 10636 [running]:
runtime/debug.Stack()
	/opt/hostedtoolcache/go/1.20.6/x64/src/runtime/debug/stack.go:24 +0x65
sigs.k8s.io/controller-runtime/pkg/log.eventuallyFulfillRoot()
	/home/runner/go/pkg/mod/sigs.k8s.io/controller-runtime@v0.15.0/pkg/log/log.go:59 +0xbd
sigs.k8s.io/controller-runtime/pkg/log.(*delegatingLogSink).WithName(0xc000510080, {0x3e7ab83, 0x14})
	/home/runner/go/pkg/mod/sigs.k8s.io/controller-runtime@v0.15.0/pkg/log/deleg.go:147 +0x4c
github.com/go-logr/logr.Logger.WithName({{0x68de438, 0xc000510080}, 0x0}, {0x3e7ab83?, 0x3e5488a?})
	/home/runner/go/pkg/mod/github.com/go-logr/logr@v1.2.4/logr.go:336 +0x46
sigs.k8s.io/controller-runtime/pkg/client.newClient(0xc0017f2b40, {0x0, 0xc0001f7b20, {0x0, 0x0}, 0x0, {0x0, 0x0}, 0x0})
	/home/runner/go/pkg/mod/sigs.k8s.io/controller-runtime@v0.15.0/pkg/client/client.go:115 +0xb4
sigs.k8s.io/controller-runtime/pkg/client.New(0x68ab5c0?, {0x0, 0xc0001f7b20, {0x0, 0x0}, 0x0, {0x0, 0x0}, 0x0})
	/home/runner/go/pkg/mod/sigs.k8s.io/controller-runtime@v0.15.0/pkg/client/client.go:101 +0x85
github.com/replicatedhq/kots/pkg/snapshot.getVersion({0x68d5e30, 0xc00184cd20}, {0xc0015f65c6, 0x6})
	/home/runner/work/kots/kots/pkg/snapshot/velero.go:371 +0xf2
github.com/replicatedhq/kots/pkg/snapshot.DetectVelero({0x68d5e30, 0xc00184cd20}, {0xc000082026, 0x7})
	/home/runner/work/kots/kots/pkg/snapshot/velero.go:313 +0x298
github.com/replicatedhq/kots/pkg/handlers.(*Handler).GetVeleroStatus(0x1?, {0x68c2a90, 0xc00145dfc8}, 0x0?)
	/home/runner/work/kots/kots/pkg/handlers/snapshots.go:537 +0x5d
github.com/replicatedhq/kots/pkg/policy.(*Middleware).EnforceAccess.func1({0x68c2a90, 0xc00145dfc8}, 0xc00208c500)
	/home/runner/work/kots/kots/pkg/policy/middleware.go:74 +0x193
net/http.HandlerFunc.ServeHTTP(0xc001415000?, {0x68c2a90?, 0xc00145dfc8?}, 0xc00145dfc8?)
	/opt/hostedtoolcache/go/1.20.6/x64/src/net/http/server.go:2122 +0x2f
github.com/replicatedhq/kots/pkg/handlers.RequireValidSessionMiddleware.func1.1({0x68c2a90, 0xc00145dfc8}, 0xc001415000)
	/home/runner/work/kots/kots/pkg/handlers/middleware.go:92 +0x132
net/http.HandlerFunc.ServeHTTP(0x10?, {0x68c2a90?, 0xc00145dfc8?}, 0xc001c27900?)
	/opt/hostedtoolcache/go/1.20.6/x64/src/net/http/server.go:2122 +0x2f
github.com/replicatedhq/kots/pkg/handlers.LoggingMiddleware.func1({0x68d2d20?, 0xc001e8a1c0}, 0xc001415000)
	/home/runner/work/kots/kots/pkg/handlers/middleware.go:64 +0xd5
net/http.HandlerFunc.ServeHTTP(0x68d2d20?, {0x68d2d20?, 0xc001e8a1c0?}, 0x68d5e30?)
	/opt/hostedtoolcache/go/1.20.6/x64/src/net/http/server.go:2122 +0x2f
github.com/replicatedhq/kots/pkg/handlers.CorsMiddleware.func1({0x68d2d20, 0xc001e8a1c0}, 0xc001099470?)
	/home/runner/work/kots/kots/pkg/handlers/middleware.go:34 +0x67
net/http.HandlerFunc.ServeHTTP(0xc001414f00?, {0x68d2d20?, 0xc001e8a1c0?}, 0xc001c279e8?)
	/opt/hostedtoolcache/go/1.20.6/x64/src/net/http/server.go:2122 +0x2f
github.com/gorilla/mux.(*Router).ServeHTTP(0xc000c4d080, {0x68d2d20, 0xc001e8a1c0}, 0xc001414e00)
	/home/runner/go/pkg/mod/github.com/gorilla/mux@v1.8.0/mux.go:210 +0x1cf
net/http.serverHandler.ServeHTTP({0xc001964510?}, {0x68d2d20, 0xc001e8a1c0}, 0xc001414e00)
	/opt/hostedtoolcache/go/1.20.6/x64/src/net/http/server.go:2936 +0x316
net/http.(*conn).serve(0xc000656cf0, {0x68d5e30, 0xc00078ee70})
	/opt/hostedtoolcache/go/1.20.6/x64/src/net/http/server.go:1995 +0x612
created by net/http.(*Server).Serve
	/opt/hostedtoolcache/go/1.20.6/x64/src/net/http/server.go:3089 +0x5ed
{"level":"error","ts":"2023-11-20T16:34:32Z","msg":"failed to read font file ./custom.css: open /tmp/kotsadm-branding1344610305/custom.css: no such file or directory"}
{"level":"error","ts":"2023-11-20T16:36:03Z","msg":"failed to read font file ./custom.css: open /tmp/kotsadm-branding1510019988/custom.css: no such file or directory"}
{"level":"error","ts":"2023-11-20T16:39:42Z","msg":"failed to read font file ./custom.css: open /tmp/kotsadm-branding4154938782/custom.css: no such file or directory"}
{"level":"error","ts":"2023-11-20T16:41:55Z","msg":"failed to read font file ./custom.css: open /tmp/kotsadm-branding73701940/custom.css: no such file or directory"}
{"level":"error","ts":"2023-11-20T16:47:18Z","msg":"failed to read font file ./custom.css: open /tmp/kotsadm-branding1399810728/custom.css: no such file or directory"}
{"level":"info","ts":"2023-11-20T16:47:21Z","msg":"Found 1 nodes"}
{"level":"info","ts":"2023-11-20T16:47:33Z","msg":"Found 1 nodes"}
{"level":"info","ts":"2023-11-20T16:47:33Z","msg":"Executing Update go routine for support bundle ID: 2yrqgrs49dotg5vtbmiupebaabo"}
{"level":"info","ts":"2023-11-20T16:47:33Z","msg":"Executing Collection go routine for support bundle ID: 2yrqgrs49dotg5vtbmiupebaabo"}
E1120 16:47:34.062343       9 v2.go:150] io: read/write on closed pipe
I1120 16:49:04.543290       9 ceph.go:216] rook ceph tools pod not found
E1120 16:49:04.547329       9 longhorn.go:72] list nodes.longhorn.io not found
E1120 16:49:09.894796       9 logs.go:228] Failed to parse time duration 30d
E1120 16:49:09.914732       9 logs.go:228] Failed to parse time duration 30d
E1120 16:49:10.052901       9 logs.go:228] Failed to parse time duration 30d
E1120 16:49:10.059607       9 logs.go:228] Failed to parse time duration 30d
E1120 16:49:10.066649       9 logs.go:228] Failed to parse time duration 30d
E1120 16:49:10.079056       9 logs.go:228] Failed to parse time duration 30d
E1120 16:49:10.084309       9 logs.go:228] Failed to parse time duration 30d
E1120 16:49:10.264609       9 logs.go:228] Failed to parse time duration 30d
E1120 16:49:10.271617       9 logs.go:228] Failed to parse time duration 30d
E1120 16:49:10.277637       9 logs.go:228] Failed to parse time duration 30d
E1120 16:49:10.290398       9 logs.go:228] Failed to parse time duration 30d
E1120 16:49:10.296310       9 logs.go:228] Failed to parse time duration 30d
E1120 16:49:10.301536       9 logs.go:228] Failed to parse time duration 30d
E1120 16:49:10.312444       9 logs.go:228] Failed to parse time duration 30d
E1120 16:49:10.318213       9 logs.go:228] Failed to parse time duration 30d
E1120 16:49:10.328786       9 logs.go:228] Failed to parse time duration 30d
E1120 16:49:10.383307       9 logs.go:228] Failed to parse time duration 30d
E1120 16:49:10.388077       9 logs.go:228] Failed to parse time duration 30d
E1120 16:49:10.393933       9 logs.go:228] Failed to parse time duration 30d
E1120 16:49:10.398842       9 logs.go:228] Failed to parse time duration 30d
E1120 16:49:10.404560       9 logs.go:228] Failed to parse time duration 30d
E1120 16:49:10.411137       9 logs.go:228] Failed to parse time duration 30d
E1120 16:49:10.415934       9 logs.go:228] Failed to parse time duration 30d
E1120 16:49:10.421368       9 logs.go:228] Failed to parse time duration 30d
E1120 16:49:10.427377       9 logs.go:228] Failed to parse time duration 30d
E1120 16:49:10.432775       9 logs.go:228] Failed to parse time duration 30d
E1120 16:49:10.438158       9 logs.go:228] Failed to parse time duration 30d
E1120 16:49:10.444072       9 logs.go:228] Failed to parse time duration 30d
E1120 16:49:10.461469       9 logs.go:228] Failed to parse time duration 30d
E1120 16:49:10.517094       9 logs.go:228] Failed to parse time duration 30d
E1120 16:49:10.523216       9 logs.go:228] Failed to parse time duration 30d
E1120 16:49:10.534371       9 logs.go:228] Failed to parse time duration 30d
E1120 16:49:10.779783       9 logs.go:228] Failed to parse time duration 30d
E1120 16:49:10.786817       9 logs.go:228] Failed to parse time duration 30d
E1120 16:49:10.799727       9 logs.go:228] Failed to parse time duration 30d
E1120 16:49:11.156157       9 logs.go:228] Failed to parse time duration 30d
E1120 16:49:11.163485       9 logs.go:228] Failed to parse time duration 30d
E1120 16:49:11.168419       9 logs.go:228] Failed to parse time duration 30d
E1120 16:49:11.173914       9 logs.go:228] Failed to parse time duration 30d
E1120 16:49:11.180368       9 logs.go:228] Failed to parse time duration 30d
E1120 16:49:11.191590       9 logs.go:228] Failed to parse time duration 30d
E1120 16:49:11.432600       9 logs.go:228] Failed to parse time duration 30d
E1120 16:49:11.440210       9 logs.go:228] Failed to parse time duration 30d
E1120 16:49:11.453286       9 logs.go:228] Failed to parse time duration 30d
E1120 16:49:11.583752       9 logs.go:228] Failed to parse time duration 30d
E1120 16:49:11.590426       9 logs.go:228] Failed to parse time duration 30d
E1120 16:49:11.597479       9 logs.go:228] Failed to parse time duration 30d
E1120 16:49:11.750700       9 logs.go:228] Failed to parse time duration 30d
E1120 16:49:11.939084       9 logs.go:228] Failed to parse time duration 30d
E1120 16:49:11.946306       9 logs.go:228] Failed to parse time duration 30d
E1120 16:49:11.953626       9 logs.go:228] Failed to parse time duration 30d
E1120 16:49:11.960043       9 logs.go:228] Failed to parse time duration 30d
E1120 16:49:11.972429       9 logs.go:228] Failed to parse time duration 30d
E1120 16:49:12.060481       9 logs.go:228] Failed to parse time duration 30d
E1120 16:49:12.067093       9 logs.go:228] Failed to parse time duration 30d
E1120 16:49:12.080198       9 logs.go:228] Failed to parse time duration 30d
E1120 16:49:12.085567       9 logs.go:228] Failed to parse time duration 30d
E1120 16:49:12.091974       9 logs.go:228] Failed to parse time duration 30d
E1120 16:49:12.104499       9 logs.go:228] Failed to parse time duration 30d
E1120 16:49:12.196202       9 logs.go:228] Failed to parse time duration 30d
E1120 16:49:12.212791       9 logs.go:228] Failed to parse time duration 30d
E1120 16:49:12.219235       9 logs.go:228] Failed to parse time duration 30d
E1120 16:49:12.482175       9 logs.go:228] Failed to parse time duration 30d
E1120 16:49:12.487480       9 logs.go:228] Failed to parse time duration 30d
E1120 16:49:12.495663       9 logs.go:228] Failed to parse time duration 30d
E1120 16:49:12.500221       9 logs.go:228] Failed to parse time duration 30d
E1120 16:49:12.504794       9 logs.go:228] Failed to parse time duration 30d
E1120 16:49:12.653915       9 logs.go:228] Failed to parse time duration 30d
E1120 16:49:12.676152       9 logs.go:228] Failed to parse time duration 30d
E1120 16:49:12.680937       9 logs.go:228] Failed to parse time duration 30d
E1120 16:49:12.714859       9 logs.go:228] Failed to parse time duration 30d
E1120 16:49:12.719680       9 logs.go:228] Failed to parse time duration 30d
E1120 16:49:12.995167       9 logs.go:228] Failed to parse time duration 30d
E1120 16:49:13.000347       9 logs.go:228] Failed to parse time duration 30d
E1120 16:49:13.020161       9 logs.go:228] Failed to parse time duration 30d
E1120 16:49:13.025230       9 logs.go:228] Failed to parse time duration 30d
E1120 16:49:13.041091       9 logs.go:228] Failed to parse time duration 30d
E1120 16:49:13.055487       9 logs.go:228] Failed to parse time duration 30d
E1120 16:49:13.062705       9 logs.go:228] Failed to parse time duration 30d
E1120 16:49:13.073250       9 logs.go:228] Failed to parse time duration 30d
E1120 16:49:13.098138       9 logs.go:228] Failed to parse time duration 30d
E1120 16:49:13.123580       9 logs.go:228] Failed to parse time duration 30d
{"level":"info","ts":"2023-11-20T16:56:01Z","msg":"Found 1 nodes"}

  • Listing releases
{"level":"error","ts":"2023-11-20T17:04:14Z","msg":"failed to list installed apps for downstream: failed to query: tried all peers unsuccessfully. here are the results:\n   peer #0: http://***HIDDEN***:***HIDDEN***@***HIDDEN***:4001/***HIDDEN****** failed due to Post \"http://***HIDDEN***:***HIDDEN***@***HIDDEN***:4001/***HIDDEN******\": dial tcp ***HIDDEN***:4001: connect: connection refused\n: tried all peers unsuccessfully. here are the results:\n   peer #0: http://***HIDDEN***:***HIDDEN***@***HIDDEN***:4001/***HIDDEN****** failed due to Post \"http://***HIDDEN***:***HIDDEN***@***HIDDEN***:4001/***HIDDEN******\": dial tcp ***HIDDEN***:4001: connect: connection refused\n"}
2023/11/20 17:04:28 Updating app status {"appId":"2XzB3rKi0QljeDzN32bEXzbyksY","resourceStates":[{"kind":"deployment","name":"accounts-service","namespace":"hub","state":"ready"},{"kind":"deployment","name":"catalog-service","namespace":"hub","state":"ready"},{"kind":"deployment","name":"hub-webapp","namespace":"hub","state":"ready"},{"kind":"deployment","name":"ingress-nginx-controller","namespace":"knime","state":"ready"},{"kind":"statefulset","name":"keycloak","namespace":"knime","state":"ready"},{"kind":"deployment","name":"search-service","namespace":"hub","state":"unavailable"},{"kind":"deployment","name":"search-sync-service","namespace":"hub","state":"ready"}],"updatedAt":"2023-11-20T17:04:27.85793608Z","state":"","sequence":1}
2023/11/20 17:04:28 error updating app status: failed to get current app status: failed to query: tried all peers unsuccessfully. here are the results:
   peer #0: http://***HIDDEN***:***HIDDEN***@***HIDDEN***:4001/***HIDDEN****** failed due to Post "http://***HIDDEN***:***HIDDEN***@***HIDDEN***:4001/***HIDDEN******": dial tcp ***HIDDEN***:4001: connect: connection refused
: tried all peers unsuccessfully. here are the results:
   peer #0: http://***HIDDEN***:***HIDDEN***@***HIDDEN***:4001/***HIDDEN****** failed due to Post "http://***HIDDEN***:***HIDDEN***@***HIDDEN***:4001/***HIDDEN******": dial tcp ***HIDDEN***:4001: connect: connection refused
2023/11/20 17:04:33 error updating app status: failed to get current app status: failed to query: tried all peers unsuccessfully. here are the results:
   peer #0: http://***HIDDEN***:***HIDDEN***@***HIDDEN***:4001/***HIDDEN****** failed due to Post "http://***HIDDEN***:***HIDDEN***@***HIDDEN***:4001/***HIDDEN******": dial tcp ***HIDDEN***:4001: connect: connection refused
: tried all peers unsuccessfully. here are the results:
   peer #0: http://***HIDDEN***:***HIDDEN***@***HIDDEN***:4001/***HIDDEN****** failed due to Post "http://***HIDDEN***:***HIDDEN***@***HIDDEN***:4001/***HIDDEN******": dial tcp ***HIDDEN***:4001: connect: connection refused
