2023-11-21T14:29:30.740196Z	info	Istio iptables environment:
ENVOY_PORT=
INBOUND_CAPTURE_PORT=
ISTIO_INBOUND_INTERCEPTION_MODE=
ISTIO_INBOUND_TPROXY_ROUTE_TABLE=
ISTIO_INBOUND_PORTS=
ISTIO_OUTBOUND_PORTS=
ISTIO_LOCAL_EXCLUDE_PORTS=
ISTIO_EXCLUDE_INTERFACES=
ISTIO_SERVICE_CIDR=
ISTIO_SERVICE_EXCLUDE_CIDR=
ISTIO_META_DNS_CAPTURE=
INVALID_DROP=

2023-11-21T14:29:30.740229Z	info	Istio iptables variables:
PROXY_PORT=15001
PROXY_INBOUND_CAPTURE_PORT=15006
PROXY_TUNNEL_PORT=15008
PROXY_UID=1337
PROXY_GID=1337
INBOUND_INTERCEPTION_MODE=REDIRECT
INBOUND_TPROXY_MARK=1337
INBOUND_TPROXY_ROUTE_TABLE=133
INBOUND_PORTS_INCLUDE=*
INBOUND_PORTS_EXCLUDE=15090,15021,15020
OUTBOUND_OWNER_GROUPS_INCLUDE=*
OUTBOUND_OWNER_GROUPS_EXCLUDE=
OUTBOUND_IP_RANGES_INCLUDE=*
OUTBOUND_IP_RANGES_EXCLUDE=
OUTBOUND_PORTS_INCLUDE=
OUTBOUND_PORTS_EXCLUDE=
KUBE_VIRT_INTERFACES=
ENABLE_INBOUND_IPV6=false
DNS_CAPTURE=false
DROP_INVALID=false
CAPTURE_ALL_DNS=false
DNS_SERVERS=[],[]
NETWORK_NAMESPACE=
CNI_MODE=false
HOST_NSENTER_EXEC=false
EXCLUDE_INTERFACES=

2023-11-21T14:29:30.740277Z	info	Running iptables-restore with the following input:
* nat
-N ISTIO_INBOUND
-N ISTIO_REDIRECT
-N ISTIO_IN_REDIRECT
-N ISTIO_OUTPUT
-A ISTIO_INBOUND -p tcp --dport 15008 -j RETURN
-A ISTIO_REDIRECT -p tcp -j REDIRECT --to-ports 15001
-A ISTIO_IN_REDIRECT -p tcp -j REDIRECT --to-ports 15006
-A PREROUTING -p tcp -j ISTIO_INBOUND
-A ISTIO_INBOUND -p tcp --dport 15090 -j RETURN
-A ISTIO_INBOUND -p tcp --dport 15021 -j RETURN
-A ISTIO_INBOUND -p tcp --dport 15020 -j RETURN
-A ISTIO_INBOUND -p tcp -j ISTIO_IN_REDIRECT
-A OUTPUT -p tcp -j ISTIO_OUTPUT
-A ISTIO_OUTPUT -o lo -s ***HIDDEN***/32 -j RETURN
-A ISTIO_OUTPUT -o lo ! -d ***HIDDEN***/32 -p tcp ! --dport 15008 -m owner --uid-owner 1337 -j ISTIO_IN_REDIRECT
-A ISTIO_OUTPUT -o lo -m owner ! --uid-owner 1337 -j RETURN
-A ISTIO_OUTPUT -m owner --uid-owner 1337 -j RETURN
-A ISTIO_OUTPUT -o lo ! -d ***HIDDEN***/32 -p tcp ! --dport 15008 -m owner --gid-owner 1337 -j ISTIO_IN_REDIRECT
-A ISTIO_OUTPUT -o lo -m owner ! --gid-owner 1337 -j RETURN
-A ISTIO_OUTPUT -m owner --gid-owner 1337 -j RETURN
-A ISTIO_OUTPUT -d ***HIDDEN***/32 -j RETURN
-A ISTIO_OUTPUT -j ISTIO_REDIRECT
COMMIT
2023-11-21T14:29:30.740286Z	info	Running command: iptables-restore --noflush
2023-11-21T14:29:30.742671Z	info	Running ip6tables-restore with the following input:

2023-11-21T14:29:30.742682Z	info	Running command: ip6tables-restore --noflush
2023-11-21T14:29:30.743543Z	info	Running command: iptables-save 
2023-11-21T14:29:30.745159Z	info	Command output: 
# Generated by iptables-save v1.8.7 on Tue Nov 21 14:29:30 2023
*nat
:PREROUTING ACCEPT [0:0]
:INPUT ACCEPT [0:0]
:OUTPUT ACCEPT [0:0]
:POSTROUTING ACCEPT [0:0]
:ISTIO_INBOUND - [0:0]
:ISTIO_IN_REDIRECT - [0:0]
:ISTIO_OUTPUT - [0:0]
:ISTIO_REDIRECT - [0:0]
-A PREROUTING -p tcp -j ISTIO_INBOUND
-A OUTPUT -p tcp -j ISTIO_OUTPUT
-A ISTIO_INBOUND -p tcp -m tcp --dport 15008 -j RETURN
-A ISTIO_INBOUND -p tcp -m tcp --dport 15090 -j RETURN
-A ISTIO_INBOUND -p tcp -m tcp --dport 15021 -j RETURN
-A ISTIO_INBOUND -p tcp -m tcp --dport 15020 -j RETURN
-A ISTIO_INBOUND -p tcp -j ISTIO_IN_REDIRECT
-A ISTIO_IN_REDIRECT -p tcp -j REDIRECT --to-ports 15006
-A ISTIO_OUTPUT -s ***HIDDEN***/32 -o lo -j RETURN
-A ISTIO_OUTPUT ! -d ***HIDDEN***/32 -o lo -p tcp -m tcp ! --dport 15008 -m owner --uid-owner 1337 -j ISTIO_IN_REDIRECT
-A ISTIO_OUTPUT -o lo -m owner ! --uid-owner 1337 -j RETURN
-A ISTIO_OUTPUT -m owner --uid-owner 1337 -j RETURN
-A ISTIO_OUTPUT ! -d ***HIDDEN***/32 -o lo -p tcp -m tcp ! --dport 15008 -m owner --gid-owner 1337 -j ISTIO_IN_REDIRECT
-A ISTIO_OUTPUT -o lo -m owner ! --gid-owner 1337 -j RETURN
-A ISTIO_OUTPUT -m owner --gid-owner 1337 -j RETURN
-A ISTIO_OUTPUT -d ***HIDDEN***/32 -j RETURN
-A ISTIO_OUTPUT -j ISTIO_REDIRECT
-A ISTIO_REDIRECT -p tcp -j REDIRECT --to-ports 15001
COMMIT
# Completed on Tue Nov 21 14:29:30 2023

