{"type": "server", "timestamp": "2023-11-21T14:29:55,125Z", "level": "INFO", "component": "o.e.n.Node", "cluster.name": "elasticsearch", "node.name": "elasticsearch-master-0", "message": "version[7.10.2], pid[7], build[default/docker/747e1cc71def077253878a59143c1f785afa92b9/2021-01-13T00:42:12.435326Z], OS[Linux/6.2.0-1015-aws/amd64], JVM[AdoptOpenJDK/OpenJDK 64-Bit Server VM/15.0.1/15.0.1+9]" }
{"type": "server", "timestamp": "2023-11-21T14:29:55,151Z", "level": "INFO", "component": "o.e.n.Node", "cluster.name": "elasticsearch", "node.name": "elasticsearch-master-0", "message": "JVM home [/usr/share/elasticsearch/jdk], using bundled JDK [true]" }
{"type": "server", "timestamp": "2023-11-21T14:29:55,152Z", "level": "INFO", "component": "o.e.n.Node", "cluster.name": "elasticsearch", "node.name": "elasticsearch-master-0", "message": "JVM arguments [-Xshare:auto, -Des.networkaddress.cache.ttl=60, -Des.networkaddress.cache.negative.ttl=10, -XX:+AlwaysPreTouch, -Xss1m, -Djava.awt.headless=true, -Dfile.encoding=UTF-8, -Djna.nosys=true, -XX:-OmitStackTraceInFastThrow, -XX:+ShowCodeDetailsInExceptionMessages, -Dio.netty.noUnsafe=true, -Dio.netty.noKeySetOptimization=true, -Dio.netty.recycler.maxCapacityPerThread=0, -Dio.netty.allocator.numDirectArenas=0, -Dlog4j.shutdownHookEnabled=false, -Dlog4j2.disable.jmx=true, -Djava.locale.providers=SPI,COMPAT, -Xms1g, -Xmx1g, -XX:+UseG1GC, -XX:G1ReservePercent=25, -XX:InitiatingHeapOccupancyPercent=30, -Djava.io.tmpdir=/tmp/elasticsearch-5206590083216006788, -XX:+HeapDumpOnOutOfMemoryError, -XX:HeapDumpPath=data, -XX:ErrorFile=logs/hs_err_pid%p.log, -Xlog:gc*,gc+age=trace,safepoint:file=logs/gc.log:utctime,pid,tags:filecount=32,filesize=64m, -Des.cgroups.hierarchy.override=/, -Xmx1g, -Xms1g, -XX:MaxDirectMemorySize=536870912, -Des.path.home=/usr/share/elasticsearch, -Des.path.conf=/usr/share/elasticsearch/config, -Des.distribution.flavor=default, -Des.distribution.type=docker, -Des.bundled_jdk=true]" }
{"type": "server", "timestamp": "2023-11-21T14:29:57,911Z", "level": "INFO", "component": "o.e.p.PluginsService", "cluster.name": "elasticsearch", "node.name": "elasticsearch-master-0", "message": "loaded module [aggs-matrix-stats]" }
{"type": "server", "timestamp": "2023-11-21T14:29:57,912Z", "level": "INFO", "component": "o.e.p.PluginsService", "cluster.name": "elasticsearch", "node.name": "elasticsearch-master-0", "message": "loaded module [analysis-common]" }
{"type": "server", "timestamp": "2023-11-21T14:29:57,912Z", "level": "INFO", "component": "o.e.p.PluginsService", "cluster.name": "elasticsearch", "node.name": "elasticsearch-master-0", "message": "loaded module [constant-keyword]" }
{"type": "server", "timestamp": "2023-11-21T14:29:57,912Z", "level": "INFO", "component": "o.e.p.PluginsService", "cluster.name": "elasticsearch", "node.name": "elasticsearch-master-0", "message": "loaded module [flattened]" }
{"type": "server", "timestamp": "2023-11-21T14:29:57,912Z", "level": "INFO", "component": "o.e.p.PluginsService", "cluster.name": "elasticsearch", "node.name": "elasticsearch-master-0", "message": "loaded module [frozen-indices]" }
{"type": "server", "timestamp": "2023-11-21T14:29:57,912Z", "level": "INFO", "component": "o.e.p.PluginsService", "cluster.name": "elasticsearch", "node.name": "elasticsearch-master-0", "message": "loaded module [ingest-common]" }
{"type": "server", "timestamp": "2023-11-21T14:29:57,913Z", "level": "INFO", "component": "o.e.p.PluginsService", "cluster.name": "elasticsearch", "node.name": "elasticsearch-master-0", "message": "loaded module [ingest-geoip]" }
{"type": "server", "timestamp": "2023-11-21T14:29:57,913Z", "level": "INFO", "component": "o.e.p.PluginsService", "cluster.name": "elasticsearch", "node.name": "elasticsearch-master-0", "message": "loaded module [ingest-user-agent]" }
{"type": "server", "timestamp": "2023-11-21T14:29:57,913Z", "level": "INFO", "component": "o.e.p.PluginsService", "cluster.name": "elasticsearch", "node.name": "elasticsearch-master-0", "message": "loaded module [kibana]" }
{"type": "server", "timestamp": "2023-11-21T14:29:57,913Z", "level": "INFO", "component": "o.e.p.PluginsService", "cluster.name": "elasticsearch", "node.name": "elasticsearch-master-0", "message": "loaded module [lang-expression]" }
{"type": "server", "timestamp": "2023-11-21T14:29:57,913Z", "level": "INFO", "component": "o.e.p.PluginsService", "cluster.name": "elasticsearch", "node.name": "elasticsearch-master-0", "message": "loaded module [lang-mustache]" }
{"type": "server", "timestamp": "2023-11-21T14:29:57,913Z", "level": "INFO", "component": "o.e.p.PluginsService", "cluster.name": "elasticsearch", "node.name": "elasticsearch-master-0", "message": "loaded module [lang-painless]" }
{"type": "server", "timestamp": "2023-11-21T14:29:57,914Z", "level": "INFO", "component": "o.e.p.PluginsService", "cluster.name": "elasticsearch", "node.name": "elasticsearch-master-0", "message": "loaded module [mapper-extras]" }
{"type": "server", "timestamp": "2023-11-21T14:29:57,914Z", "level": "INFO", "component": "o.e.p.PluginsService", "cluster.name": "elasticsearch", "node.name": "elasticsearch-master-0", "message": "loaded module [mapper-version]" }
{"type": "server", "timestamp": "2023-11-21T14:29:57,914Z", "level": "INFO", "component": "o.e.p.PluginsService", "cluster.name": "elasticsearch", "node.name": "elasticsearch-master-0", "message": "loaded module [parent-join]" }
{"type": "server", "timestamp": "2023-11-21T14:29:57,914Z", "level": "INFO", "component": "o.e.p.PluginsService", "cluster.name": "elasticsearch", "node.name": "elasticsearch-master-0", "message": "loaded module [percolator]" }
{"type": "server", "timestamp": "2023-11-21T14:29:57,914Z", "level": "INFO", "component": "o.e.p.PluginsService", "cluster.name": "elasticsearch", "node.name": "elasticsearch-master-0", "message": "loaded module [rank-eval]" }
{"type": "server", "timestamp": "2023-11-21T14:29:57,914Z", "level": "INFO", "component": "o.e.p.PluginsService", "cluster.name": "elasticsearch", "node.name": "elasticsearch-master-0", "message": "loaded module [reindex]" }
{"type": "server", "timestamp": "2023-11-21T14:29:57,915Z", "level": "INFO", "component": "o.e.p.PluginsService", "cluster.name": "elasticsearch", "node.name": "elasticsearch-master-0", "message": "loaded module [repositories-metering-api]" }
{"type": "server", "timestamp": "2023-11-21T14:29:57,915Z", "level": "INFO", "component": "o.e.p.PluginsService", "cluster.name": "elasticsearch", "node.name": "elasticsearch-master-0", "message": "loaded module [repository-url]" }
{"type": "server", "timestamp": "2023-11-21T14:29:57,915Z", "level": "INFO", "component": "o.e.p.PluginsService", "cluster.name": "elasticsearch", "node.name": "elasticsearch-master-0", "message": "loaded module [search-business-rules]" }
{"type": "server", "timestamp": "2023-11-21T14:29:57,915Z", "level": "INFO", "component": "o.e.p.PluginsService", "cluster.name": "elasticsearch", "node.name": "elasticsearch-master-0", "message": "loaded module [searchable-snapshots]" }
{"type": "server", "timestamp": "2023-11-21T14:29:57,915Z", "level": "INFO", "component": "o.e.p.PluginsService", "cluster.name": "elasticsearch", "node.name": "elasticsearch-master-0", "message": "loaded module [spatial]" }
{"type": "server", "timestamp": "2023-11-21T14:29:57,915Z", "level": "INFO", "component": "o.e.p.PluginsService", "cluster.name": "elasticsearch", "node.name": "elasticsearch-master-0", "message": "loaded module [transform]" }
{"type": "server", "timestamp": "2023-11-21T14:29:57,916Z", "level": "INFO", "component": "o.e.p.PluginsService", "cluster.name": "elasticsearch", "node.name": "elasticsearch-master-0", "message": "loaded module [transport-netty4]" }
{"type": "server", "timestamp": "2023-11-21T14:29:57,916Z", "level": "INFO", "component": "o.e.p.PluginsService", "cluster.name": "elasticsearch", "node.name": "elasticsearch-master-0", "message": "loaded module [unsigned-long]" }
{"type": "server", "timestamp": "2023-11-21T14:29:57,916Z", "level": "INFO", "component": "o.e.p.PluginsService", "cluster.name": "elasticsearch", "node.name": "elasticsearch-master-0", "message": "loaded module [vectors]" }
{"type": "server", "timestamp": "2023-11-21T14:29:57,916Z", "level": "INFO", "component": "o.e.p.PluginsService", "cluster.name": "elasticsearch", "node.name": "elasticsearch-master-0", "message": "loaded module [wildcard]" }
{"type": "server", "timestamp": "2023-11-21T14:29:57,916Z", "level": "INFO", "component": "o.e.p.PluginsService", "cluster.name": "elasticsearch", "node.name": "elasticsearch-master-0", "message": "loaded module [x-pack-analytics]" }
{"type": "server", "timestamp": "2023-11-21T14:29:57,916Z", "level": "INFO", "component": "o.e.p.PluginsService", "cluster.name": "elasticsearch", "node.name": "elasticsearch-master-0", "message": "loaded module [x-pack-async]" }
{"type": "server", "timestamp": "2023-11-21T14:29:57,917Z", "level": "INFO", "component": "o.e.p.PluginsService", "cluster.name": "elasticsearch", "node.name": "elasticsearch-master-0", "message": "loaded module [x-pack-async-search]" }
{"type": "server", "timestamp": "2023-11-21T14:29:57,917Z", "level": "INFO", "component": "o.e.p.PluginsService", "cluster.name": "elasticsearch", "node.name": "elasticsearch-master-0", "message": "loaded module [x-pack-autoscaling]" }
{"type": "server", "timestamp": "2023-11-21T14:29:57,917Z", "level": "INFO", "component": "o.e.p.PluginsService", "cluster.name": "elasticsearch", "node.name": "elasticsearch-master-0", "message": "loaded module [x-pack-ccr]" }
{"type": "server", "timestamp": "2023-11-21T14:29:57,917Z", "level": "INFO", "component": "o.e.p.PluginsService", "cluster.name": "elasticsearch", "node.name": "elasticsearch-master-0", "message": "loaded module [x-pack-core]" }
{"type": "server", "timestamp": "2023-11-21T14:29:57,917Z", "level": "INFO", "component": "o.e.p.PluginsService", "cluster.name": "elasticsearch", "node.name": "elasticsearch-master-0", "message": "loaded module [x-pack-data-streams]" }
{"type": "server", "timestamp": "2023-11-21T14:29:57,917Z", "level": "INFO", "component": "o.e.p.PluginsService", "cluster.name": "elasticsearch", "node.name": "elasticsearch-master-0", "message": "loaded module [x-pack-deprecation]" }
{"type": "server", "timestamp": "2023-11-21T14:29:57,918Z", "level": "INFO", "component": "o.e.p.PluginsService", "cluster.name": "elasticsearch", "node.name": "elasticsearch-master-0", "message": "loaded module [x-pack-enrich]" }
{"type": "server", "timestamp": "2023-11-21T14:29:57,918Z", "level": "INFO", "component": "o.e.p.PluginsService", "cluster.name": "elasticsearch", "node.name": "elasticsearch-master-0", "message": "loaded module [x-pack-eql]" }
{"type": "server", "timestamp": "2023-11-21T14:29:57,918Z", "level": "INFO", "component": "o.e.p.PluginsService", "cluster.name": "elasticsearch", "node.name": "elasticsearch-master-0", "message": "loaded module [x-pack-graph]" }
{"type": "server", "timestamp": "2023-11-21T14:29:57,918Z", "level": "INFO", "component": "o.e.p.PluginsService", "cluster.name": "elasticsearch", "node.name": "elasticsearch-master-0", "message": "loaded module [x-pack-identity-provider]" }
{"type": "server", "timestamp": "2023-11-21T14:29:57,918Z", "level": "INFO", "component": "o.e.p.PluginsService", "cluster.name": "elasticsearch", "node.name": "elasticsearch-master-0", "message": "loaded module [x-pack-ilm]" }
{"type": "server", "timestamp": "2023-11-21T14:29:57,918Z", "level": "INFO", "component": "o.e.p.PluginsService", "cluster.name": "elasticsearch", "node.name": "elasticsearch-master-0", "message": "loaded module [x-pack-logstash]" }
{"type": "server", "timestamp": "2023-11-21T14:29:57,919Z", "level": "INFO", "component": "o.e.p.PluginsService", "cluster.name": "elasticsearch", "node.name": "elasticsearch-master-0", "message": "loaded module [x-pack-ml]" }
{"type": "server", "timestamp": "2023-11-21T14:29:57,919Z", "level": "INFO", "component": "o.e.p.PluginsService", "cluster.name": "elasticsearch", "node.name": "elasticsearch-master-0", "message": "loaded module [x-pack-monitoring]" }
{"type": "server", "timestamp": "2023-11-21T14:29:57,919Z", "level": "INFO", "component": "o.e.p.PluginsService", "cluster.name": "elasticsearch", "node.name": "elasticsearch-master-0", "message": "loaded module [x-pack-ql]" }
{"type": "server", "timestamp": "2023-11-21T14:29:57,919Z", "level": "INFO", "component": "o.e.p.PluginsService", "cluster.name": "elasticsearch", "node.name": "elasticsearch-master-0", "message": "loaded module [x-pack-rollup]" }
{"type": "server", "timestamp": "2023-11-21T14:29:57,919Z", "level": "INFO", "component": "o.e.p.PluginsService", "cluster.name": "elasticsearch", "node.name": "elasticsearch-master-0", "message": "loaded module [x-pack-security]" }
{"type": "server", "timestamp": "2023-11-21T14:29:57,919Z", "level": "INFO", "component": "o.e.p.PluginsService", "cluster.name": "elasticsearch", "node.name": "elasticsearch-master-0", "message": "loaded module [x-pack-sql]" }
{"type": "server", "timestamp": "2023-11-21T14:29:57,920Z", "level": "INFO", "component": "o.e.p.PluginsService", "cluster.name": "elasticsearch", "node.name": "elasticsearch-master-0", "message": "loaded module [x-pack-stack]" }
{"type": "server", "timestamp": "2023-11-21T14:29:57,920Z", "level": "INFO", "component": "o.e.p.PluginsService", "cluster.name": "elasticsearch", "node.name": "elasticsearch-master-0", "message": "loaded module [x-pack-voting-only-node]" }
{"type": "server", "timestamp": "2023-11-21T14:29:57,920Z", "level": "INFO", "component": "o.e.p.PluginsService", "cluster.name": "elasticsearch", "node.name": "elasticsearch-master-0", "message": "loaded module [x-pack-watcher]" }
{"type": "server", "timestamp": "2023-11-21T14:29:57,921Z", "level": "INFO", "component": "o.e.p.PluginsService", "cluster.name": "elasticsearch", "node.name": "elasticsearch-master-0", "message": "no plugins loaded" }
{"type": "deprecation", "timestamp": "2023-11-21T14:29:57,959Z", "level": "DEPRECATION", "component": "o.e.d.c.s.Settings", "cluster.name": "elasticsearch", "node.name": "elasticsearch-master-0", "message": "[node.data] setting was deprecated in Elasticsearch and will be removed in a future release! See the breaking changes documentation for the next major version." }
{"type": "server", "timestamp": "2023-11-21T14:29:57,975Z", "level": "INFO", "component": "o.e.e.NodeEnvironment", "cluster.name": "elasticsearch", "node.name": "elasticsearch-master-0", "message": "using [1] data paths, mounts [[/usr/share/elasticsearch/data (/dev/root)]], net usable_space [439.8gb], net total_space [484.4gb], types [ext4]" }
{"type": "server", "timestamp": "2023-11-21T14:29:57,975Z", "level": "INFO", "component": "o.e.e.NodeEnvironment", "cluster.name": "elasticsearch", "node.name": "elasticsearch-master-0", "message": "heap size [1gb], compressed ordinary object pointers [true]" }
{"type": "deprecation", "timestamp": "2023-11-21T14:29:57,983Z", "level": "DEPRECATION", "component": "o.e.d.c.s.Settings", "cluster.name": "elasticsearch", "node.name": "elasticsearch-master-0", "message": "[node.master] setting was deprecated in Elasticsearch and will be removed in a future release! See the breaking changes documentation for the next major version." }
{"type": "deprecation", "timestamp": "2023-11-21T14:29:57,986Z", "level": "DEPRECATION", "component": "o.e.d.c.s.Settings", "cluster.name": "elasticsearch", "node.name": "elasticsearch-master-0", "message": "[node.remote_cluster_client] setting was deprecated in Elasticsearch and will be removed in a future release! See the breaking changes documentation for the next major version." }
{"type": "deprecation", "timestamp": "2023-11-21T14:29:57,987Z", "level": "DEPRECATION", "component": "o.e.d.c.s.Settings", "cluster.name": "elasticsearch", "node.name": "elasticsearch-master-0", "message": "[node.ingest] setting was deprecated in Elasticsearch and will be removed in a future release! See the breaking changes documentation for the next major version." }
{"type": "server", "timestamp": "2023-11-21T14:29:58,107Z", "level": "INFO", "component": "o.e.n.Node", "cluster.name": "elasticsearch", "node.name": "elasticsearch-master-0", "message": "node name [elasticsearch-master-0], node ID [vT-S9W8TT4aemPBdK8fm2Q], cluster name [elasticsearch], roles [transform, master, remote_cluster_client, data, ml, data_content, data_hot, data_warm, data_cold, ingest]" }
{"type": "server", "timestamp": "2023-11-21T14:30:01,770Z", "level": "INFO", "component": "o.e.x.m.p.l.CppLogMessageHandler", "cluster.name": "elasticsearch", "node.name": "elasticsearch-master-0", "message": "[controller/220] [Main.cc@114] controller (64 bit): Version 7.10.2 (Build 40a3af639d4698) Copyright (c) 2021 Elasticsearch BV" }
{"type": "server", "timestamp": "2023-11-21T14:30:02,328Z", "level": "INFO", "component": "o.e.x.s.a.s.FileRolesStore", "cluster.name": "elasticsearch", "node.name": "elasticsearch-master-0", "message": "parsed [0] roles from file [/usr/share/elasticsearch/config/roles.yml]" }
{"type": "server", "timestamp": "2023-11-21T14:30:03,488Z", "level": "INFO", "component": "o.e.t.NettyAllocator", "cluster.name": "elasticsearch", "node.name": "elasticsearch-master-0", "message": "creating NettyAllocator with the following configs: [name=unpooled, suggested_max_allocation_size=256kb, factors={es.unsafe.use_unpooled_allocator=null, g1gc_enabled=true, g1gc_region_size=1mb, heap_size=1gb}]" }
{"type": "server", "timestamp": "2023-11-21T14:30:03,546Z", "level": "INFO", "component": "o.e.d.DiscoveryModule", "cluster.name": "elasticsearch", "node.name": "elasticsearch-master-0", "message": "using discovery type [zen] and seed hosts providers [settings]" }
{"type": "server", "timestamp": "2023-11-21T14:30:04,078Z", "level": "WARN", "component": "o.e.g.DanglingIndicesState", "cluster.name": "elasticsearch", "node.name": "elasticsearch-master-0", "message": "gateway.auto_import_dangling_indices is disabled, dangling indices will not be automatically detected or imported and must be managed manually" }
{"type": "server", "timestamp": "2023-11-21T14:30:04,432Z", "level": "INFO", "component": "o.e.n.Node", "cluster.name": "elasticsearch", "node.name": "elasticsearch-master-0", "message": "initialized" }
{"type": "server", "timestamp": "2023-11-21T14:30:04,433Z", "level": "INFO", "component": "o.e.n.Node", "cluster.name": "elasticsearch", "node.name": "elasticsearch-master-0", "message": "starting ..." }
{"type": "server", "timestamp": "2023-11-21T14:30:04,565Z", "level": "INFO", "component": "o.e.t.TransportService", "cluster.name": "elasticsearch", "node.name": "elasticsearch-master-0", "message": "publish_address {***HIDDEN***:9300}, bound_addresses {[::]:9300}" }
{"type": "server", "timestamp": "2023-11-21T14:30:04,889Z", "level": "INFO", "component": "o.e.b.BootstrapChecks", "cluster.name": "elasticsearch", "node.name": "elasticsearch-master-0", "message": "bound or publishing to a non-loopback address, enforcing bootstrap checks" }
{"type": "server", "timestamp": "2023-11-21T14:30:04,921Z", "level": "INFO", "component": "o.e.c.c.Coordinator", "cluster.name": "elasticsearch", "node.name": "elasticsearch-master-0", "message": "cluster UUID [6pyM7SpxRDWijhzRAtwDyA]" }
{"type": "server", "timestamp": "2023-11-21T14:30:04,938Z", "level": "WARN", "component": "o.e.d.SeedHostsResolver", "cluster.name": "elasticsearch", "node.name": "elasticsearch-master-0", "message": "failed to resolve host [elasticsearch-master-headless]", 
"stacktrace": ["java.net.UnknownHostException: elasticsearch-master-headless: Name or service not known",
"at java.net.Inet6AddressImpl.lookupAllHostAddr(Native Method) ~[?:?]",
"at java.net.InetAddress$PlatformNameService.lookupAllHostAddr(InetAddress.java:932) ~[?:?]",
"at java.net.InetAddress.getAddressesFromNameService(InetAddress.java:1517) ~[?:?]",
"at java.net.InetAddress$NameServiceAddresses.get(InetAddress.java:851) ~[?:?]",
"at java.net.InetAddress.getAllByName0(InetAddress.java:1507) ~[?:?]",
"at java.net.InetAddress.getAllByName(InetAddress.java:1366) ~[?:?]",
"at java.net.InetAddress.getAllByName(InetAddress.java:1300) ~[?:?]",
"at org.elasticsearch.transport.TcpTransport.parse(TcpTransport.java:556) ~[elasticsearch-7.10.2.jar:7.10.2]",
"at org.elasticsearch.transport.TcpTransport.addressesFromString(TcpTransport.java:498) ~[elasticsearch-7.10.2.jar:7.10.2]",
"at org.elasticsearch.transport.TransportService.addressesFromString(TransportService.java:864) ~[elasticsearch-7.10.2.jar:7.10.2]",
"at org.elasticsearch.discovery.SeedHostsResolver.lambda$resolveHostsLists$0(SeedHostsResolver.java:144) ~[elasticsearch-7.10.2.jar:7.10.2]",
"at java.util.concurrent.FutureTask.run(FutureTask.java:264) ~[?:?]",
"at org.elasticsearch.common.util.concurrent.ThreadContext$ContextPreservingRunnable.run(ThreadContext.java:684) ~[elasticsearch-7.10.2.jar:7.10.2]",
"at java.util.concurrent.ThreadPoolExecutor.runWorker(ThreadPoolExecutor.java:1130) [?:?]",
"at java.util.concurrent.ThreadPoolExecutor$Worker.run(ThreadPoolExecutor.java:630) [?:?]",
"at java.lang.Thread.run(Thread.java:832) [?:?]"] }
{"type": "server", "timestamp": "2023-11-21T14:30:05,020Z", "level": "INFO", "component": "o.e.c.s.MasterService", "cluster.name": "elasticsearch", "node.name": "elasticsearch-master-0", "message": "elected-as-master ([1] nodes joined)[{elasticsearch-master-0}{vT-S9W8TT4aemPBdK8fm2Q}{uhxVbPIcSrKxhRTAzUFTsQ}{***HIDDEN***}{***HIDDEN***:9300}{cdhilmrstw}{ml.machine_memory=2147483648, xpack.installed=true, transform.node=true, ml.max_open_jobs=20} elect leader, _BECOME_MASTER_TASK_, _FINISH_ELECTION_], term: 5, version: 2411, delta: master node changed {previous [], current [{elasticsearch-master-0}{vT-S9W8TT4aemPBdK8fm2Q}{uhxVbPIcSrKxhRTAzUFTsQ}{***HIDDEN***}{***HIDDEN***:9300}{cdhilmrstw}{ml.machine_memory=2147483648, xpack.installed=true, transform.node=true, ml.max_open_jobs=20}]}" }
{"type": "server", "timestamp": "2023-11-21T14:30:05,100Z", "level": "INFO", "component": "o.e.c.s.ClusterApplierService", "cluster.name": "elasticsearch", "node.name": "elasticsearch-master-0", "message": "master node changed {previous [], current [{elasticsearch-master-0}{vT-S9W8TT4aemPBdK8fm2Q}{uhxVbPIcSrKxhRTAzUFTsQ}{***HIDDEN***}{***HIDDEN***:9300}{cdhilmrstw}{ml.machine_memory=2147483648, xpack.installed=true, transform.node=true, ml.max_open_jobs=20}]}, term: 5, version: 2411, reason: Publication{term=5, version=2411}" }
{"type": "server", "timestamp": "2023-11-21T14:30:05,133Z", "level": "INFO", "component": "o.e.h.AbstractHttpServerTransport", "cluster.name": "elasticsearch", "node.name": "elasticsearch-master-0", "message": "publish_address {***HIDDEN***:9200}, bound_addresses {[::]:9200}", "cluster.uuid": "6pyM7SpxRDWijhzRAtwDyA", "node.id": "vT-S9W8TT4aemPBdK8fm2Q"  }
{"type": "server", "timestamp": "2023-11-21T14:30:05,134Z", "level": "INFO", "component": "o.e.n.Node", "cluster.name": "elasticsearch", "node.name": "elasticsearch-master-0", "message": "started", "cluster.uuid": "6pyM7SpxRDWijhzRAtwDyA", "node.id": "vT-S9W8TT4aemPBdK8fm2Q"  }
{"type": "server", "timestamp": "2023-11-21T14:30:05,408Z", "level": "INFO", "component": "o.e.l.LicenseService", "cluster.name": "elasticsearch", "node.name": "elasticsearch-master-0", "message": "license [de4a63c4-821f-40d9-aa00-c3830fdda95f] mode [basic] - valid", "cluster.uuid": "6pyM7SpxRDWijhzRAtwDyA", "node.id": "vT-S9W8TT4aemPBdK8fm2Q"  }
{"type": "server", "timestamp": "2023-11-21T14:30:05,409Z", "level": "INFO", "component": "o.e.x.s.s.SecurityStatusChangeListener", "cluster.name": "elasticsearch", "node.name": "elasticsearch-master-0", "message": "Active license is now [BASIC]; Security is disabled", "cluster.uuid": "6pyM7SpxRDWijhzRAtwDyA", "node.id": "vT-S9W8TT4aemPBdK8fm2Q"  }
{"type": "server", "timestamp": "2023-11-21T14:30:05,412Z", "level": "INFO", "component": "o.e.g.GatewayService", "cluster.name": "elasticsearch", "node.name": "elasticsearch-master-0", "message": "recovered [12] indices into cluster_state", "cluster.uuid": "6pyM7SpxRDWijhzRAtwDyA", "node.id": "vT-S9W8TT4aemPBdK8fm2Q"  }
{"type": "server", "timestamp": "2023-11-21T14:30:05,621Z", "level": "WARN", "component": "o.e.c.m.MetadataIndexTemplateService", "cluster.name": "elasticsearch", "node.name": "elasticsearch-master-0", "message": "legacy template [default] has index patterns [*] matching patterns from existing composable templates [ilm-history,.triggered_watches,.slm-history,synthetics,metrics,.watch-history-12,.watches,logs] with patterns (ilm-history => [ilm-history-3*],.triggered_watches => [.triggered_watches*],.slm-history => [.slm-history-3*],synthetics => [synthetics-*-*],metrics => [metrics-*-*],.watch-history-12 => [.watcher-history-12*],.watches => [.watches*],logs => [logs-*-*]); this template [default] may be ignored in favor of a composable template at index creation time", "cluster.uuid": "6pyM7SpxRDWijhzRAtwDyA", "node.id": "vT-S9W8TT4aemPBdK8fm2Q"  }
{"type": "server", "timestamp": "2023-11-21T14:30:05,621Z", "level": "INFO", "component": "o.e.c.m.MetadataIndexTemplateService", "cluster.name": "elasticsearch", "node.name": "elasticsearch-master-0", "message": "adding template [default] for index patterns [*]", "cluster.uuid": "6pyM7SpxRDWijhzRAtwDyA", "node.id": "vT-S9W8TT4aemPBdK8fm2Q"  }
{"type": "server", "timestamp": "2023-11-21T14:30:06,592Z", "level": "INFO", "component": "o.e.c.r.a.AllocationService", "cluster.name": "elasticsearch", "node.name": "elasticsearch-master-0", "message": "Cluster health status changed from [RED] to [GREEN] (reason: [shards started [[components_current_state1699882069095][0]]]).", "cluster.uuid": "6pyM7SpxRDWijhzRAtwDyA", "node.id": "vT-S9W8TT4aemPBdK8fm2Q"  }
{"type": "server", "timestamp": "2023-11-21T14:41:27,316Z", "level": "INFO", "component": "o.e.c.m.MetadataCreateIndexService", "cluster.name": "elasticsearch", "node.name": "elasticsearch-master-0", "message": "[tags1700577687073] creating index, cause [api], templates [default], shards [1]/[0]", "cluster.uuid": "6pyM7SpxRDWijhzRAtwDyA", "node.id": "vT-S9W8TT4aemPBdK8fm2Q"  }
{"type": "server", "timestamp": "2023-11-21T14:41:27,366Z", "level": "INFO", "component": "o.e.c.m.MetadataCreateIndexService", "cluster.name": "elasticsearch", "node.name": "elasticsearch-master-0", "message": "[external_groups1700577687073] creating index, cause [api], templates [default], shards [1]/[0]", "cluster.uuid": "6pyM7SpxRDWijhzRAtwDyA", "node.id": "vT-S9W8TT4aemPBdK8fm2Q"  }
{"type": "server", "timestamp": "2023-11-21T14:41:27,458Z", "level": "INFO", "component": "o.e.c.r.a.AllocationService", "cluster.name": "elasticsearch", "node.name": "elasticsearch-master-0", "message": "Cluster health status changed from [YELLOW] to [GREEN] (reason: [shards started [[external_groups1700577687073][0]]]).", "cluster.uuid": "6pyM7SpxRDWijhzRAtwDyA", "node.id": "vT-S9W8TT4aemPBdK8fm2Q"  }
{"type": "server", "timestamp": "2023-11-21T14:41:28,173Z", "level": "INFO", "component": "o.e.c.m.MetadataDeleteIndexService", "cluster.name": "elasticsearch", "node.name": "elasticsearch-master-0", "message": "[external_groups1700499457000/wwIHCWKwQwubfObMb8DjNg] deleting index", "cluster.uuid": "6pyM7SpxRDWijhzRAtwDyA", "node.id": "vT-S9W8TT4aemPBdK8fm2Q"  }
{"type": "server", "timestamp": "2023-11-21T14:41:28,676Z", "level": "INFO", "component": "o.e.c.m.MetadataDeleteIndexService", "cluster.name": "elasticsearch", "node.name": "elasticsearch-master-0", "message": "[tags1700499457000/PyBEE8imQR2MYK8o2oZe2Q] deleting index", "cluster.uuid": "6pyM7SpxRDWijhzRAtwDyA", "node.id": "vT-S9W8TT4aemPBdK8fm2Q"  }
{"type": "server", "timestamp": "2023-11-21T14:51:27,011Z", "level": "INFO", "component": "o.e.c.m.MetadataCreateIndexService", "cluster.name": "elasticsearch", "node.name": "elasticsearch-master-0", "message": "[tags1700578287000] creating index, cause [api], templates [default], shards [1]/[0]", "cluster.uuid": "6pyM7SpxRDWijhzRAtwDyA", "node.id": "vT-S9W8TT4aemPBdK8fm2Q"  }
{"type": "server", "timestamp": "2023-11-21T14:51:27,054Z", "level": "INFO", "component": "o.e.c.m.MetadataCreateIndexService", "cluster.name": "elasticsearch", "node.name": "elasticsearch-master-0", "message": "[external_groups1700578287000] creating index, cause [api], templates [default], shards [1]/[0]", "cluster.uuid": "6pyM7SpxRDWijhzRAtwDyA", "node.id": "vT-S9W8TT4aemPBdK8fm2Q"  }
{"type": "server", "timestamp": "2023-11-21T14:51:27,125Z", "level": "INFO", "component": "o.e.c.r.a.AllocationService", "cluster.name": "elasticsearch", "node.name": "elasticsearch-master-0", "message": "Cluster health status changed from [YELLOW] to [GREEN] (reason: [shards started [[external_groups1700578287000][0]]]).", "cluster.uuid": "6pyM7SpxRDWijhzRAtwDyA", "node.id": "vT-S9W8TT4aemPBdK8fm2Q"  }
{"type": "server", "timestamp": "2023-11-21T14:51:27,235Z", "level": "INFO", "component": "o.e.c.m.MetadataDeleteIndexService", "cluster.name": "elasticsearch", "node.name": "elasticsearch-master-0", "message": "[external_groups1700577687073/9C55L50ARS644RUT01ASzQ] deleting index", "cluster.uuid": "6pyM7SpxRDWijhzRAtwDyA", "node.id": "vT-S9W8TT4aemPBdK8fm2Q"  }
{"type": "server", "timestamp": "2023-11-21T14:51:27,446Z", "level": "INFO", "component": "o.e.c.m.MetadataDeleteIndexService", "cluster.name": "elasticsearch", "node.name": "elasticsearch-master-0", "message": "[tags1700577687073/F8Bzg6RVQjy6mIaCMgW1eQ] deleting index", "cluster.uuid": "6pyM7SpxRDWijhzRAtwDyA", "node.id": "vT-S9W8TT4aemPBdK8fm2Q"  }
{"type": "server", "timestamp": "2023-11-21T15:01:27,010Z", "level": "INFO", "component": "o.e.c.m.MetadataCreateIndexService", "cluster.name": "elasticsearch", "node.name": "elasticsearch-master-0", "message": "[external_groups1700578887000] creating index, cause [api], templates [default], shards [1]/[0]", "cluster.uuid": "6pyM7SpxRDWijhzRAtwDyA", "node.id": "vT-S9W8TT4aemPBdK8fm2Q"  }
{"type": "server", "timestamp": "2023-11-21T15:01:27,048Z", "level": "INFO", "component": "o.e.c.m.MetadataCreateIndexService", "cluster.name": "elasticsearch", "node.name": "elasticsearch-master-0", "message": "[tags1700578887000] creating index, cause [api], templates [default], shards [1]/[0]", "cluster.uuid": "6pyM7SpxRDWijhzRAtwDyA", "node.id": "vT-S9W8TT4aemPBdK8fm2Q"  }
{"type": "server", "timestamp": "2023-11-21T15:01:27,121Z", "level": "INFO", "component": "o.e.c.r.a.AllocationService", "cluster.name": "elasticsearch", "node.name": "elasticsearch-master-0", "message": "Cluster health status changed from [YELLOW] to [GREEN] (reason: [shards started [[tags1700578887000][0]]]).", "cluster.uuid": "6pyM7SpxRDWijhzRAtwDyA", "node.id": "vT-S9W8TT4aemPBdK8fm2Q"  }
{"type": "server", "timestamp": "2023-11-21T15:01:27,174Z", "level": "INFO", "component": "o.e.c.m.MetadataDeleteIndexService", "cluster.name": "elasticsearch", "node.name": "elasticsearch-master-0", "message": "[external_groups1700578287000/OIQoZQ_KTaWZx1pChoOKhQ] deleting index", "cluster.uuid": "6pyM7SpxRDWijhzRAtwDyA", "node.id": "vT-S9W8TT4aemPBdK8fm2Q"  }
{"type": "server", "timestamp": "2023-11-21T15:01:27,348Z", "level": "INFO", "component": "o.e.c.m.MetadataDeleteIndexService", "cluster.name": "elasticsearch", "node.name": "elasticsearch-master-0", "message": "[tags1700578287000/Ro8JUCE2Q0ewujas7LgIbQ] deleting index", "cluster.uuid": "6pyM7SpxRDWijhzRAtwDyA", "node.id": "vT-S9W8TT4aemPBdK8fm2Q"  }
{"type": "server", "timestamp": "2023-11-21T15:11:27,009Z", "level": "INFO", "component": "o.e.c.m.MetadataCreateIndexService", "cluster.name": "elasticsearch", "node.name": "elasticsearch-master-0", "message": "[external_groups1700579487000] creating index, cause [api], templates [default], shards [1]/[0]", "cluster.uuid": "6pyM7SpxRDWijhzRAtwDyA", "node.id": "vT-S9W8TT4aemPBdK8fm2Q"  }
{"type": "server", "timestamp": "2023-11-21T15:11:27,050Z", "level": "INFO", "component": "o.e.c.m.MetadataCreateIndexService", "cluster.name": "elasticsearch", "node.name": "elasticsearch-master-0", "message": "[tags1700579487000] creating index, cause [api], templates [default], shards [1]/[0]", "cluster.uuid": "6pyM7SpxRDWijhzRAtwDyA", "node.id": "vT-S9W8TT4aemPBdK8fm2Q"  }
{"type": "server", "timestamp": "2023-11-21T15:11:27,126Z", "level": "INFO", "component": "o.e.c.r.a.AllocationService", "cluster.name": "elasticsearch", "node.name": "elasticsearch-master-0", "message": "Cluster health status changed from [YELLOW] to [GREEN] (reason: [shards started [[tags1700579487000][0]]]).", "cluster.uuid": "6pyM7SpxRDWijhzRAtwDyA", "node.id": "vT-S9W8TT4aemPBdK8fm2Q"  }
{"type": "server", "timestamp": "2023-11-21T15:11:27,177Z", "level": "INFO", "component": "o.e.c.m.MetadataDeleteIndexService", "cluster.name": "elasticsearch", "node.name": "elasticsearch-master-0", "message": "[external_groups1700578887000/3C2cd2enQdyHv7Ei816alw] deleting index", "cluster.uuid": "6pyM7SpxRDWijhzRAtwDyA", "node.id": "vT-S9W8TT4aemPBdK8fm2Q"  }
{"type": "server", "timestamp": "2023-11-21T15:11:27,320Z", "level": "INFO", "component": "o.e.c.m.MetadataDeleteIndexService", "cluster.name": "elasticsearch", "node.name": "elasticsearch-master-0", "message": "[tags1700578887000/9u_fZTLyS-a1BpDjh8QGtA] deleting index", "cluster.uuid": "6pyM7SpxRDWijhzRAtwDyA", "node.id": "vT-S9W8TT4aemPBdK8fm2Q"  }
{"type": "server", "timestamp": "2023-11-21T15:21:27,008Z", "level": "INFO", "component": "o.e.c.m.MetadataCreateIndexService", "cluster.name": "elasticsearch", "node.name": "elasticsearch-master-0", "message": "[external_groups1700580087000] creating index, cause [api], templates [default], shards [1]/[0]", "cluster.uuid": "6pyM7SpxRDWijhzRAtwDyA", "node.id": "vT-S9W8TT4aemPBdK8fm2Q"  }
{"type": "server", "timestamp": "2023-11-21T15:21:27,048Z", "level": "INFO", "component": "o.e.c.m.MetadataCreateIndexService", "cluster.name": "elasticsearch", "node.name": "elasticsearch-master-0", "message": "[tags1700580087000] creating index, cause [api], templates [default], shards [1]/[0]", "cluster.uuid": "6pyM7SpxRDWijhzRAtwDyA", "node.id": "vT-S9W8TT4aemPBdK8fm2Q"  }
{"type": "server", "timestamp": "2023-11-21T15:21:27,122Z", "level": "INFO", "component": "o.e.c.r.a.AllocationService", "cluster.name": "elasticsearch", "node.name": "elasticsearch-master-0", "message": "Cluster health status changed from [YELLOW] to [GREEN] (reason: [shards started [[tags1700580087000][0]]]).", "cluster.uuid": "6pyM7SpxRDWijhzRAtwDyA", "node.id": "vT-S9W8TT4aemPBdK8fm2Q"  }
{"type": "server", "timestamp": "2023-11-21T15:21:27,171Z", "level": "INFO", "component": "o.e.c.m.MetadataDeleteIndexService", "cluster.name": "elasticsearch", "node.name": "elasticsearch-master-0", "message": "[external_groups1700579487000/py_yg8VBQLGjAZDmhw-FXQ] deleting index", "cluster.uuid": "6pyM7SpxRDWijhzRAtwDyA", "node.id": "vT-S9W8TT4aemPBdK8fm2Q"  }
{"type": "server", "timestamp": "2023-11-21T15:21:27,311Z", "level": "INFO", "component": "o.e.c.m.MetadataDeleteIndexService", "cluster.name": "elasticsearch", "node.name": "elasticsearch-master-0", "message": "[tags1700579487000/o3dHffVZTi2-1Y5he3z87Q] deleting index", "cluster.uuid": "6pyM7SpxRDWijhzRAtwDyA", "node.id": "vT-S9W8TT4aemPBdK8fm2Q"  }
{"type": "server", "timestamp": "2023-11-21T15:31:27,009Z", "level": "INFO", "component": "o.e.c.m.MetadataCreateIndexService", "cluster.name": "elasticsearch", "node.name": "elasticsearch-master-0", "message": "[external_groups1700580687000] creating index, cause [api], templates [default], shards [1]/[0]", "cluster.uuid": "6pyM7SpxRDWijhzRAtwDyA", "node.id": "vT-S9W8TT4aemPBdK8fm2Q"  }
{"type": "server", "timestamp": "2023-11-21T15:31:27,047Z", "level": "INFO", "component": "o.e.c.m.MetadataCreateIndexService", "cluster.name": "elasticsearch", "node.name": "elasticsearch-master-0", "message": "[tags1700580687000] creating index, cause [api], templates [default], shards [1]/[0]", "cluster.uuid": "6pyM7SpxRDWijhzRAtwDyA", "node.id": "vT-S9W8TT4aemPBdK8fm2Q"  }
{"type": "server", "timestamp": "2023-11-21T15:31:27,134Z", "level": "INFO", "component": "o.e.c.r.a.AllocationService", "cluster.name": "elasticsearch", "node.name": "elasticsearch-master-0", "message": "Cluster health status changed from [YELLOW] to [GREEN] (reason: [shards started [[tags1700580687000][0]]]).", "cluster.uuid": "6pyM7SpxRDWijhzRAtwDyA", "node.id": "vT-S9W8TT4aemPBdK8fm2Q"  }
{"type": "server", "timestamp": "2023-11-21T15:31:27,172Z", "level": "INFO", "component": "o.e.c.m.MetadataDeleteIndexService", "cluster.name": "elasticsearch", "node.name": "elasticsearch-master-0", "message": "[external_groups1700580087000/cx0aeQaLSaGKmwrqGiEOdQ] deleting index", "cluster.uuid": "6pyM7SpxRDWijhzRAtwDyA", "node.id": "vT-S9W8TT4aemPBdK8fm2Q"  }
{"type": "server", "timestamp": "2023-11-21T15:31:27,358Z", "level": "INFO", "component": "o.e.c.m.MetadataDeleteIndexService", "cluster.name": "elasticsearch", "node.name": "elasticsearch-master-0", "message": "[tags1700580087000/7oWwkxYiTKOF5QEKr3zHjg] deleting index", "cluster.uuid": "6pyM7SpxRDWijhzRAtwDyA", "node.id": "vT-S9W8TT4aemPBdK8fm2Q"  }
{"type": "server", "timestamp": "2023-11-21T15:41:27,008Z", "level": "INFO", "component": "o.e.c.m.MetadataCreateIndexService", "cluster.name": "elasticsearch", "node.name": "elasticsearch-master-0", "message": "[external_groups1700581287000] creating index, cause [api], templates [default], shards [1]/[0]", "cluster.uuid": "6pyM7SpxRDWijhzRAtwDyA", "node.id": "vT-S9W8TT4aemPBdK8fm2Q"  }
{"type": "server", "timestamp": "2023-11-21T15:41:27,047Z", "level": "INFO", "component": "o.e.c.m.MetadataCreateIndexService", "cluster.name": "elasticsearch", "node.name": "elasticsearch-master-0", "message": "[tags1700581287000] creating index, cause [api], templates [default], shards [1]/[0]", "cluster.uuid": "6pyM7SpxRDWijhzRAtwDyA", "node.id": "vT-S9W8TT4aemPBdK8fm2Q"  }
{"type": "server", "timestamp": "2023-11-21T15:41:27,121Z", "level": "INFO", "component": "o.e.c.r.a.AllocationService", "cluster.name": "elasticsearch", "node.name": "elasticsearch-master-0", "message": "Cluster health status changed from [YELLOW] to [GREEN] (reason: [shards started [[tags1700581287000][0]]]).", "cluster.uuid": "6pyM7SpxRDWijhzRAtwDyA", "node.id": "vT-S9W8TT4aemPBdK8fm2Q"  }
{"type": "server", "timestamp": "2023-11-21T15:41:27,162Z", "level": "INFO", "component": "o.e.c.m.MetadataDeleteIndexService", "cluster.name": "elasticsearch", "node.name": "elasticsearch-master-0", "message": "[external_groups1700580687000/5BrYCZ7_R1igTGq9e2t4iQ] deleting index", "cluster.uuid": "6pyM7SpxRDWijhzRAtwDyA", "node.id": "vT-S9W8TT4aemPBdK8fm2Q"  }
{"type": "server", "timestamp": "2023-11-21T15:41:27,286Z", "level": "INFO", "component": "o.e.c.m.MetadataDeleteIndexService", "cluster.name": "elasticsearch", "node.name": "elasticsearch-master-0", "message": "[tags1700580687000/1VtWZ6a8Q7y4hxoiXCCRDw] deleting index", "cluster.uuid": "6pyM7SpxRDWijhzRAtwDyA", "node.id": "vT-S9W8TT4aemPBdK8fm2Q"  }
{"type": "server", "timestamp": "2023-11-21T15:51:27,008Z", "level": "INFO", "component": "o.e.c.m.MetadataCreateIndexService", "cluster.name": "elasticsearch", "node.name": "elasticsearch-master-0", "message": "[external_groups1700581887000] creating index, cause [api], templates [default], shards [1]/[0]", "cluster.uuid": "6pyM7SpxRDWijhzRAtwDyA", "node.id": "vT-S9W8TT4aemPBdK8fm2Q"  }
{"type": "server", "timestamp": "2023-11-21T15:51:27,050Z", "level": "INFO", "component": "o.e.c.m.MetadataCreateIndexService", "cluster.name": "elasticsearch", "node.name": "elasticsearch-master-0", "message": "[tags1700581887000] creating index, cause [api], templates [default], shards [1]/[0]", "cluster.uuid": "6pyM7SpxRDWijhzRAtwDyA", "node.id": "vT-S9W8TT4aemPBdK8fm2Q"  }
{"type": "server", "timestamp": "2023-11-21T15:51:27,129Z", "level": "INFO", "component": "o.e.c.r.a.AllocationService", "cluster.name": "elasticsearch", "node.name": "elasticsearch-master-0", "message": "Cluster health status changed from [YELLOW] to [GREEN] (reason: [shards started [[tags1700581887000][0]]]).", "cluster.uuid": "6pyM7SpxRDWijhzRAtwDyA", "node.id": "vT-S9W8TT4aemPBdK8fm2Q"  }
{"type": "server", "timestamp": "2023-11-21T15:51:27,156Z", "level": "INFO", "component": "o.e.c.m.MetadataDeleteIndexService", "cluster.name": "elasticsearch", "node.name": "elasticsearch-master-0", "message": "[external_groups1700581287000/HP1FZwz6Rgqh2FEGtOvsGw] deleting index", "cluster.uuid": "6pyM7SpxRDWijhzRAtwDyA", "node.id": "vT-S9W8TT4aemPBdK8fm2Q"  }
{"type": "server", "timestamp": "2023-11-21T15:51:27,309Z", "level": "INFO", "component": "o.e.c.m.MetadataDeleteIndexService", "cluster.name": "elasticsearch", "node.name": "elasticsearch-master-0", "message": "[tags1700581287000/PrAk5npSQHiS4Ct1r0FKqQ] deleting index", "cluster.uuid": "6pyM7SpxRDWijhzRAtwDyA", "node.id": "vT-S9W8TT4aemPBdK8fm2Q"  }
{"type": "server", "timestamp": "2023-11-21T16:01:27,007Z", "level": "INFO", "component": "o.e.c.m.MetadataCreateIndexService", "cluster.name": "elasticsearch", "node.name": "elasticsearch-master-0", "message": "[external_groups1700582487000] creating index, cause [api], templates [default], shards [1]/[0]", "cluster.uuid": "6pyM7SpxRDWijhzRAtwDyA", "node.id": "vT-S9W8TT4aemPBdK8fm2Q"  }
{"type": "server", "timestamp": "2023-11-21T16:01:27,046Z", "level": "INFO", "component": "o.e.c.m.MetadataCreateIndexService", "cluster.name": "elasticsearch", "node.name": "elasticsearch-master-0", "message": "[tags1700582487000] creating index, cause [api], templates [default], shards [1]/[0]", "cluster.uuid": "6pyM7SpxRDWijhzRAtwDyA", "node.id": "vT-S9W8TT4aemPBdK8fm2Q"  }
{"type": "server", "timestamp": "2023-11-21T16:01:27,127Z", "level": "INFO", "component": "o.e.c.r.a.AllocationService", "cluster.name": "elasticsearch", "node.name": "elasticsearch-master-0", "message": "Cluster health status changed from [YELLOW] to [GREEN] (reason: [shards started [[tags1700582487000][0]]]).", "cluster.uuid": "6pyM7SpxRDWijhzRAtwDyA", "node.id": "vT-S9W8TT4aemPBdK8fm2Q"  }
{"type": "server", "timestamp": "2023-11-21T16:01:27,164Z", "level": "INFO", "component": "o.e.c.m.MetadataDeleteIndexService", "cluster.name": "elasticsearch", "node.name": "elasticsearch-master-0", "message": "[external_groups1700581887000/as5GG8YoQhiyksAYRvIz5w] deleting index", "cluster.uuid": "6pyM7SpxRDWijhzRAtwDyA", "node.id": "vT-S9W8TT4aemPBdK8fm2Q"  }
{"type": "server", "timestamp": "2023-11-21T16:01:27,317Z", "level": "INFO", "component": "o.e.c.m.MetadataDeleteIndexService", "cluster.name": "elasticsearch", "node.name": "elasticsearch-master-0", "message": "[tags1700581887000/J8Kkv0DSTE2kPoYbeoLC3Q] deleting index", "cluster.uuid": "6pyM7SpxRDWijhzRAtwDyA", "node.id": "vT-S9W8TT4aemPBdK8fm2Q"  }
{"type": "server", "timestamp": "2023-11-21T16:11:27,007Z", "level": "INFO", "component": "o.e.c.m.MetadataCreateIndexService", "cluster.name": "elasticsearch", "node.name": "elasticsearch-master-0", "message": "[external_groups1700583087000] creating index, cause [api], templates [default], shards [1]/[0]", "cluster.uuid": "6pyM7SpxRDWijhzRAtwDyA", "node.id": "vT-S9W8TT4aemPBdK8fm2Q"  }
{"type": "server", "timestamp": "2023-11-21T16:11:27,046Z", "level": "INFO", "component": "o.e.c.m.MetadataCreateIndexService", "cluster.name": "elasticsearch", "node.name": "elasticsearch-master-0", "message": "[tags1700583087000] creating index, cause [api], templates [default], shards [1]/[0]", "cluster.uuid": "6pyM7SpxRDWijhzRAtwDyA", "node.id": "vT-S9W8TT4aemPBdK8fm2Q"  }
{"type": "server", "timestamp": "2023-11-21T16:11:27,131Z", "level": "INFO", "component": "o.e.c.r.a.AllocationService", "cluster.name": "elasticsearch", "node.name": "elasticsearch-master-0", "message": "Cluster health status changed from [YELLOW] to [GREEN] (reason: [shards started [[tags1700583087000][0]]]).", "cluster.uuid": "6pyM7SpxRDWijhzRAtwDyA", "node.id": "vT-S9W8TT4aemPBdK8fm2Q"  }
{"type": "server", "timestamp": "2023-11-21T16:11:27,166Z", "level": "INFO", "component": "o.e.c.m.MetadataDeleteIndexService", "cluster.name": "elasticsearch", "node.name": "elasticsearch-master-0", "message": "[external_groups1700582487000/kMpyGrT3TGej_ul5YDCZqQ] deleting index", "cluster.uuid": "6pyM7SpxRDWijhzRAtwDyA", "node.id": "vT-S9W8TT4aemPBdK8fm2Q"  }
{"type": "server", "timestamp": "2023-11-21T16:11:27,309Z", "level": "INFO", "component": "o.e.c.m.MetadataDeleteIndexService", "cluster.name": "elasticsearch", "node.name": "elasticsearch-master-0", "message": "[tags1700582487000/eXelHI55RqGLJfma3ZLd2g] deleting index", "cluster.uuid": "6pyM7SpxRDWijhzRAtwDyA", "node.id": "vT-S9W8TT4aemPBdK8fm2Q"  }
