time="2023-11-21T14:29:49Z" level=info msg="Fully qualified configmap name: knime/postgres-operator"
time="2023-11-21T14:29:49Z" level=info msg="Spilo operator v1.10.0\n"
time="2023-11-21T14:29:49Z" level=warning msg="in the operator configuration, the pod service account name postgres-pod does not match the name postgres-cluster-pod given in the account definition; using the former for consistency" pkg=controller
time="2023-11-21T14:29:49Z" level=info msg="Parse role bindings" pkg=controller
time="2023-11-21T14:29:49Z" level=info msg="successfully parsed" pkg=controller
time="2023-11-21T14:29:49Z" level=info msg="Listening to all namespaces" pkg=controller
time="2023-11-21T14:29:49Z" level=info msg="customResourceDefinition \"postgresqls.acid.zalan.do\" is already registered and will only be updated" pkg=controller
time="2023-11-21T14:29:53Z" level=info msg="{" pkg=controller
time="2023-11-21T14:29:53Z" level=info msg="   \"ReadyWaitInterval\": 3000000000," pkg=controller
time="2023-11-21T14:29:53Z" level=info msg="   \"ReadyWaitTimeout\": 30000000000," pkg=controller
time="2023-11-21T14:29:53Z" level=info msg="   \"ResyncPeriod\": 1800000000000," pkg=controller
time="2023-11-21T14:29:53Z" level=info msg="   \"RepairPeriod\": 300000000000," pkg=controller
time="2023-11-21T14:29:53Z" level=info msg="   \"EnableCRDRegistration\": true," pkg=controller
time="2023-11-21T14:29:53Z" level=info msg="   \"EnableCRDValidation\": true," pkg=controller
time="2023-11-21T14:29:53Z" level=info msg="   \"CRDCategories\": [" pkg=controller
time="2023-11-21T14:29:53Z" level=info msg="      \"all\"" pkg=controller
time="2023-11-21T14:29:53Z" level=info msg="   ]," pkg=controller
time="2023-11-21T14:29:53Z" level=info msg="   \"ResourceCheckInterval\": 3000000000," pkg=controller
time="2023-11-21T14:29:53Z" level=info msg="   \"ResourceCheckTimeout\": 600000000000," pkg=controller
time="2023-11-21T14:29:53Z" level=info msg="   \"PodLabelWaitTimeout\": 600000000000," pkg=controller
time="2023-11-21T14:29:53Z" level=info msg="   \"PodDeletionWaitTimeout\": 600000000000," pkg=controller
time="2023-11-21T14:29:53Z" level=info msg="   \"SpiloRunAsUser\": null," pkg=controller
time="2023-11-21T14:29:53Z" level=info msg="   \"SpiloRunAsGroup\": null," pkg=controller
time="2023-11-21T14:29:53Z" level=info msg="   \"SpiloFSGroup\": null," pkg=controller
time="2023-11-21T14:29:53Z" level=info msg="   \"PodPriorityClassName\": \"\"," pkg=controller
time="2023-11-21T14:29:53Z" level=info msg="   \"ClusterDomain\": \"cluster.local\"," pkg=controller
time="2023-11-21T14:29:53Z" level=info msg="   \"SpiloPrivileged\": false," pkg=controller
time="2023-11-21T14:29:53Z" level=info msg="   \"SpiloAllowPrivilegeEscalation\": true," pkg=controller
time="2023-11-21T14:29:53Z" level=info msg="   \"AdditionalPodCapabilities\": null," pkg=controller
time="2023-11-21T14:29:53Z" level=info msg="   \"ClusterLabels\": {" pkg=controller
time="2023-11-21T14:29:53Z" level=info msg="      \"application\": \"spilo\"" pkg=controller
time="2023-11-21T14:29:53Z" level=info msg="   }," pkg=controller
time="2023-11-21T14:29:53Z" level=info msg="   \"InheritedLabels\": null," pkg=controller
time="2023-11-21T14:29:53Z" level=info msg="   \"InheritedAnnotations\": null," pkg=controller
time="2023-11-21T14:29:53Z" level=info msg="   \"DownscalerAnnotations\": null," pkg=controller
time="2023-11-21T14:29:53Z" level=info msg="   \"IgnoredAnnotations\": null," pkg=controller
time="2023-11-21T14:29:53Z" level=info msg="   \"ClusterNameLabel\": \"version\"," pkg=controller
time="2023-11-21T14:29:53Z" level=info msg="   \"DeleteAnnotationDateKey\": \"\"," pkg=controller
time="2023-11-21T14:29:53Z" level=info msg="   \"DeleteAnnotationNameKey\": \"\"," pkg=controller
time="2023-11-21T14:29:53Z" level=info msg="   \"PodRoleLabel\": \"spilo-role\"," pkg=controller
time="2023-11-21T14:29:53Z" level=info msg="   \"PodToleration\": null," pkg=controller
time="2023-11-21T14:29:53Z" level=info msg="   \"DefaultCPURequest\": \"100m\"," pkg=controller
time="2023-11-21T14:29:53Z" level=info msg="   \"DefaultMemoryRequest\": \"100Mi\"," pkg=controller
time="2023-11-21T14:29:53Z" level=info msg="   \"DefaultCPULimit\": \"1\"," pkg=controller
time="2023-11-21T14:29:53Z" level=info msg="   \"DefaultMemoryLimit\": \"500Mi\"," pkg=controller
time="2023-11-21T14:29:53Z" level=info msg="   \"MinCPULimit\": \"250m\"," pkg=controller
time="2023-11-21T14:29:53Z" level=info msg="   \"MinMemoryLimit\": \"250Mi\"," pkg=controller
time="2023-11-21T14:29:53Z" level=info msg="   \"MaxCPURequest\": \"\"," pkg=controller
time="2023-11-21T14:29:53Z" level=info msg="   \"MaxMemoryRequest\": \"\"," pkg=controller
time="2023-11-21T14:29:53Z" level=info msg="   \"PodEnvironmentConfigMap\": \"knime/pg-pod-config\"," pkg=controller
time="2023-11-21T14:29:53Z" level=info msg="   \"PodEnvironmentSecret\": \"\"," pkg=controller
time="2023-11-21T14:29:53Z" level=info msg="   \"NodeReadinessLabel\": null," pkg=controller
time="2023-11-21T14:29:53Z" level=info msg="   \"NodeReadinessLabelMerge\": \"OR\"," pkg=controller
time="2023-11-21T14:29:53Z" level=info msg="   \"ShmVolume\": true," pkg=controller
time="2023-11-21T14:29:53Z" level=info msg="   \"MaxInstances\": 1," pkg=controller
time="2023-11-21T14:29:53Z" level=info msg="   \"MinInstances\": 1," pkg=controller
time="2023-11-21T14:29:53Z" level=info msg="   \"IgnoreInstanceLimitsAnnotationKey\": \"\"," pkg=controller
time="2023-11-21T14:29:53Z" level=info msg="   \"SecretNameTemplate\": \"{username}.{cluster}.credentials\"," pkg=controller
time="2023-11-21T14:29:53Z" level=info msg="   \"PamRoleName\": \"zalandos\"," pkg=controller
time="2023-11-21T14:29:53Z" level=info msg="   \"PamConfiguration\": \"https://info.example.com/oauth2/tokeninfo?access_token= uid realm=/employees\"," pkg=controller
time="2023-11-21T14:29:53Z" level=info msg="   \"TeamsAPIUrl\": \"https://teams.example.com/api/\"," pkg=controller
time="2023-11-21T14:29:53Z" level=info msg="   \"OAuthTokenSecretName\": \"knime/postgresql-operator\"," pkg=controller
time="2023-11-21T14:29:53Z" level=info msg="   \"InfrastructureRolesSecretName\": \"/\"," pkg=controller
time="2023-11-21T14:29:53Z" level=info msg="   \"InfrastructureRoles\": null," pkg=controller
time="2023-11-21T14:29:53Z" level=info msg="   \"InfrastructureRolesDefs\": \"\"," pkg=controller
time="2023-11-21T14:29:53Z" level=info msg="   \"SuperUsername\": \"postgres\"," pkg=controller
time="2023-11-21T14:29:53Z" level=info msg="   \"ReplicationUsername\": \"standby\"," pkg=controller
time="2023-11-21T14:29:53Z" level=info msg="   \"AdditionalOwnerRoles\": null," pkg=controller
time="2023-11-21T14:29:53Z" level=info msg="   \"EnablePasswordRotation\": false," pkg=controller
time="2023-11-21T14:29:53Z" level=info msg="   \"PasswordRotationInterval\": 90," pkg=controller
time="2023-11-21T14:29:53Z" level=info msg="   \"PasswordRotationUserRetention\": 180," pkg=controller
time="2023-11-21T14:29:53Z" level=info msg="   \"ScalyrAPIKey\": \"\"," pkg=controller
time="2023-11-21T14:29:53Z" level=info msg="   \"ScalyrImage\": \"\"," pkg=controller
time="2023-11-21T14:29:53Z" level=info msg="   \"ScalyrServerURL\": \"https://upload.eu.scalyr.com\"," pkg=controller
time="2023-11-21T14:29:53Z" level=info msg="   \"ScalyrCPURequest\": \"100m\"," pkg=controller
time="2023-11-21T14:29:53Z" level=info msg="   \"ScalyrMemoryRequest\": \"50Mi\"," pkg=controller
time="2023-11-21T14:29:53Z" level=info msg="   \"ScalyrCPULimit\": \"1\"," pkg=controller
time="2023-11-21T14:29:53Z" level=info msg="   \"ScalyrMemoryLimit\": \"500Mi\"," pkg=controller
time="2023-11-21T14:29:53Z" level=info msg="   \"LogicalBackupSchedule\": \"30 00 * * *\"," pkg=controller
time="2023-11-21T14:29:53Z" level=info msg="   \"LogicalBackupDockerImage\": \"registry.opensource.zalan.do/acid/logical-backup:v1.10.0\"," pkg=controller
time="2023-11-21T14:29:53Z" level=info msg="   \"LogicalBackupProvider\": \"s3\"," pkg=controller
time="2023-11-21T14:29:53Z" level=info msg="   \"LogicalBackupAzureStorageAccountName\": \"\"," pkg=controller
time="2023-11-21T14:29:53Z" level=info msg="   \"LogicalBackupAzureStorageContainer\": \"\"," pkg=controller
time="2023-11-21T14:29:53Z" level=info msg="   \"LogicalBackupAzureStorageAccountKey\": \"\"," pkg=controller
time="2023-11-21T14:29:53Z" level=info msg="   \"LogicalBackupS3Bucket\": \"my-bucket-url\"," pkg=controller
time="2023-11-21T14:29:53Z" level=info msg="   \"LogicalBackupS3Region\": \"\"," pkg=controller
time="2023-11-21T14:29:53Z" level=info msg="   \"LogicalBackupS3Endpoint\": \"\"," pkg=controller
time="2023-11-21T14:29:53Z" level=info msg="   \"LogicalBackupS3AccessKeyID\": \"\"," pkg=controller
time="2023-11-21T14:29:53Z" level=info msg="   \"LogicalBackupS3SecretAccessKey\": \"\"," pkg=controller
time="2023-11-21T14:29:53Z" level=info msg="   \"LogicalBackupS3SSE\": \"AES256\"," pkg=controller
time="2023-11-21T14:29:53Z" level=info msg="   \"LogicalBackupS3RetentionTime\": \"\"," pkg=controller
time="2023-11-21T14:29:53Z" level=info msg="   \"LogicalBackupGoogleApplicationCredentials\": \"\"," pkg=controller
time="2023-11-21T14:29:53Z" level=info msg="   \"LogicalBackupJobPrefix\": \"logical-backup-\"," pkg=controller
time="2023-11-21T14:29:53Z" level=info msg="   \"LogicalBackupCPURequest\": \"\"," pkg=controller
time="2023-11-21T14:29:53Z" level=info msg="   \"LogicalBackupMemoryRequest\": \"\"," pkg=controller
time="2023-11-21T14:29:53Z" level=info msg="   \"LogicalBackupCPULimit\": \"\"," pkg=controller
time="2023-11-21T14:29:53Z" level=info msg="   \"LogicalBackupMemoryLimit\": \"\"," pkg=controller
time="2023-11-21T14:29:53Z" level=info msg="   \"NumberOfInstances\": 2," pkg=controller
time="2023-11-21T14:29:53Z" level=info msg="   \"Schema\": \"pooler\"," pkg=controller
time="2023-11-21T14:29:53Z" level=info msg="   \"User\": \"pooler\"," pkg=controller
time="2023-11-21T14:29:53Z" level=info msg="   \"Image\": \"registry.opensource.zalan.do/acid/pgbouncer:master-27\"," pkg=controller
time="2023-11-21T14:29:53Z" level=info msg="   \"Mode\": \"transaction\"," pkg=controller
time="2023-11-21T14:29:53Z" level=info msg="   \"MaxDBConnections\": 60," pkg=controller
time="2023-11-21T14:29:53Z" level=info msg="   \"ConnectionPoolerDefaultCPURequest\": \"500m\"," pkg=controller
time="2023-11-21T14:29:53Z" level=info msg="   \"ConnectionPoolerDefaultMemoryRequest\": \"100Mi\"," pkg=controller
time="2023-11-21T14:29:53Z" level=info msg="   \"ConnectionPoolerDefaultCPULimit\": \"1\"," pkg=controller
time="2023-11-21T14:29:53Z" level=info msg="   \"ConnectionPoolerDefaultMemoryLimit\": \"100Mi\"," pkg=controller
time="2023-11-21T14:29:53Z" level=info msg="   \"WatchedNamespace\": \"\"," pkg=controller
time="2023-11-21T14:29:53Z" level=info msg="   \"KubernetesUseConfigMaps\": false," pkg=controller
time="2023-11-21T14:29:53Z" level=info msg="   \"EtcdHost\": \"\"," pkg=controller
time="2023-11-21T14:29:53Z" level=info msg="   \"DockerImage\": \"ghcr.io/zalando/spilo-15:3.0-p1\"," pkg=controller
time="2023-11-21T14:29:53Z" level=info msg="   \"SidecarImages\": null," pkg=controller
time="2023-11-21T14:29:53Z" level=info msg="   \"SidecarContainers\": null," pkg=controller
time="2023-11-21T14:29:53Z" level=info msg="   \"PodServiceAccountName\": \"postgres-pod\"," pkg=controller
time="2023-11-21T14:29:53Z" level=info msg="   \"PodServiceAccountDefinition\": \"{ \\\"apiVersion\\\": \\\"v1\\\", \\\"kind\\\": \\\"ServiceAccount\\\", \\\"metadata\\\": { \\\"name\\\": \\\"postgres-cluster-pod\\\" }, \\\"imagePullSecrets\\\": [ { \\\"name\\\": \\\"knime-hub-postgres-operator-registry\\\" } ] }\"," pkg=controller
time="2023-11-21T14:29:53Z" level=info msg="   \"PodServiceAccountRoleBindingDefinition\": \"{\\\"apiVersion\\\":\\\"rbac.authorization.k8s.io/v1\\\",\\\"kind\\\":\\\"RoleBinding\\\",\\\"metadata\\\":{\\\"name\\\":\\\"postgres-pod\\\"},\\\"roleRef\\\":{\\\"apiGroup\\\":\\\"rbac.authorization.k8s.io\\\",\\\"kind\\\":\\\"ClusterRole\\\",\\\"name\\\":\\\"postgres-pod\\\"},\\\"subjects\\\":[{\\\"kind\\\":\\\"ServiceAccount\\\",\\\"name\\\":\\\"postgres-pod\\\"}]}\"," pkg=controller
time="2023-11-21T14:29:53Z" level=info msg="   \"MasterPodMoveTimeout\": 1200000000000," pkg=controller
time="2023-11-21T14:29:53Z" level=info msg="   \"DbHostedZone\": \"db.example.com\"," pkg=controller
time="2023-11-21T14:29:53Z" level=info msg="   \"AWSRegion\": \"\\u003caws_region\\u003e\"," pkg=controller
time="2023-11-21T14:29:53Z" level=info msg="   \"WALES3Bucket\": \"\"," pkg=controller
time="2023-11-21T14:29:53Z" level=info msg="   \"LogS3Bucket\": \"\"," pkg=controller
time="2023-11-21T14:29:53Z" level=info msg="   \"KubeIAMRole\": \"\"," pkg=controller
time="2023-11-21T14:29:53Z" level=info msg="   \"WALGSBucket\": \"\"," pkg=controller
time="2023-11-21T14:29:53Z" level=info msg="   \"GCPCredentials\": \"\"," pkg=controller
time="2023-11-21T14:29:53Z" level=info msg="   \"WALAZStorageAccount\": \"\"," pkg=controller
time="2023-11-21T14:29:53Z" level=info msg="   \"AdditionalSecretMount\": \"\"," pkg=controller
time="2023-11-21T14:29:53Z" level=info msg="   \"AdditionalSecretMountPath\": \"/meta/credentials\"," pkg=controller
time="2023-11-21T14:29:53Z" level=info msg="   \"EnableEBSGp3Migration\": false," pkg=controller
time="2023-11-21T14:29:53Z" level=info msg="   \"EnableEBSGp3MigrationMaxSize\": 1000," pkg=controller
time="2023-11-21T14:29:53Z" level=info msg="   \"DebugLogging\": true," pkg=controller
time="2023-11-21T14:29:53Z" level=info msg="   \"EnableDBAccess\": true," pkg=controller
time="2023-11-21T14:29:53Z" level=info msg="   \"EnableTeamsAPI\": false," pkg=controller
time="2023-11-21T14:29:53Z" level=info msg="   \"EnableTeamSuperuser\": false," pkg=controller
time="2023-11-21T14:29:53Z" level=info msg="   \"TeamAdminRole\": \"admin\"," pkg=controller
time="2023-11-21T14:29:53Z" level=info msg="   \"RoleDeletionSuffix\": \"_deleted\"," pkg=controller
time="2023-11-21T14:29:53Z" level=info msg="   \"EnableTeamMemberDeprecation\": false," pkg=controller
time="2023-11-21T14:29:53Z" level=info msg="   \"EnableAdminRoleForUsers\": true," pkg=controller
time="2023-11-21T14:29:53Z" level=info msg="   \"EnablePostgresTeamCRD\": false," pkg=controller
time="2023-11-21T14:29:53Z" level=info msg="   \"EnablePostgresTeamCRDSuperusers\": false," pkg=controller
time="2023-11-21T14:29:53Z" level=info msg="   \"EnableMasterLoadBalancer\": false," pkg=controller
time="2023-11-21T14:29:53Z" level=info msg="   \"EnableMasterPoolerLoadBalancer\": false," pkg=controller
time="2023-11-21T14:29:53Z" level=info msg="   \"EnableReplicaLoadBalancer\": false," pkg=controller
time="2023-11-21T14:29:53Z" level=info msg="   \"EnableReplicaPoolerLoadBalancer\": false," pkg=controller
time="2023-11-21T14:29:53Z" level=info msg="   \"CustomServiceAnnotations\": null," pkg=controller
time="2023-11-21T14:29:53Z" level=info msg="   \"CustomPodAnnotations\": null," pkg=controller
time="2023-11-21T14:29:53Z" level=info msg="   \"EnablePodAntiAffinity\": false," pkg=controller
time="2023-11-21T14:29:53Z" level=info msg="   \"PodAntiAffinityPreferredDuringScheduling\": false," pkg=controller
time="2023-11-21T14:29:53Z" level=info msg="   \"PodAntiAffinityTopologyKey\": \"kubernetes.io/hostname\"," pkg=controller
time="2023-11-21T14:29:53Z" level=info msg="   \"StorageResizeMode\": \"pvc\"," pkg=controller
time="2023-11-21T14:29:53Z" level=info msg="   \"EnableLoadBalancer\": null," pkg=controller
time="2023-11-21T14:29:53Z" level=info msg="   \"ExternalTrafficPolicy\": \"Cluster\"," pkg=controller
time="2023-11-21T14:29:53Z" level=info msg="   \"MasterDNSNameFormat\": \"{cluster}.{namespace}.{hostedzone}\"," pkg=controller
time="2023-11-21T14:29:53Z" level=info msg="   \"MasterLegacyDNSNameFormat\": \"{cluster}.{team}.{hostedzone}\"," pkg=controller
time="2023-11-21T14:29:53Z" level=info msg="   \"ReplicaDNSNameFormat\": \"{cluster}-repl.{namespace}.{hostedzone}\"," pkg=controller
time="2023-11-21T14:29:53Z" level=info msg="   \"ReplicaLegacyDNSNameFormat\": \"{cluster}-repl.{team}.{hostedzone}\"," pkg=controller
time="2023-11-21T14:29:53Z" level=info msg="   \"PDBNameFormat\": \"postgres-{cluster}-pdb\"," pkg=controller
time="2023-11-21T14:29:53Z" level=info msg="   \"EnablePodDisruptionBudget\": true," pkg=controller
time="2023-11-21T14:29:53Z" level=info msg="   \"EnableInitContainers\": true," pkg=controller
time="2023-11-21T14:29:53Z" level=info msg="   \"EnableSidecars\": true," pkg=controller
time="2023-11-21T14:29:53Z" level=info msg="   \"SharePgSocketWithSidecars\": false," pkg=controller
time="2023-11-21T14:29:53Z" level=info msg="   \"Workers\": 8," pkg=controller
time="2023-11-21T14:29:53Z" level=info msg="   \"APIPort\": 8080," pkg=controller
time="2023-11-21T14:29:53Z" level=info msg="   \"RingLogLines\": 100," pkg=controller
time="2023-11-21T14:29:53Z" level=info msg="   \"ClusterHistoryEntries\": 1000," pkg=controller
time="2023-11-21T14:29:53Z" level=info msg="   \"TeamAPIRoleConfiguration\": {" pkg=controller
time="2023-11-21T14:29:53Z" level=info msg="      \"log_statement\": \"all\"" pkg=controller
time="2023-11-21T14:29:53Z" level=info msg="   }," pkg=controller
time="2023-11-21T14:29:53Z" level=info msg="   \"PodTerminateGracePeriod\": 300000000000," pkg=controller
time="2023-11-21T14:29:53Z" level=info msg="   \"PodManagementPolicy\": \"ordered_ready\"," pkg=controller
time="2023-11-21T14:29:53Z" level=info msg="   \"EnableReadinessProbe\": false," pkg=controller
time="2023-11-21T14:29:53Z" level=info msg="   \"ProtectedRoles\": [" pkg=controller
time="2023-11-21T14:29:53Z" level=info msg="      \"admin\"," pkg=controller
time="2023-11-21T14:29:53Z" level=info msg="      \"cron_admin\"" pkg=controller
time="2023-11-21T14:29:53Z" level=info msg="   ]," pkg=controller
time="2023-11-21T14:29:53Z" level=info msg="   \"PostgresSuperuserTeams\": [" pkg=controller
time="2023-11-21T14:29:53Z" level=info msg="      \"postgres_superusers\"" pkg=controller
time="2023-11-21T14:29:53Z" level=info msg="   ]," pkg=controller
time="2023-11-21T14:29:53Z" level=info msg="   \"SetMemoryRequestToLimit\": false," pkg=controller
time="2023-11-21T14:29:53Z" level=info msg="   \"EnableLazySpiloUpgrade\": false," pkg=controller
time="2023-11-21T14:29:53Z" level=info msg="   \"EnableCrossNamespaceSecret\": false," pkg=controller
time="2023-11-21T14:29:53Z" level=info msg="   \"EnablePgVersionEnvVar\": true," pkg=controller
time="2023-11-21T14:29:53Z" level=info msg="   \"EnableSpiloWalPathCompat\": false," pkg=controller
time="2023-11-21T14:29:53Z" level=info msg="   \"EnableTeamIdClusternamePrefix\": false," pkg=controller
time="2023-11-21T14:29:53Z" level=info msg="   \"MajorVersionUpgradeMode\": \"off\"," pkg=controller
time="2023-11-21T14:29:53Z" level=info msg="   \"MajorVersionUpgradeTeamAllowList\": null," pkg=controller
time="2023-11-21T14:29:53Z" level=info msg="   \"MinimalMajorVersion\": \"11\"," pkg=controller
time="2023-11-21T14:29:53Z" level=info msg="   \"TargetMajorVersion\": \"15\"," pkg=controller
time="2023-11-21T14:29:53Z" level=info msg="   \"PatroniAPICheckInterval\": 1000000000," pkg=controller
time="2023-11-21T14:29:53Z" level=info msg="   \"PatroniAPICheckTimeout\": 5000000000," pkg=controller
time="2023-11-21T14:29:53Z" level=info msg="   \"EnablePatroniFailsafeMode\": false" pkg=controller
time="2023-11-21T14:29:53Z" level=info msg="}" pkg=controller
time="2023-11-21T14:29:53Z" level=debug msg="acquiring initial list of clusters" pkg=controller
time="2023-11-21T14:29:53Z" level=debug msg="added new cluster: \"knime/cdds-postgres-cluster\"" pkg=controller
time="2023-11-21T14:29:53Z" level=debug msg="added new cluster: \"knime/knime-postgres-cluster\"" pkg=controller
time="2023-11-21T14:29:53Z" level=info msg="SYNC event has been queued" cluster-name=knime/cdds-postgres-cluster pkg=controller worker=0
time="2023-11-21T14:29:53Z" level=info msg="SYNC event has been queued" cluster-name=knime/knime-postgres-cluster pkg=controller worker=1
time="2023-11-21T14:29:53Z" level=info msg="there are 2 clusters running" pkg=controller
time="2023-11-21T14:29:53Z" level=info msg="started working in background" pkg=controller
time="2023-11-21T14:29:53Z" level=info msg="listening on :8080" pkg=apiserver
time="2023-11-21T14:29:53Z" level=debug msg="new node has been added: /ip-172-31-41-186 ()" pkg=controller
time="2023-11-21T14:29:53Z" level=info msg="ADD event has been queued" cluster-name=knime/cdds-postgres-cluster pkg=controller worker=0
time="2023-11-21T14:29:53Z" level=info msg="ADD event has been queued" cluster-name=knime/knime-postgres-cluster pkg=controller worker=1
time="2023-11-21T14:29:53Z" level=info msg="syncing of the cluster started" cluster-name=knime/knime-postgres-cluster pkg=controller worker=1
time="2023-11-21T14:29:53Z" level=info msg="syncing of the cluster started" cluster-name=knime/cdds-postgres-cluster pkg=controller worker=0
time="2023-11-21T14:29:53Z" level=debug msg="team API is disabled" cluster-name=knime/cdds-postgres-cluster pkg=cluster
time="2023-11-21T14:29:53Z" level=debug msg="team API is disabled" cluster-name=knime/cdds-postgres-cluster pkg=cluster
time="2023-11-21T14:29:53Z" level=info msg="syncing secrets" cluster-name=knime/cdds-postgres-cluster pkg=cluster
time="2023-11-21T14:29:53Z" level=debug msg="team API is disabled" cluster-name=knime/knime-postgres-cluster pkg=cluster
time="2023-11-21T14:29:53Z" level=debug msg="team API is disabled" cluster-name=knime/knime-postgres-cluster pkg=cluster
time="2023-11-21T14:29:53Z" level=info msg="syncing secrets" cluster-name=knime/knime-postgres-cluster pkg=cluster
time="2023-11-21T14:29:53Z" level=debug msg="syncing master service" cluster-name=knime/cdds-postgres-cluster pkg=cluster
time="2023-11-21T14:29:54Z" level=debug msg="syncing replica service" cluster-name=knime/cdds-postgres-cluster pkg=cluster
time="2023-11-21T14:29:55Z" level=debug msg="syncing volumes using \"pvc\" storage resize mode" cluster-name=knime/cdds-postgres-cluster pkg=cluster
time="2023-11-21T14:29:55Z" level=info msg="volume claims do not require changes" cluster-name=knime/cdds-postgres-cluster pkg=cluster
time="2023-11-21T14:29:55Z" level=debug msg="syncing statefulsets" cluster-name=knime/cdds-postgres-cluster pkg=cluster
time="2023-11-21T14:29:57Z" level=debug msg="syncing Patroni config" cluster-name=knime/cdds-postgres-cluster pkg=cluster
time="2023-11-21T14:29:57Z" level=debug msg="making GET http request: http://***HIDDEN***:8008/config" cluster-name=knime/cdds-postgres-cluster pkg=cluster
time="2023-11-21T14:29:57Z" level=debug msg="making GET http request: http://***HIDDEN***:8008/patroni" cluster-name=knime/cdds-postgres-cluster pkg=cluster
time="2023-11-21T14:29:58Z" level=debug msg="syncing pod disruption budgets" cluster-name=knime/cdds-postgres-cluster pkg=cluster
time="2023-11-21T14:29:58Z" level=debug msg="syncing roles" cluster-name=knime/cdds-postgres-cluster pkg=cluster
time="2023-11-21T14:29:59Z" level=debug msg="syncing master service" cluster-name=knime/knime-postgres-cluster pkg=cluster
time="2023-11-21T14:29:59Z" level=debug msg="syncing replica service" cluster-name=knime/knime-postgres-cluster pkg=cluster
time="2023-11-21T14:30:00Z" level=debug msg="syncing volumes using \"pvc\" storage resize mode" cluster-name=knime/knime-postgres-cluster pkg=cluster
time="2023-11-21T14:30:00Z" level=info msg="volume claims do not require changes" cluster-name=knime/knime-postgres-cluster pkg=cluster
time="2023-11-21T14:30:00Z" level=debug msg="syncing statefulsets" cluster-name=knime/knime-postgres-cluster pkg=cluster
time="2023-11-21T14:30:01Z" level=debug msg="syncing Patroni config" cluster-name=knime/knime-postgres-cluster pkg=cluster
time="2023-11-21T14:30:01Z" level=warning msg="Patroni config updated? false - errors during config sync: could not get Postgres config from pod knime/knime-postgres-cluster-0: could not get Postgres config from pod knime/knime-postgres-cluster-0:  is not a valid IP" cluster-name=knime/knime-postgres-cluster pkg=cluster
time="2023-11-21T14:30:01Z" level=error msg="errors while restarting Postgres in pods via Patroni API: could not restart Postgres in master pod knime/knime-postgres-cluster-0: could not get member data:  is not a valid IP" cluster-name=knime/knime-postgres-cluster pkg=cluster
time="2023-11-21T14:30:01Z" level=debug msg="syncing pod disruption budgets" cluster-name=knime/knime-postgres-cluster pkg=cluster
time="2023-11-21T14:30:01Z" level=debug msg="syncing roles" cluster-name=knime/knime-postgres-cluster pkg=cluster
time="2023-11-21T14:30:13Z" level=warning msg="could not connect to Postgres database: dial tcp: lookup cdds-postgres-cluster.knime.svc.cluster.local: i/o timeout" cluster-name=knime/cdds-postgres-cluster pkg=cluster
time="2023-11-21T14:30:16Z" level=warning msg="could not connect to Postgres database: dial tcp: lookup knime-postgres-cluster.knime.svc.cluster.local: i/o timeout" cluster-name=knime/knime-postgres-cluster pkg=cluster
time="2023-11-21T14:30:18Z" level=warning msg="could not connect to Postgres database: dial tcp ***HIDDEN***:5432: connect: connection refused" cluster-name=knime/cdds-postgres-cluster pkg=cluster
time="2023-11-21T14:30:21Z" level=error msg="could not sync roles: could not init db connection: could not init db connection: pq: the database system is starting up" cluster-name=knime/knime-postgres-cluster pkg=cluster
time="2023-11-21T14:30:21Z" level=debug msg="syncing databases" cluster-name=knime/knime-postgres-cluster pkg=cluster
time="2023-11-21T14:30:21Z" level=error msg="could not sync databases: could not init database connection" cluster-name=knime/knime-postgres-cluster pkg=cluster
time="2023-11-21T14:30:21Z" level=debug msg="syncing prepared databases with schemas" cluster-name=knime/knime-postgres-cluster pkg=cluster
time="2023-11-21T14:30:21Z" level=debug msg="syncing connection pooler (master, replica) from (false, false) to (false, false)" cluster-name=knime/knime-postgres-cluster pkg=cluster
time="2023-11-21T14:30:21Z" level=info msg="cluster has been synced" cluster-name=knime/knime-postgres-cluster pkg=controller worker=1
time="2023-11-21T14:30:21Z" level=info msg="received add event for already existing Postgres cluster" cluster-name=knime/knime-postgres-cluster pkg=controller worker=1
time="2023-11-21T14:30:28Z" level=warning msg="could not connect to Postgres database: dial tcp ***HIDDEN***:5432: connect: connection refused" cluster-name=knime/cdds-postgres-cluster pkg=cluster
time="2023-11-21T14:30:43Z" level=debug msg="closing database connection" cluster-name=knime/cdds-postgres-cluster pkg=cluster
time="2023-11-21T14:30:43Z" level=debug msg="syncing databases" cluster-name=knime/cdds-postgres-cluster pkg=cluster
time="2023-11-21T14:30:43Z" level=debug msg="closing database connection" cluster-name=knime/cdds-postgres-cluster pkg=cluster
time="2023-11-21T14:30:43Z" level=debug msg="syncing prepared databases with schemas" cluster-name=knime/cdds-postgres-cluster pkg=cluster
time="2023-11-21T14:30:43Z" level=debug msg="syncing connection pooler (master, replica) from (false, false) to (false, false)" cluster-name=knime/cdds-postgres-cluster pkg=cluster
time="2023-11-21T14:30:43Z" level=info msg="cluster has been synced" cluster-name=knime/cdds-postgres-cluster pkg=controller worker=0
time="2023-11-21T14:30:43Z" level=info msg="received add event for already existing Postgres cluster" cluster-name=knime/cdds-postgres-cluster pkg=controller worker=0
time="2023-11-21T14:59:53Z" level=info msg="SYNC event has been queued" cluster-name=knime/cdds-postgres-cluster pkg=controller worker=0
time="2023-11-21T14:59:53Z" level=info msg="SYNC event has been queued" cluster-name=knime/knime-postgres-cluster pkg=controller worker=1
time="2023-11-21T14:59:53Z" level=info msg="there are 2 clusters running" pkg=controller
time="2023-11-21T14:59:53Z" level=info msg="syncing of the cluster started" cluster-name=knime/knime-postgres-cluster pkg=controller worker=1
time="2023-11-21T14:59:53Z" level=info msg="syncing of the cluster started" cluster-name=knime/cdds-postgres-cluster pkg=controller worker=0
time="2023-11-21T14:59:53Z" level=debug msg="team API is disabled" cluster-name=knime/cdds-postgres-cluster pkg=cluster
time="2023-11-21T14:59:53Z" level=debug msg="team API is disabled" cluster-name=knime/cdds-postgres-cluster pkg=cluster
time="2023-11-21T14:59:53Z" level=info msg="syncing secrets" cluster-name=knime/cdds-postgres-cluster pkg=cluster
time="2023-11-21T14:59:53Z" level=debug msg="team API is disabled" cluster-name=knime/knime-postgres-cluster pkg=cluster
time="2023-11-21T14:59:53Z" level=debug msg="team API is disabled" cluster-name=knime/knime-postgres-cluster pkg=cluster
time="2023-11-21T14:59:53Z" level=info msg="syncing secrets" cluster-name=knime/knime-postgres-cluster pkg=cluster
time="2023-11-21T14:59:53Z" level=debug msg="syncing master service" cluster-name=knime/cdds-postgres-cluster pkg=cluster
time="2023-11-21T14:59:54Z" level=debug msg="syncing replica service" cluster-name=knime/cdds-postgres-cluster pkg=cluster
time="2023-11-21T14:59:55Z" level=debug msg="syncing volumes using \"pvc\" storage resize mode" cluster-name=knime/cdds-postgres-cluster pkg=cluster
time="2023-11-21T14:59:55Z" level=info msg="volume claims do not require changes" cluster-name=knime/cdds-postgres-cluster pkg=cluster
time="2023-11-21T14:59:55Z" level=debug msg="syncing statefulsets" cluster-name=knime/cdds-postgres-cluster pkg=cluster
time="2023-11-21T14:59:56Z" level=debug msg="syncing Patroni config" cluster-name=knime/cdds-postgres-cluster pkg=cluster
time="2023-11-21T14:59:56Z" level=debug msg="making GET http request: http://***HIDDEN***:8008/config" cluster-name=knime/cdds-postgres-cluster pkg=cluster
time="2023-11-21T14:59:56Z" level=debug msg="making GET http request: http://***HIDDEN***:8008/patroni" cluster-name=knime/cdds-postgres-cluster pkg=cluster
time="2023-11-21T14:59:56Z" level=debug msg="syncing pod disruption budgets" cluster-name=knime/cdds-postgres-cluster pkg=cluster
time="2023-11-21T14:59:56Z" level=debug msg="syncing roles" cluster-name=knime/cdds-postgres-cluster pkg=cluster
time="2023-11-21T14:59:56Z" level=debug msg="closing database connection" cluster-name=knime/cdds-postgres-cluster pkg=cluster
time="2023-11-21T14:59:56Z" level=debug msg="syncing databases" cluster-name=knime/cdds-postgres-cluster pkg=cluster
time="2023-11-21T14:59:56Z" level=debug msg="closing database connection" cluster-name=knime/cdds-postgres-cluster pkg=cluster
time="2023-11-21T14:59:56Z" level=debug msg="syncing prepared databases with schemas" cluster-name=knime/cdds-postgres-cluster pkg=cluster
time="2023-11-21T14:59:56Z" level=debug msg="syncing connection pooler (master, replica) from (false, false) to (false, false)" cluster-name=knime/cdds-postgres-cluster pkg=cluster
time="2023-11-21T14:59:56Z" level=info msg="cluster has been synced" cluster-name=knime/cdds-postgres-cluster pkg=controller worker=0
time="2023-11-21T14:59:59Z" level=debug msg="syncing master service" cluster-name=knime/knime-postgres-cluster pkg=cluster
time="2023-11-21T14:59:59Z" level=debug msg="syncing replica service" cluster-name=knime/knime-postgres-cluster pkg=cluster
time="2023-11-21T14:59:59Z" level=debug msg="syncing volumes using \"pvc\" storage resize mode" cluster-name=knime/knime-postgres-cluster pkg=cluster
time="2023-11-21T15:00:00Z" level=info msg="volume claims do not require changes" cluster-name=knime/knime-postgres-cluster pkg=cluster
time="2023-11-21T15:00:00Z" level=debug msg="syncing statefulsets" cluster-name=knime/knime-postgres-cluster pkg=cluster
time="2023-11-21T15:00:00Z" level=debug msg="syncing Patroni config" cluster-name=knime/knime-postgres-cluster pkg=cluster
time="2023-11-21T15:00:00Z" level=debug msg="making GET http request: http://***HIDDEN***:8008/config" cluster-name=knime/knime-postgres-cluster pkg=cluster
time="2023-11-21T15:00:00Z" level=debug msg="making GET http request: http://***HIDDEN***:8008/patroni" cluster-name=knime/knime-postgres-cluster pkg=cluster
time="2023-11-21T15:00:00Z" level=debug msg="syncing pod disruption budgets" cluster-name=knime/knime-postgres-cluster pkg=cluster
time="2023-11-21T15:00:00Z" level=debug msg="syncing roles" cluster-name=knime/knime-postgres-cluster pkg=cluster
time="2023-11-21T15:00:00Z" level=debug msg="closing database connection" cluster-name=knime/knime-postgres-cluster pkg=cluster
time="2023-11-21T15:00:00Z" level=debug msg="syncing databases" cluster-name=knime/knime-postgres-cluster pkg=cluster
time="2023-11-21T15:00:00Z" level=debug msg="closing database connection" cluster-name=knime/knime-postgres-cluster pkg=cluster
time="2023-11-21T15:00:00Z" level=debug msg="syncing prepared databases with schemas" cluster-name=knime/knime-postgres-cluster pkg=cluster
time="2023-11-21T15:00:00Z" level=debug msg="syncing connection pooler (master, replica) from (false, false) to (false, false)" cluster-name=knime/knime-postgres-cluster pkg=cluster
time="2023-11-21T15:00:00Z" level=info msg="cluster has been synced" cluster-name=knime/knime-postgres-cluster pkg=controller worker=1
time="2023-11-21T15:29:53Z" level=info msg="SYNC event has been queued" cluster-name=knime/cdds-postgres-cluster pkg=controller worker=0
time="2023-11-21T15:29:53Z" level=info msg="SYNC event has been queued" cluster-name=knime/knime-postgres-cluster pkg=controller worker=1
time="2023-11-21T15:29:53Z" level=info msg="there are 2 clusters running" pkg=controller
time="2023-11-21T15:29:53Z" level=info msg="syncing of the cluster started" cluster-name=knime/knime-postgres-cluster pkg=controller worker=1
time="2023-11-21T15:29:53Z" level=info msg="syncing of the cluster started" cluster-name=knime/cdds-postgres-cluster pkg=controller worker=0
time="2023-11-21T15:29:53Z" level=debug msg="team API is disabled" cluster-name=knime/cdds-postgres-cluster pkg=cluster
time="2023-11-21T15:29:53Z" level=debug msg="team API is disabled" cluster-name=knime/cdds-postgres-cluster pkg=cluster
time="2023-11-21T15:29:53Z" level=info msg="syncing secrets" cluster-name=knime/cdds-postgres-cluster pkg=cluster
time="2023-11-21T15:29:53Z" level=debug msg="team API is disabled" cluster-name=knime/knime-postgres-cluster pkg=cluster
time="2023-11-21T15:29:53Z" level=debug msg="team API is disabled" cluster-name=knime/knime-postgres-cluster pkg=cluster
time="2023-11-21T15:29:53Z" level=info msg="syncing secrets" cluster-name=knime/knime-postgres-cluster pkg=cluster
time="2023-11-21T15:29:53Z" level=debug msg="syncing master service" cluster-name=knime/cdds-postgres-cluster pkg=cluster
time="2023-11-21T15:29:54Z" level=debug msg="syncing replica service" cluster-name=knime/cdds-postgres-cluster pkg=cluster
time="2023-11-21T15:29:54Z" level=debug msg="syncing volumes using \"pvc\" storage resize mode" cluster-name=knime/cdds-postgres-cluster pkg=cluster
time="2023-11-21T15:29:55Z" level=info msg="volume claims do not require changes" cluster-name=knime/cdds-postgres-cluster pkg=cluster
time="2023-11-21T15:29:55Z" level=debug msg="syncing statefulsets" cluster-name=knime/cdds-postgres-cluster pkg=cluster
time="2023-11-21T15:29:56Z" level=debug msg="syncing Patroni config" cluster-name=knime/cdds-postgres-cluster pkg=cluster
time="2023-11-21T15:29:56Z" level=debug msg="making GET http request: http://***HIDDEN***:8008/config" cluster-name=knime/cdds-postgres-cluster pkg=cluster
time="2023-11-21T15:29:56Z" level=debug msg="making GET http request: http://***HIDDEN***:8008/patroni" cluster-name=knime/cdds-postgres-cluster pkg=cluster
time="2023-11-21T15:29:56Z" level=debug msg="syncing pod disruption budgets" cluster-name=knime/cdds-postgres-cluster pkg=cluster
time="2023-11-21T15:29:56Z" level=debug msg="syncing roles" cluster-name=knime/cdds-postgres-cluster pkg=cluster
time="2023-11-21T15:29:56Z" level=debug msg="closing database connection" cluster-name=knime/cdds-postgres-cluster pkg=cluster
time="2023-11-21T15:29:56Z" level=debug msg="syncing databases" cluster-name=knime/cdds-postgres-cluster pkg=cluster
time="2023-11-21T15:29:56Z" level=debug msg="closing database connection" cluster-name=knime/cdds-postgres-cluster pkg=cluster
time="2023-11-21T15:29:56Z" level=debug msg="syncing prepared databases with schemas" cluster-name=knime/cdds-postgres-cluster pkg=cluster
time="2023-11-21T15:29:56Z" level=debug msg="syncing connection pooler (master, replica) from (false, false) to (false, false)" cluster-name=knime/cdds-postgres-cluster pkg=cluster
time="2023-11-21T15:29:56Z" level=info msg="cluster has been synced" cluster-name=knime/cdds-postgres-cluster pkg=controller worker=0
time="2023-11-21T15:29:59Z" level=debug msg="syncing master service" cluster-name=knime/knime-postgres-cluster pkg=cluster
time="2023-11-21T15:29:59Z" level=debug msg="syncing replica service" cluster-name=knime/knime-postgres-cluster pkg=cluster
time="2023-11-21T15:29:59Z" level=debug msg="syncing volumes using \"pvc\" storage resize mode" cluster-name=knime/knime-postgres-cluster pkg=cluster
time="2023-11-21T15:30:00Z" level=info msg="volume claims do not require changes" cluster-name=knime/knime-postgres-cluster pkg=cluster
time="2023-11-21T15:30:00Z" level=debug msg="syncing statefulsets" cluster-name=knime/knime-postgres-cluster pkg=cluster
time="2023-11-21T15:30:00Z" level=debug msg="syncing Patroni config" cluster-name=knime/knime-postgres-cluster pkg=cluster
time="2023-11-21T15:30:00Z" level=debug msg="making GET http request: http://***HIDDEN***:8008/config" cluster-name=knime/knime-postgres-cluster pkg=cluster
time="2023-11-21T15:30:00Z" level=debug msg="making GET http request: http://***HIDDEN***:8008/patroni" cluster-name=knime/knime-postgres-cluster pkg=cluster
time="2023-11-21T15:30:00Z" level=debug msg="syncing pod disruption budgets" cluster-name=knime/knime-postgres-cluster pkg=cluster
time="2023-11-21T15:30:00Z" level=debug msg="syncing roles" cluster-name=knime/knime-postgres-cluster pkg=cluster
time="2023-11-21T15:30:00Z" level=debug msg="closing database connection" cluster-name=knime/knime-postgres-cluster pkg=cluster
time="2023-11-21T15:30:00Z" level=debug msg="syncing databases" cluster-name=knime/knime-postgres-cluster pkg=cluster
time="2023-11-21T15:30:00Z" level=debug msg="closing database connection" cluster-name=knime/knime-postgres-cluster pkg=cluster
time="2023-11-21T15:30:00Z" level=debug msg="syncing prepared databases with schemas" cluster-name=knime/knime-postgres-cluster pkg=cluster
time="2023-11-21T15:30:00Z" level=debug msg="syncing connection pooler (master, replica) from (false, false) to (false, false)" cluster-name=knime/knime-postgres-cluster pkg=cluster
time="2023-11-21T15:30:00Z" level=info msg="cluster has been synced" cluster-name=knime/knime-postgres-cluster pkg=controller worker=1
time="2023-11-21T15:59:53Z" level=info msg="SYNC event has been queued" cluster-name=knime/cdds-postgres-cluster pkg=controller worker=0
time="2023-11-21T15:59:53Z" level=info msg="SYNC event has been queued" cluster-name=knime/knime-postgres-cluster pkg=controller worker=1
time="2023-11-21T15:59:53Z" level=info msg="there are 2 clusters running" pkg=controller
time="2023-11-21T15:59:53Z" level=info msg="syncing of the cluster started" cluster-name=knime/cdds-postgres-cluster pkg=controller worker=0
time="2023-11-21T15:59:53Z" level=info msg="syncing of the cluster started" cluster-name=knime/knime-postgres-cluster pkg=controller worker=1
time="2023-11-21T15:59:53Z" level=debug msg="team API is disabled" cluster-name=knime/cdds-postgres-cluster pkg=cluster
time="2023-11-21T15:59:53Z" level=debug msg="team API is disabled" cluster-name=knime/cdds-postgres-cluster pkg=cluster
time="2023-11-21T15:59:53Z" level=info msg="syncing secrets" cluster-name=knime/cdds-postgres-cluster pkg=cluster
time="2023-11-21T15:59:53Z" level=debug msg="team API is disabled" cluster-name=knime/knime-postgres-cluster pkg=cluster
time="2023-11-21T15:59:53Z" level=debug msg="team API is disabled" cluster-name=knime/knime-postgres-cluster pkg=cluster
time="2023-11-21T15:59:53Z" level=info msg="syncing secrets" cluster-name=knime/knime-postgres-cluster pkg=cluster
time="2023-11-21T15:59:53Z" level=debug msg="syncing master service" cluster-name=knime/cdds-postgres-cluster pkg=cluster
time="2023-11-21T15:59:54Z" level=debug msg="syncing replica service" cluster-name=knime/cdds-postgres-cluster pkg=cluster
time="2023-11-21T15:59:55Z" level=debug msg="syncing volumes using \"pvc\" storage resize mode" cluster-name=knime/cdds-postgres-cluster pkg=cluster
time="2023-11-21T15:59:55Z" level=info msg="volume claims do not require changes" cluster-name=knime/cdds-postgres-cluster pkg=cluster
time="2023-11-21T15:59:55Z" level=debug msg="syncing statefulsets" cluster-name=knime/cdds-postgres-cluster pkg=cluster
time="2023-11-21T15:59:56Z" level=debug msg="syncing Patroni config" cluster-name=knime/cdds-postgres-cluster pkg=cluster
time="2023-11-21T15:59:56Z" level=debug msg="making GET http request: http://***HIDDEN***:8008/config" cluster-name=knime/cdds-postgres-cluster pkg=cluster
time="2023-11-21T15:59:56Z" level=debug msg="making GET http request: http://***HIDDEN***:8008/patroni" cluster-name=knime/cdds-postgres-cluster pkg=cluster
time="2023-11-21T15:59:56Z" level=debug msg="syncing pod disruption budgets" cluster-name=knime/cdds-postgres-cluster pkg=cluster
time="2023-11-21T15:59:56Z" level=debug msg="syncing roles" cluster-name=knime/cdds-postgres-cluster pkg=cluster
time="2023-11-21T15:59:56Z" level=debug msg="closing database connection" cluster-name=knime/cdds-postgres-cluster pkg=cluster
time="2023-11-21T15:59:56Z" level=debug msg="syncing databases" cluster-name=knime/cdds-postgres-cluster pkg=cluster
time="2023-11-21T15:59:56Z" level=debug msg="closing database connection" cluster-name=knime/cdds-postgres-cluster pkg=cluster
time="2023-11-21T15:59:56Z" level=debug msg="syncing prepared databases with schemas" cluster-name=knime/cdds-postgres-cluster pkg=cluster
time="2023-11-21T15:59:56Z" level=debug msg="syncing connection pooler (master, replica) from (false, false) to (false, false)" cluster-name=knime/cdds-postgres-cluster pkg=cluster
time="2023-11-21T15:59:56Z" level=info msg="cluster has been synced" cluster-name=knime/cdds-postgres-cluster pkg=controller worker=0
time="2023-11-21T15:59:59Z" level=debug msg="syncing master service" cluster-name=knime/knime-postgres-cluster pkg=cluster
time="2023-11-21T15:59:59Z" level=debug msg="syncing replica service" cluster-name=knime/knime-postgres-cluster pkg=cluster
time="2023-11-21T15:59:59Z" level=debug msg="syncing volumes using \"pvc\" storage resize mode" cluster-name=knime/knime-postgres-cluster pkg=cluster
time="2023-11-21T16:00:00Z" level=info msg="volume claims do not require changes" cluster-name=knime/knime-postgres-cluster pkg=cluster
time="2023-11-21T16:00:00Z" level=debug msg="syncing statefulsets" cluster-name=knime/knime-postgres-cluster pkg=cluster
time="2023-11-21T16:00:00Z" level=debug msg="syncing Patroni config" cluster-name=knime/knime-postgres-cluster pkg=cluster
time="2023-11-21T16:00:00Z" level=debug msg="making GET http request: http://***HIDDEN***:8008/config" cluster-name=knime/knime-postgres-cluster pkg=cluster
time="2023-11-21T16:00:00Z" level=debug msg="making GET http request: http://***HIDDEN***:8008/patroni" cluster-name=knime/knime-postgres-cluster pkg=cluster
time="2023-11-21T16:00:00Z" level=debug msg="syncing pod disruption budgets" cluster-name=knime/knime-postgres-cluster pkg=cluster
time="2023-11-21T16:00:00Z" level=debug msg="syncing roles" cluster-name=knime/knime-postgres-cluster pkg=cluster
time="2023-11-21T16:00:00Z" level=debug msg="closing database connection" cluster-name=knime/knime-postgres-cluster pkg=cluster
time="2023-11-21T16:00:00Z" level=debug msg="syncing databases" cluster-name=knime/knime-postgres-cluster pkg=cluster
time="2023-11-21T16:00:00Z" level=debug msg="closing database connection" cluster-name=knime/knime-postgres-cluster pkg=cluster
time="2023-11-21T16:00:00Z" level=debug msg="syncing prepared databases with schemas" cluster-name=knime/knime-postgres-cluster pkg=cluster
time="2023-11-21T16:00:00Z" level=debug msg="syncing connection pooler (master, replica) from (false, false) to (false, false)" cluster-name=knime/knime-postgres-cluster pkg=cluster
time="2023-11-21T16:00:00Z" level=info msg="cluster has been synced" cluster-name=knime/knime-postgres-cluster pkg=controller worker=1
