2023-11-21 14:29:24,380 - bootstrapping - INFO - Figuring out my environment (Google? AWS? Openstack? Local?)
2023-11-21 14:29:24,389 - bootstrapping - INFO - No meta-data available for this provider
2023-11-21 14:29:24,390 - bootstrapping - INFO - Looks like you are running unsupported
2023-11-21 14:29:24,521 - bootstrapping - INFO - Configuring standby-cluster
2023-11-21 14:29:24,521 - bootstrapping - INFO - Configuring pam-oauth2
2023-11-21 14:29:24,522 - bootstrapping - INFO - Writing to file /etc/pam.d/postgresql
2023-11-21 14:29:24,522 - bootstrapping - INFO - Configuring log
2023-11-21 14:29:24,522 - bootstrapping - INFO - Configuring crontab
2023-11-21 14:29:24,522 - bootstrapping - INFO - Skipping creation of renice cron job due to lack of SYS_NICE capability
2023-11-21 14:29:24,531 - bootstrapping - INFO - Configuring certificate
2023-11-21 14:29:24,531 - bootstrapping - INFO - Generating ssl self-signed certificate
2023-11-21 14:29:24,976 - bootstrapping - INFO - Configuring patroni
2023-11-21 14:29:24,989 - bootstrapping - INFO - Writing to file /run/postgres.yml
2023-11-21 14:29:24,990 - bootstrapping - INFO - Configuring wal-e
2023-11-21 14:29:24,990 - bootstrapping - INFO - Writing to file /run/etc/wal-e.d/env/WALE_S3_PREFIX
2023-11-21 14:29:24,990 - bootstrapping - INFO - Writing to file /run/etc/wal-e.d/env/WALG_S3_PREFIX
2023-11-21 14:29:24,990 - bootstrapping - INFO - Writing to file /run/etc/wal-e.d/env/AWS_ACCESS_KEY_ID
2023-11-21 14:29:24,991 - bootstrapping - INFO - Writing to file /run/etc/wal-e.d/env/AWS_SECRET_ACCESS_KEY
2023-11-21 14:29:24,991 - bootstrapping - INFO - Writing to file /run/etc/wal-e.d/env/WALE_S3_ENDPOINT
2023-11-21 14:29:24,991 - bootstrapping - INFO - Writing to file /run/etc/wal-e.d/env/AWS_ENDPOINT
2023-11-21 14:29:24,991 - bootstrapping - INFO - Writing to file /run/etc/wal-e.d/env/AWS_REGION
2023-11-21 14:29:24,991 - bootstrapping - INFO - Writing to file /run/etc/wal-e.d/env/WALE_DISABLE_S3_SSE
2023-11-21 14:29:24,991 - bootstrapping - INFO - Writing to file /run/etc/wal-e.d/env/WALG_DISABLE_S3_SSE
2023-11-21 14:29:24,992 - bootstrapping - INFO - Writing to file /run/etc/wal-e.d/env/AWS_S3_FORCE_PATH_STYLE
2023-11-21 14:29:24,992 - bootstrapping - INFO - Writing to file /run/etc/wal-e.d/env/WALG_DOWNLOAD_CONCURRENCY
2023-11-21 14:29:24,992 - bootstrapping - INFO - Writing to file /run/etc/wal-e.d/env/WALG_UPLOAD_CONCURRENCY
2023-11-21 14:29:24,992 - bootstrapping - INFO - Writing to file /run/etc/wal-e.d/env/USE_WALG_BACKUP
2023-11-21 14:29:24,992 - bootstrapping - INFO - Writing to file /run/etc/wal-e.d/env/USE_WALG_RESTORE
2023-11-21 14:29:24,993 - bootstrapping - INFO - Writing to file /run/etc/wal-e.d/env/WALE_LOG_DESTINATION
2023-11-21 14:29:24,993 - bootstrapping - INFO - Writing to file /run/etc/wal-e.d/env/PGPORT
2023-11-21 14:29:24,993 - bootstrapping - INFO - Writing to file /run/etc/wal-e.d/env/BACKUP_NUM_TO_RETAIN
2023-11-21 14:29:24,993 - bootstrapping - INFO - Writing to file /run/etc/wal-e.d/env/TMPDIR
2023-11-21 14:29:24,993 - bootstrapping - INFO - Configuring pgbouncer
2023-11-21 14:29:24,993 - bootstrapping - INFO - No PGBOUNCER_CONFIGURATION was specified, skipping
2023-11-21 14:29:24,993 - bootstrapping - INFO - Configuring pgqd
2023-11-21 14:29:24,993 - bootstrapping - INFO - Configuring bootstrap
2023-11-21 14:29:25,491 WARNING: Kubernetes RBAC doesn't allow GET access to the 'kubernetes' endpoint in the 'default' namespace. Disabling 'bypass_api_service'.
2023-11-21 14:29:25,567 INFO: No PostgreSQL configuration items changed, nothing to reload.
2023-11-21 14:29:25,571 WARNING: Postgresql is not running.
2023-11-21 14:29:25,571 INFO: Lock owner: None; I am cdds-postgres-cluster-0
2023-11-21 14:29:25,572 INFO: pg_controldata:
  pg_control version number: 1100
  Catalog version number: 201809051
  Database system identifier: 7299822848984969291
  Database cluster state: shut down
  pg_control last modified: Mon Nov 20 17:04:14 2023
  Latest checkpoint location: 0/13000028
  Latest checkpoint's REDO location: 0/13000028
  Latest checkpoint's REDO WAL file: 000000040000000000000013
  Latest checkpoint's TimeLineID: 4
  Latest checkpoint's PrevTimeLineID: 4
  Latest checkpoint's full_page_writes: on
  Latest checkpoint's NextXID: 0:1797
  Latest checkpoint's NextOID: 16830
  Latest checkpoint's NextMultiXactId: 1
  Latest checkpoint's NextMultiOffset: 0
  Latest checkpoint's oldestXID: 562
  Latest checkpoint's oldestXID's DB: 1
  Latest checkpoint's oldestActiveXID: 0
  Latest checkpoint's oldestMultiXid: 1
  Latest checkpoint's oldestMulti's DB: 1
  Latest checkpoint's oldestCommitTsXid: 0
  Latest checkpoint's newestCommitTsXid: 0
  Time of latest checkpoint: Mon Nov 20 17:04:14 2023
  Fake LSN counter for unlogged rels: 0/1
  Minimum recovery ending location: 0/0
  Min recovery ending loc's timeline: 0
  Backup start location: 0/0
  Backup end location: 0/0
  End-of-backup record required: no
  wal_level setting: replica
  wal_log_hints setting: on
  max_connections setting: 100
  max_worker_processes setting: 8
  max_prepared_xacts setting: 0
  max_locks_per_xact setting: 64
  track_commit_timestamp setting: off
  Maximum data alignment: 8
  Database block size: 8192
  Blocks per segment of large relation: 131072
  WAL block size: 8192
  Bytes per WAL segment: 16777216
  Maximum length of identifiers: 64
  Maximum columns in an index: 32
  Maximum size of a TOAST chunk: 1996
  Size of a large-object chunk: 2048
  Date/time type storage: 64-bit integers
  Float4 argument passing: by value
  Float8 argument passing: by value
  Data page checksum version: 0
  Mock authentication nonce: ccb370743967c984d52189849d323ef02c53e89efe5d79abaed0351e9f6483e1

2023-11-21 14:29:25,578 INFO: Lock owner: None; I am cdds-postgres-cluster-0
2023-11-21 14:29:25,687 INFO: starting as a secondary
2023-11-21 14:29:25,881 INFO: postmaster pid=62
/var/run/postgresql:5432 - no response
2023-11-21 14:29:25 UTC [62]: [1-1] 655cbec5.3e 0     LOG:  Auto detecting pg_stat_kcache.linux_hz parameter...
2023-11-21 14:29:25 UTC [62]: [2-1] 655cbec5.3e 0     LOG:  pg_stat_kcache.linux_hz is set to 1000000
2023-11-21 14:29:25 UTC [62]: [3-1] 655cbec5.3e 0     LOG:  listening on IPv4 address "***HIDDEN***", port 5432
2023-11-21 14:29:25 UTC [62]: [4-1] 655cbec5.3e 0     LOG:  listening on IPv6 address "::", port 5432
2023-11-21 14:29:25 UTC [62]: [5-1] 655cbec5.3e 0     LOG:  listening on Unix socket "/var/run/postgresql/.s.PGSQL.5432"
2023-11-21 14:29:25 UTC [62]: [6-1] 655cbec5.3e 0     LOG:  redirecting log output to logging collector process
2023-11-21 14:29:25 UTC [62]: [7-1] 655cbec5.3e 0     HINT:  Future log output will appear in directory "../pg_log".
/var/run/postgresql:5432 - rejecting connections
/var/run/postgresql:5432 - rejecting connections
/var/run/postgresql:5432 - rejecting connections
/var/run/postgresql:5432 - rejecting connections
/var/run/postgresql:5432 - rejecting connections
/var/run/postgresql:5432 - rejecting connections
/var/run/postgresql:5432 - rejecting connections
/var/run/postgresql:5432 - rejecting connections
/var/run/postgresql:5432 - rejecting connections
/var/run/postgresql:5432 - rejecting connections
/var/run/postgresql:5432 - rejecting connections
2023-11-21 14:29:36,071 INFO: Lock owner: None; I am cdds-postgres-cluster-0
2023-11-21 14:29:36,071 INFO: not healthy enough for leader race
2023-11-21 14:29:36,128 INFO: restarting after failure in progress
/var/run/postgresql:5432 - rejecting connections
/var/run/postgresql:5432 - rejecting connections
/var/run/postgresql:5432 - rejecting connections
/var/run/postgresql:5432 - rejecting connections
/var/run/postgresql:5432 - rejecting connections
/var/run/postgresql:5432 - rejecting connections
/var/run/postgresql:5432 - rejecting connections
/var/run/postgresql:5432 - rejecting connections
/var/run/postgresql:5432 - rejecting connections
/var/run/postgresql:5432 - rejecting connections
2023-11-21 14:29:46,070 INFO: Lock owner: None; I am cdds-postgres-cluster-0
2023-11-21 14:29:46,071 INFO: not healthy enough for leader race
2023-11-21 14:29:46,071 INFO: restarting after failure in progress
/var/run/postgresql:5432 - rejecting connections
/var/run/postgresql:5432 - rejecting connections
/var/run/postgresql:5432 - rejecting connections
/var/run/postgresql:5432 - rejecting connections
/var/run/postgresql:5432 - rejecting connections
/var/run/postgresql:5432 - rejecting connections
/var/run/postgresql:5432 - rejecting connections
/var/run/postgresql:5432 - rejecting connections
/var/run/postgresql:5432 - rejecting connections
2023-11-21 14:29:56,070 INFO: Lock owner: None; I am cdds-postgres-cluster-0
2023-11-21 14:29:56,071 INFO: not healthy enough for leader race
2023-11-21 14:29:56,071 INFO: restarting after failure in progress
/var/run/postgresql:5432 - rejecting connections
/var/run/postgresql:5432 - rejecting connections
/var/run/postgresql:5432 - rejecting connections
2023-11-21 14:29:58,517 WARNING: Retry got exception: 'connection problems'
/var/run/postgresql:5432 - rejecting connections
/var/run/postgresql:5432 - rejecting connections
/var/run/postgresql:5432 - rejecting connections
/var/run/postgresql:5432 - rejecting connections
/var/run/postgresql:5432 - rejecting connections
/var/run/postgresql:5432 - rejecting connections
/var/run/postgresql:5432 - rejecting connections
2023-11-21 14:30:06,070 INFO: Lock owner: None; I am cdds-postgres-cluster-0
2023-11-21 14:30:06,071 INFO: not healthy enough for leader race
2023-11-21 14:30:06,071 INFO: restarting after failure in progress
/var/run/postgresql:5432 - rejecting connections
/var/run/postgresql:5432 - rejecting connections
/var/run/postgresql:5432 - rejecting connections
/var/run/postgresql:5432 - rejecting connections
/var/run/postgresql:5432 - rejecting connections
/var/run/postgresql:5432 - rejecting connections
/var/run/postgresql:5432 - rejecting connections
/var/run/postgresql:5432 - rejecting connections
/var/run/postgresql:5432 - rejecting connections
/var/run/postgresql:5432 - rejecting connections
2023-11-21 14:30:16,070 INFO: Lock owner: None; I am cdds-postgres-cluster-0
2023-11-21 14:30:16,071 INFO: not healthy enough for leader race
2023-11-21 14:30:16,071 INFO: restarting after failure in progress
/var/run/postgresql:5432 - rejecting connections
/var/run/postgresql:5432 - rejecting connections
/var/run/postgresql:5432 - rejecting connections
/var/run/postgresql:5432 - rejecting connections
/var/run/postgresql:5432 - rejecting connections
/var/run/postgresql:5432 - rejecting connections
/var/run/postgresql:5432 - rejecting connections
/var/run/postgresql:5432 - rejecting connections
/var/run/postgresql:5432 - rejecting connections
/var/run/postgresql:5432 - rejecting connections
2023-11-21 14:30:26,070 INFO: Lock owner: None; I am cdds-postgres-cluster-0
2023-11-21 14:30:26,071 INFO: not healthy enough for leader race
2023-11-21 14:30:26,071 INFO: restarting after failure in progress
/var/run/postgresql:5432 - rejecting connections
/var/run/postgresql:5432 - accepting connections
2023-11-21 14:30:36,098 INFO: establishing a new patroni connection to the postgres cluster
2023-11-21 14:30:36,177 WARNING: Could not activate Linux watchdog device: "Can't open watchdog device: [Errno 2] No such file or directory: '/dev/watchdog'"
2023-11-21 14:30:36,252 INFO: promoted self to leader by acquiring session lock
server promoting
2023-11-21 14:30:36,254 INFO: cleared rewind state after becoming the leader
2023-11-21 14:30:36,253 INFO: Lock owner: cdds-postgres-cluster-0; I am cdds-postgres-cluster-0
2023-11-21 14:30:36,453 INFO: updated leader lock during promote
2023-11-21 14:30:37,422 INFO: no action. I am (cdds-postgres-cluster-0), the leader with the lock
DO
NOTICE:  role "admin" is already a member of role "cron_admin"
GRANT ROLE
DO
DO
NOTICE:  extension "pg_auth_mon" already exists, skipping
CREATE EXTENSION
NOTICE:  version "1.1" of extension "pg_auth_mon" is already installed
ALTER EXTENSION
GRANT
NOTICE:  extension "pg_cron" already exists, skipping
CREATE EXTENSION
DO
NOTICE:  version "1.4-1" of extension "pg_cron" is already installed
ALTER EXTENSION
ALTER POLICY
REVOKE
GRANT
REVOKE
GRANT
ALTER POLICY
REVOKE
GRANT
CREATE FUNCTION
REVOKE
GRANT
REVOKE
GRANT
NOTICE:  extension "file_fdw" already exists, skipping
CREATE EXTENSION
DO
NOTICE:  relation "postgres_log" already exists, skipping
CREATE TABLE
GRANT
NOTICE:  relation "postgres_log_0" already exists, skipping
CREATE FOREIGN TABLE
GRANT
CREATE VIEW
ALTER VIEW
GRANT
NOTICE:  relation "postgres_log_1" already exists, skipping
CREATE FOREIGN TABLE
GRANT
CREATE VIEW
ALTER VIEW
GRANT
NOTICE:  relation "postgres_log_2" already exists, skipping
CREATE FOREIGN TABLE
GRANT
CREATE VIEW
ALTER VIEW
GRANT
NOTICE:  relation "postgres_log_3" already exists, skipping
CREATE FOREIGN TABLE
GRANT
CREATE VIEW
ALTER VIEW
GRANT
NOTICE:  relation "postgres_log_4" already exists, skipping
CREATE FOREIGN TABLE
GRANT
CREATE VIEW
ALTER VIEW
GRANT
NOTICE:  relation "postgres_log_5" already exists, skipping
CREATE FOREIGN TABLE
GRANT
CREATE VIEW
ALTER VIEW
GRANT
NOTICE:  relation "postgres_log_6" already exists, skipping
CREATE FOREIGN TABLE
GRANT
CREATE VIEW
ALTER VIEW
GRANT
NOTICE:  relation "postgres_log_7" already exists, skipping
CREATE FOREIGN TABLE
GRANT
CREATE VIEW
ALTER VIEW
GRANT
RESET
SET
NOTICE:  drop cascades to 5 other objects
DETAIL:  drop cascades to type zmon_utils.system_information
drop cascades to function zmon_utils.get_database_cluster_information()
drop cascades to function zmon_utils.get_database_cluster_system_information()
drop cascades to function zmon_utils.get_last_status_active_cronjobs()
drop cascades to view zmon_utils.last_status_active_cronjobs
DROP SCHEMA
NOTICE:  extension "plpython3u" already exists, skipping
DO
NOTICE:  language "plpythonu" does not exist, skipping
DROP LANGUAGE
NOTICE:  function plpython_call_handler() does not exist, skipping
DROP FUNCTION
NOTICE:  function plpython_inline_handler(internal) does not exist, skipping
DROP FUNCTION
NOTICE:  function plpython_validator(oid) does not exist, skipping
DROP FUNCTION
CREATE SCHEMA
GRANT
SET
CREATE TYPE
CREATE FUNCTION
CREATE FUNCTION
CREATE FUNCTION
REVOKE
CREATE VIEW
REVOKE
GRANT
GRANT
You are now connected to database "postgres" as user "postgres".
NOTICE:  schema "user_management" already exists, skipping
CREATE SCHEMA
GRANT
SET
CREATE FUNCTION
CREATE FUNCTION
REVOKE
GRANT
COMMENT
CREATE FUNCTION
REVOKE
GRANT
COMMENT
CREATE FUNCTION
REVOKE
GRANT
COMMENT
CREATE FUNCTION
REVOKE
GRANT
COMMENT
CREATE FUNCTION
REVOKE
GRANT
COMMENT
CREATE FUNCTION
REVOKE
GRANT
COMMENT
CREATE FUNCTION
REVOKE
GRANT
COMMENT
CREATE FUNCTION
REVOKE
GRANT
COMMENT
GRANT
RESET
NOTICE:  extension "pg_stat_statements" already exists, skipping
CREATE EXTENSION
NOTICE:  extension "pg_stat_kcache" already exists, skipping
CREATE EXTENSION
NOTICE:  extension "set_user" already exists, skipping
CREATE EXTENSION
NOTICE:  version "3.0" of extension "set_user" is already installed
ALTER EXTENSION
GRANT
GRANT
GRANT
NOTICE:  schema "metric_helpers" already exists, skipping
CREATE SCHEMA
GRANT
SET
CREATE FUNCTION
CREATE VIEW
CREATE FUNCTION
CREATE VIEW
CREATE FUNCTION
CREATE VIEW
REVOKE
GRANT
REVOKE
GRANT
RESET
You are now connected to database "cdds" as user "postgres".
NOTICE:  schema "user_management" already exists, skipping
CREATE SCHEMA
GRANT
SET
CREATE FUNCTION
CREATE FUNCTION
REVOKE
GRANT
COMMENT
CREATE FUNCTION
REVOKE
GRANT
COMMENT
CREATE FUNCTION
REVOKE
GRANT
COMMENT
CREATE FUNCTION
REVOKE
GRANT
COMMENT
CREATE FUNCTION
REVOKE
GRANT
COMMENT
CREATE FUNCTION
REVOKE
GRANT
COMMENT
CREATE FUNCTION
REVOKE
GRANT
COMMENT
CREATE FUNCTION
REVOKE
GRANT
COMMENT
GRANT
RESET
NOTICE:  extension "pg_stat_statements" already exists, skipping
CREATE EXTENSION
NOTICE:  extension "pg_stat_kcache" already exists, skipping
CREATE EXTENSION
NOTICE:  extension "set_user" already exists, skipping
CREATE EXTENSION
NOTICE:  version "3.0" of extension "set_user" is already installed
ALTER EXTENSION
GRANT
GRANT
GRANT
NOTICE:  schema "metric_helpers" already exists, skipping
CREATE SCHEMA
GRANT
SET
CREATE FUNCTION
CREATE VIEW
CREATE FUNCTION
CREATE VIEW
CREATE FUNCTION
CREATE VIEW
REVOKE
GRANT
REVOKE
GRANT
RESET
You are now connected to database "template1" as user "postgres".
NOTICE:  schema "user_management" already exists, skipping
CREATE SCHEMA
GRANT
SET
CREATE FUNCTION
CREATE FUNCTION
REVOKE
GRANT
COMMENT
CREATE FUNCTION
REVOKE
GRANT
COMMENT
CREATE FUNCTION
REVOKE
GRANT
COMMENT
CREATE FUNCTION
REVOKE
GRANT
COMMENT
CREATE FUNCTION
REVOKE
GRANT
COMMENT
CREATE FUNCTION
REVOKE
GRANT
COMMENT
CREATE FUNCTION
REVOKE
GRANT
COMMENT
CREATE FUNCTION
REVOKE
GRANT
COMMENT
GRANT
RESET
NOTICE:  extension "pg_stat_statements" already exists, skipping
CREATE EXTENSION
NOTICE:  extension "pg_stat_kcache" already exists, skipping
CREATE EXTENSION
NOTICE:  extension "set_user" already exists, skipping
CREATE EXTENSION
NOTICE:  version "3.0" of extension "set_user" is already installed
ALTER EXTENSION
GRANT
GRANT
GRANT
NOTICE:  schema "metric_helpers" already exists, skipping
CREATE SCHEMA
GRANT
SET
CREATE FUNCTION
CREATE VIEW
CREATE FUNCTION
CREATE VIEW
CREATE FUNCTION
CREATE VIEW
REVOKE
GRANT
REVOKE
GRANT
RESET
2023-11-21 14:30:47,858 INFO: no action. I am (cdds-postgres-cluster-0), the leader with the lock
2023-11-21 14:30:57,811 INFO: no action. I am (cdds-postgres-cluster-0), the leader with the lock
2023-11-21 14:31:07,808 INFO: no action. I am (cdds-postgres-cluster-0), the leader with the lock
2023-11-21 14:31:17,808 INFO: no action. I am (cdds-postgres-cluster-0), the leader with the lock
2023-11-21 14:31:25.191 UTC [30] LOG Starting pgqd 3.5
2023-11-21 14:31:25.191 UTC [30] LOG auto-detecting dbs ...
2023-11-21 14:31:25.192 - /scripts/postgres_backup.sh - I was called as: /scripts/postgres_backup.sh /home/postgres/pgdata/pgroot/data
2023-11-21 14:31:25.386 - /scripts/postgres_backup.sh - producing a new backup
INFO: 2023/11/21 14:31:25.483767 Calling pg_start_backup()
INFO: 2023/11/21 14:31:25.681553 Starting a new tar bundle
INFO: 2023/11/21 14:31:25.681580 Walking ...
INFO: 2023/11/21 14:31:25.681763 Starting part 1 ...
INFO: 2023/11/21 14:31:26.325600 Packing ...
INFO: 2023/11/21 14:31:26.326860 Finished writing part 1.
INFO: 2023/11/21 14:31:26.394845 Starting part 2 ...
INFO: 2023/11/21 14:31:26.394870 /global/pg_control
INFO: 2023/11/21 14:31:26.397033 Finished writing part 2.
INFO: 2023/11/21 14:31:26.397053 Calling pg_stop_backup()
INFO: 2023/11/21 14:31:27.439001 Starting part 3 ...
INFO: 2023/11/21 14:31:27.443680 backup_label
INFO: 2023/11/21 14:31:27.443693 tablespace_map
INFO: 2023/11/21 14:31:27.443758 Finished writing part 3.
INFO: 2023/11/21 14:31:27.469727 Wrote backup with name base_000000050000000000000014
2023-11-21 14:31:27,858 INFO: no action. I am (cdds-postgres-cluster-0), the leader with the lock
2023-11-21 14:31:37,861 INFO: no action. I am (cdds-postgres-cluster-0), the leader with the lock
2023-11-21 14:31:47,863 INFO: no action. I am (cdds-postgres-cluster-0), the leader with the lock
2023-11-21 14:31:55.222 UTC [30] LOG {ticks: 0, maint: 0, retry: 0}
2023-11-21 14:31:57,809 INFO: no action. I am (cdds-postgres-cluster-0), the leader with the lock
2023-11-21 14:32:07,808 INFO: no action. I am (cdds-postgres-cluster-0), the leader with the lock
2023-11-21 14:32:17,807 INFO: no action. I am (cdds-postgres-cluster-0), the leader with the lock
2023-11-21 14:32:25.227 UTC [30] LOG {ticks: 0, maint: 0, retry: 0}
2023-11-21 14:32:27,806 INFO: no action. I am (cdds-postgres-cluster-0), the leader with the lock
2023-11-21 14:32:37,859 INFO: no action. I am (cdds-postgres-cluster-0), the leader with the lock
2023-11-21 14:32:47,861 INFO: no action. I am (cdds-postgres-cluster-0), the leader with the lock
2023-11-21 14:32:55.254 UTC [30] LOG {ticks: 0, maint: 0, retry: 0}
2023-11-21 14:32:57,868 INFO: no action. I am (cdds-postgres-cluster-0), the leader with the lock
2023-11-21 14:33:07,857 INFO: no action. I am (cdds-postgres-cluster-0), the leader with the lock
2023-11-21 14:33:17,805 INFO: no action. I am (cdds-postgres-cluster-0), the leader with the lock
2023-11-21 14:33:25.259 UTC [30] LOG {ticks: 0, maint: 0, retry: 0}
2023-11-21 14:33:27,808 INFO: no action. I am (cdds-postgres-cluster-0), the leader with the lock
2023-11-21 14:33:37,805 INFO: no action. I am (cdds-postgres-cluster-0), the leader with the lock
2023-11-21 14:33:47,810 INFO: no action. I am (cdds-postgres-cluster-0), the leader with the lock
2023-11-21 14:33:55.286 UTC [30] LOG {ticks: 0, maint: 0, retry: 0}
2023-11-21 14:33:57,806 INFO: no action. I am (cdds-postgres-cluster-0), the leader with the lock
2023-11-21 14:34:07,807 INFO: no action. I am (cdds-postgres-cluster-0), the leader with the lock
2023-11-21 14:34:17,812 INFO: no action. I am (cdds-postgres-cluster-0), the leader with the lock
2023-11-21 14:34:25.287 UTC [30] LOG {ticks: 0, maint: 0, retry: 0}
2023-11-21 14:34:27,808 INFO: no action. I am (cdds-postgres-cluster-0), the leader with the lock
2023-11-21 14:34:37,805 INFO: no action. I am (cdds-postgres-cluster-0), the leader with the lock
2023-11-21 14:34:47,806 INFO: no action. I am (cdds-postgres-cluster-0), the leader with the lock
2023-11-21 14:34:55.315 UTC [30] LOG {ticks: 0, maint: 0, retry: 0}
2023-11-21 14:34:57,811 INFO: no action. I am (cdds-postgres-cluster-0), the leader with the lock
2023-11-21 14:35:07,807 INFO: no action. I am (cdds-postgres-cluster-0), the leader with the lock
2023-11-21 14:35:17,810 INFO: no action. I am (cdds-postgres-cluster-0), the leader with the lock
2023-11-21 14:35:25.319 UTC [30] LOG {ticks: 0, maint: 0, retry: 0}
2023-11-21 14:35:27,806 INFO: no action. I am (cdds-postgres-cluster-0), the leader with the lock
2023-11-21 14:35:37,805 INFO: no action. I am (cdds-postgres-cluster-0), the leader with the lock
2023-11-21 14:35:47,805 INFO: no action. I am (cdds-postgres-cluster-0), the leader with the lock
2023-11-21 14:35:55.349 UTC [30] LOG {ticks: 0, maint: 0, retry: 0}
2023-11-21 14:35:57,805 INFO: no action. I am (cdds-postgres-cluster-0), the leader with the lock
2023-11-21 14:36:07,806 INFO: no action. I am (cdds-postgres-cluster-0), the leader with the lock
2023-11-21 14:36:17,808 INFO: no action. I am (cdds-postgres-cluster-0), the leader with the lock
2023-11-21 14:36:25.351 UTC [30] LOG {ticks: 0, maint: 0, retry: 0}
2023-11-21 14:36:27,807 INFO: no action. I am (cdds-postgres-cluster-0), the leader with the lock
2023-11-21 14:36:37,806 INFO: no action. I am (cdds-postgres-cluster-0), the leader with the lock
2023-11-21 14:36:47,861 INFO: no action. I am (cdds-postgres-cluster-0), the leader with the lock
2023-11-21 14:36:55.379 UTC [30] LOG {ticks: 0, maint: 0, retry: 0}
2023-11-21 14:36:57,809 INFO: no action. I am (cdds-postgres-cluster-0), the leader with the lock
2023-11-21 14:37:07,805 INFO: no action. I am (cdds-postgres-cluster-0), the leader with the lock
2023-11-21 14:37:17,806 INFO: no action. I am (cdds-postgres-cluster-0), the leader with the lock
2023-11-21 14:37:25.383 UTC [30] LOG {ticks: 0, maint: 0, retry: 0}
2023-11-21 14:37:27,806 INFO: no action. I am (cdds-postgres-cluster-0), the leader with the lock
2023-11-21 14:37:37,806 INFO: no action. I am (cdds-postgres-cluster-0), the leader with the lock
2023-11-21 14:37:47,806 INFO: no action. I am (cdds-postgres-cluster-0), the leader with the lock
2023-11-21 14:37:55.413 UTC [30] LOG {ticks: 0, maint: 0, retry: 0}
2023-11-21 14:37:57,810 INFO: no action. I am (cdds-postgres-cluster-0), the leader with the lock
2023-11-21 14:38:07,808 INFO: no action. I am (cdds-postgres-cluster-0), the leader with the lock
2023-11-21 14:38:17,810 INFO: no action. I am (cdds-postgres-cluster-0), the leader with the lock
2023-11-21 14:38:25.415 UTC [30] LOG {ticks: 0, maint: 0, retry: 0}
2023-11-21 14:38:27,810 INFO: no action. I am (cdds-postgres-cluster-0), the leader with the lock
2023-11-21 14:38:37,806 INFO: no action. I am (cdds-postgres-cluster-0), the leader with the lock
2023-11-21 14:38:47,809 INFO: no action. I am (cdds-postgres-cluster-0), the leader with the lock
2023-11-21 14:38:55.445 UTC [30] LOG {ticks: 0, maint: 0, retry: 0}
2023-11-21 14:38:57,806 INFO: no action. I am (cdds-postgres-cluster-0), the leader with the lock
2023-11-21 14:39:07,805 INFO: no action. I am (cdds-postgres-cluster-0), the leader with the lock
2023-11-21 14:39:17,810 INFO: no action. I am (cdds-postgres-cluster-0), the leader with the lock
2023-11-21 14:39:25.447 UTC [30] LOG {ticks: 0, maint: 0, retry: 0}
2023-11-21 14:39:27,808 INFO: no action. I am (cdds-postgres-cluster-0), the leader with the lock
2023-11-21 14:39:37,810 INFO: no action. I am (cdds-postgres-cluster-0), the leader with the lock
2023-11-21 14:39:47,806 INFO: no action. I am (cdds-postgres-cluster-0), the leader with the lock
2023-11-21 14:39:55.475 UTC [30] LOG {ticks: 0, maint: 0, retry: 0}
2023-11-21 14:39:57,806 INFO: no action. I am (cdds-postgres-cluster-0), the leader with the lock
2023-11-21 14:40:07,806 INFO: no action. I am (cdds-postgres-cluster-0), the leader with the lock
2023-11-21 14:40:17,810 INFO: no action. I am (cdds-postgres-cluster-0), the leader with the lock
2023-11-21 14:40:25.479 UTC [30] LOG {ticks: 0, maint: 0, retry: 0}
2023-11-21 14:40:27,805 INFO: no action. I am (cdds-postgres-cluster-0), the leader with the lock
2023-11-21 14:40:37,808 INFO: no action. I am (cdds-postgres-cluster-0), the leader with the lock
2023-11-21 14:40:47,808 INFO: no action. I am (cdds-postgres-cluster-0), the leader with the lock
2023-11-21 14:40:55.507 UTC [30] LOG {ticks: 0, maint: 0, retry: 0}
2023-11-21 14:40:57,807 INFO: no action. I am (cdds-postgres-cluster-0), the leader with the lock
2023-11-21 14:41:07,806 INFO: no action. I am (cdds-postgres-cluster-0), the leader with the lock
2023-11-21 14:41:17,810 INFO: no action. I am (cdds-postgres-cluster-0), the leader with the lock
2023-11-21 14:41:25.511 UTC [30] LOG {ticks: 0, maint: 0, retry: 0}
2023-11-21 14:41:27,812 INFO: no action. I am (cdds-postgres-cluster-0), the leader with the lock
2023-11-21 14:41:37,812 INFO: no action. I am (cdds-postgres-cluster-0), the leader with the lock
2023-11-21 14:41:47,808 INFO: no action. I am (cdds-postgres-cluster-0), the leader with the lock
2023-11-21 14:41:55.539 UTC [30] LOG {ticks: 0, maint: 0, retry: 0}
2023-11-21 14:41:57,806 INFO: no action. I am (cdds-postgres-cluster-0), the leader with the lock
2023-11-21 14:42:07,806 INFO: no action. I am (cdds-postgres-cluster-0), the leader with the lock
2023-11-21 14:42:17,812 INFO: no action. I am (cdds-postgres-cluster-0), the leader with the lock
2023-11-21 14:42:25.543 UTC [30] LOG {ticks: 0, maint: 0, retry: 0}
2023-11-21 14:42:27,805 INFO: no action. I am (cdds-postgres-cluster-0), the leader with the lock
2023-11-21 14:42:37,806 INFO: no action. I am (cdds-postgres-cluster-0), the leader with the lock
2023-11-21 14:42:47,806 INFO: no action. I am (cdds-postgres-cluster-0), the leader with the lock
2023-11-21 14:42:55.571 UTC [30] LOG {ticks: 0, maint: 0, retry: 0}
2023-11-21 14:42:57,806 INFO: no action. I am (cdds-postgres-cluster-0), the leader with the lock
2023-11-21 14:43:07,805 INFO: no action. I am (cdds-postgres-cluster-0), the leader with the lock
2023-11-21 14:43:17,806 INFO: no action. I am (cdds-postgres-cluster-0), the leader with the lock
2023-11-21 14:43:25.575 UTC [30] LOG {ticks: 0, maint: 0, retry: 0}
2023-11-21 14:43:27,808 INFO: no action. I am (cdds-postgres-cluster-0), the leader with the lock
2023-11-21 14:43:37,808 INFO: no action. I am (cdds-postgres-cluster-0), the leader with the lock
2023-11-21 14:43:47,806 INFO: no action. I am (cdds-postgres-cluster-0), the leader with the lock
2023-11-21 14:43:55.603 UTC [30] LOG {ticks: 0, maint: 0, retry: 0}
2023-11-21 14:43:57,808 INFO: no action. I am (cdds-postgres-cluster-0), the leader with the lock
2023-11-21 14:44:07,810 INFO: no action. I am (cdds-postgres-cluster-0), the leader with the lock
2023-11-21 14:44:17,809 INFO: no action. I am (cdds-postgres-cluster-0), the leader with the lock
2023-11-21 14:44:25.607 UTC [30] LOG {ticks: 0, maint: 0, retry: 0}
2023-11-21 14:44:27,806 INFO: no action. I am (cdds-postgres-cluster-0), the leader with the lock
2023-11-21 14:44:37,809 INFO: no action. I am (cdds-postgres-cluster-0), the leader with the lock
2023-11-21 14:44:47,805 INFO: no action. I am (cdds-postgres-cluster-0), the leader with the lock
2023-11-21 14:44:55.635 UTC [30] LOG {ticks: 0, maint: 0, retry: 0}
2023-11-21 14:44:57,806 INFO: no action. I am (cdds-postgres-cluster-0), the leader with the lock
2023-11-21 14:45:07,806 INFO: no action. I am (cdds-postgres-cluster-0), the leader with the lock
2023-11-21 14:45:17,810 INFO: no action. I am (cdds-postgres-cluster-0), the leader with the lock
2023-11-21 14:45:25.639 UTC [30] LOG {ticks: 0, maint: 0, retry: 0}
2023-11-21 14:45:27,807 INFO: no action. I am (cdds-postgres-cluster-0), the leader with the lock
2023-11-21 14:45:37,808 INFO: no action. I am (cdds-postgres-cluster-0), the leader with the lock
2023-11-21 14:45:47,812 INFO: no action. I am (cdds-postgres-cluster-0), the leader with the lock
2023-11-21 14:45:55.669 UTC [30] LOG {ticks: 0, maint: 0, retry: 0}
2023-11-21 14:45:57,810 INFO: no action. I am (cdds-postgres-cluster-0), the leader with the lock
2023-11-21 14:46:07,805 INFO: no action. I am (cdds-postgres-cluster-0), the leader with the lock
2023-11-21 14:46:17,805 INFO: no action. I am (cdds-postgres-cluster-0), the leader with the lock
2023-11-21 14:46:25.671 UTC [30] LOG {ticks: 0, maint: 0, retry: 0}
2023-11-21 14:46:27,806 INFO: no action. I am (cdds-postgres-cluster-0), the leader with the lock
2023-11-21 14:46:37,805 INFO: no action. I am (cdds-postgres-cluster-0), the leader with the lock
2023-11-21 14:46:47,810 INFO: no action. I am (cdds-postgres-cluster-0), the leader with the lock
2023-11-21 14:46:55.698 UTC [30] LOG {ticks: 0, maint: 0, retry: 0}
2023-11-21 14:46:57,810 INFO: no action. I am (cdds-postgres-cluster-0), the leader with the lock
2023-11-21 14:47:07,806 INFO: no action. I am (cdds-postgres-cluster-0), the leader with the lock
2023-11-21 14:47:17,806 INFO: no action. I am (cdds-postgres-cluster-0), the leader with the lock
2023-11-21 14:47:25.702 UTC [30] LOG {ticks: 0, maint: 0, retry: 0}
2023-11-21 14:47:27,806 INFO: no action. I am (cdds-postgres-cluster-0), the leader with the lock
2023-11-21 14:47:37,806 INFO: no action. I am (cdds-postgres-cluster-0), the leader with the lock
2023-11-21 14:47:47,806 INFO: no action. I am (cdds-postgres-cluster-0), the leader with the lock
2023-11-21 14:47:55.729 UTC [30] LOG {ticks: 0, maint: 0, retry: 0}
2023-11-21 14:47:57,806 INFO: no action. I am (cdds-postgres-cluster-0), the leader with the lock
2023-11-21 14:48:07,806 INFO: no action. I am (cdds-postgres-cluster-0), the leader with the lock
2023-11-21 14:48:17,810 INFO: no action. I am (cdds-postgres-cluster-0), the leader with the lock
2023-11-21 14:48:25.731 UTC [30] LOG {ticks: 0, maint: 0, retry: 0}
2023-11-21 14:48:27,808 INFO: no action. I am (cdds-postgres-cluster-0), the leader with the lock
2023-11-21 14:48:37,809 INFO: no action. I am (cdds-postgres-cluster-0), the leader with the lock
2023-11-21 14:48:47,805 INFO: no action. I am (cdds-postgres-cluster-0), the leader with the lock
2023-11-21 14:48:55.758 UTC [30] LOG {ticks: 0, maint: 0, retry: 0}
2023-11-21 14:48:57,805 INFO: no action. I am (cdds-postgres-cluster-0), the leader with the lock
2023-11-21 14:49:07,808 INFO: no action. I am (cdds-postgres-cluster-0), the leader with the lock
2023-11-21 14:49:17,808 INFO: no action. I am (cdds-postgres-cluster-0), the leader with the lock
2023-11-21 14:49:25.763 UTC [30] LOG {ticks: 0, maint: 0, retry: 0}
2023-11-21 14:49:27,805 INFO: no action. I am (cdds-postgres-cluster-0), the leader with the lock
2023-11-21 14:49:37,806 INFO: no action. I am (cdds-postgres-cluster-0), the leader with the lock
2023-11-21 14:49:47,810 INFO: no action. I am (cdds-postgres-cluster-0), the leader with the lock
2023-11-21 14:49:55.791 UTC [30] LOG {ticks: 0, maint: 0, retry: 0}
2023-11-21 14:49:57,810 INFO: no action. I am (cdds-postgres-cluster-0), the leader with the lock
2023-11-21 14:50:07,810 INFO: no action. I am (cdds-postgres-cluster-0), the leader with the lock
2023-11-21 14:50:17,808 INFO: no action. I am (cdds-postgres-cluster-0), the leader with the lock
2023-11-21 14:50:25.795 UTC [30] LOG {ticks: 0, maint: 0, retry: 0}
2023-11-21 14:50:27,810 INFO: no action. I am (cdds-postgres-cluster-0), the leader with the lock
2023-11-21 14:50:37,806 INFO: no action. I am (cdds-postgres-cluster-0), the leader with the lock
2023-11-21 14:50:47,806 INFO: no action. I am (cdds-postgres-cluster-0), the leader with the lock
2023-11-21 14:50:55.825 UTC [30] LOG {ticks: 0, maint: 0, retry: 0}
2023-11-21 14:50:57,806 INFO: no action. I am (cdds-postgres-cluster-0), the leader with the lock
2023-11-21 14:51:07,806 INFO: no action. I am (cdds-postgres-cluster-0), the leader with the lock
2023-11-21 14:51:17,808 INFO: no action. I am (cdds-postgres-cluster-0), the leader with the lock
2023-11-21 14:51:25.827 UTC [30] LOG {ticks: 0, maint: 0, retry: 0}
2023-11-21 14:51:27,807 INFO: no action. I am (cdds-postgres-cluster-0), the leader with the lock
2023-11-21 14:51:37,809 INFO: no action. I am (cdds-postgres-cluster-0), the leader with the lock
2023-11-21 14:51:47,809 INFO: no action. I am (cdds-postgres-cluster-0), the leader with the lock
2023-11-21 14:51:55.854 UTC [30] LOG {ticks: 0, maint: 0, retry: 0}
2023-11-21 14:51:57,805 INFO: no action. I am (cdds-postgres-cluster-0), the leader with the lock
2023-11-21 14:52:07,806 INFO: no action. I am (cdds-postgres-cluster-0), the leader with the lock
2023-11-21 14:52:17,806 INFO: no action. I am (cdds-postgres-cluster-0), the leader with the lock
2023-11-21 14:52:25.859 UTC [30] LOG {ticks: 0, maint: 0, retry: 0}
2023-11-21 14:52:27,811 INFO: no action. I am (cdds-postgres-cluster-0), the leader with the lock
2023-11-21 14:52:37,808 INFO: no action. I am (cdds-postgres-cluster-0), the leader with the lock
2023-11-21 14:52:47,808 INFO: no action. I am (cdds-postgres-cluster-0), the leader with the lock
2023-11-21 14:52:55.879 UTC [30] LOG {ticks: 0, maint: 0, retry: 0}
2023-11-21 14:52:57,806 INFO: no action. I am (cdds-postgres-cluster-0), the leader with the lock
2023-11-21 14:53:07,810 INFO: no action. I am (cdds-postgres-cluster-0), the leader with the lock
2023-11-21 14:53:17,805 INFO: no action. I am (cdds-postgres-cluster-0), the leader with the lock
2023-11-21 14:53:25.882 UTC [30] LOG {ticks: 0, maint: 0, retry: 0}
2023-11-21 14:53:27,810 INFO: no action. I am (cdds-postgres-cluster-0), the leader with the lock
2023-11-21 14:53:37,806 INFO: no action. I am (cdds-postgres-cluster-0), the leader with the lock
2023-11-21 14:53:47,806 INFO: no action. I am (cdds-postgres-cluster-0), the leader with the lock
2023-11-21 14:53:55.907 UTC [30] LOG {ticks: 0, maint: 0, retry: 0}
2023-11-21 14:53:57,806 INFO: no action. I am (cdds-postgres-cluster-0), the leader with the lock
2023-11-21 14:54:07,813 INFO: no action. I am (cdds-postgres-cluster-0), the leader with the lock
2023-11-21 14:54:17,810 INFO: no action. I am (cdds-postgres-cluster-0), the leader with the lock
2023-11-21 14:54:25.911 UTC [30] LOG {ticks: 0, maint: 0, retry: 0}
2023-11-21 14:54:27,806 INFO: no action. I am (cdds-postgres-cluster-0), the leader with the lock
2023-11-21 14:54:37,806 INFO: no action. I am (cdds-postgres-cluster-0), the leader with the lock
2023-11-21 14:54:47,811 INFO: no action. I am (cdds-postgres-cluster-0), the leader with the lock
2023-11-21 14:54:55.938 UTC [30] LOG {ticks: 0, maint: 0, retry: 0}
2023-11-21 14:54:57,809 INFO: no action. I am (cdds-postgres-cluster-0), the leader with the lock
2023-11-21 14:55:07,806 INFO: no action. I am (cdds-postgres-cluster-0), the leader with the lock
2023-11-21 14:55:17,806 INFO: no action. I am (cdds-postgres-cluster-0), the leader with the lock
2023-11-21 14:55:25.943 UTC [30] LOG {ticks: 0, maint: 0, retry: 0}
2023-11-21 14:55:27,808 INFO: no action. I am (cdds-postgres-cluster-0), the leader with the lock
2023-11-21 14:55:37,808 INFO: no action. I am (cdds-postgres-cluster-0), the leader with the lock
2023-11-21 14:55:47,812 INFO: no action. I am (cdds-postgres-cluster-0), the leader with the lock
2023-11-21 14:55:55.973 UTC [30] LOG {ticks: 0, maint: 0, retry: 0}
2023-11-21 14:55:57,806 INFO: no action. I am (cdds-postgres-cluster-0), the leader with the lock
2023-11-21 14:56:07,805 INFO: no action. I am (cdds-postgres-cluster-0), the leader with the lock
2023-11-21 14:56:17,812 INFO: no action. I am (cdds-postgres-cluster-0), the leader with the lock
2023-11-21 14:56:25.975 UTC [30] LOG {ticks: 0, maint: 0, retry: 0}
2023-11-21 14:56:27,807 INFO: no action. I am (cdds-postgres-cluster-0), the leader with the lock
2023-11-21 14:56:37,808 INFO: no action. I am (cdds-postgres-cluster-0), the leader with the lock
2023-11-21 14:56:47,806 INFO: no action. I am (cdds-postgres-cluster-0), the leader with the lock
2023-11-21 14:56:56.002 UTC [30] LOG {ticks: 0, maint: 0, retry: 0}
2023-11-21 14:56:57,806 INFO: no action. I am (cdds-postgres-cluster-0), the leader with the lock
2023-11-21 14:57:07,806 INFO: no action. I am (cdds-postgres-cluster-0), the leader with the lock
2023-11-21 14:57:17,808 INFO: no action. I am (cdds-postgres-cluster-0), the leader with the lock
2023-11-21 14:57:26.006 UTC [30] LOG {ticks: 0, maint: 0, retry: 0}
2023-11-21 14:57:27,807 INFO: no action. I am (cdds-postgres-cluster-0), the leader with the lock
2023-11-21 14:57:37,808 INFO: no action. I am (cdds-postgres-cluster-0), the leader with the lock
2023-11-21 14:57:47,813 INFO: no action. I am (cdds-postgres-cluster-0), the leader with the lock
2023-11-21 14:57:56.034 UTC [30] LOG {ticks: 0, maint: 0, retry: 0}
2023-11-21 14:57:57,808 INFO: no action. I am (cdds-postgres-cluster-0), the leader with the lock
2023-11-21 14:58:07,805 INFO: no action. I am (cdds-postgres-cluster-0), the leader with the lock
2023-11-21 14:58:17,806 INFO: no action. I am (cdds-postgres-cluster-0), the leader with the lock
2023-11-21 14:58:26.039 UTC [30] LOG {ticks: 0, maint: 0, retry: 0}
2023-11-21 14:58:27,810 INFO: no action. I am (cdds-postgres-cluster-0), the leader with the lock
2023-11-21 14:58:37,813 INFO: no action. I am (cdds-postgres-cluster-0), the leader with the lock
2023-11-21 14:58:47,808 INFO: no action. I am (cdds-postgres-cluster-0), the leader with the lock
2023-11-21 14:58:56.050 UTC [30] LOG {ticks: 0, maint: 0, retry: 0}
2023-11-21 14:58:57,807 INFO: no action. I am (cdds-postgres-cluster-0), the leader with the lock
2023-11-21 14:59:07,806 INFO: no action. I am (cdds-postgres-cluster-0), the leader with the lock
2023-11-21 14:59:17,806 INFO: no action. I am (cdds-postgres-cluster-0), the leader with the lock
2023-11-21 14:59:26.055 UTC [30] LOG {ticks: 0, maint: 0, retry: 0}
2023-11-21 14:59:27,806 INFO: no action. I am (cdds-postgres-cluster-0), the leader with the lock
2023-11-21 14:59:37,806 INFO: no action. I am (cdds-postgres-cluster-0), the leader with the lock
2023-11-21 14:59:47,806 INFO: no action. I am (cdds-postgres-cluster-0), the leader with the lock
2023-11-21 14:59:56.083 UTC [30] LOG {ticks: 0, maint: 0, retry: 0}
2023-11-21 14:59:57,805 INFO: no action. I am (cdds-postgres-cluster-0), the leader with the lock
2023-11-21 15:00:07,808 INFO: no action. I am (cdds-postgres-cluster-0), the leader with the lock
2023-11-21 15:00:17,806 INFO: no action. I am (cdds-postgres-cluster-0), the leader with the lock
2023-11-21 15:00:26.087 UTC [30] LOG {ticks: 0, maint: 0, retry: 0}
2023-11-21 15:00:27,805 INFO: no action. I am (cdds-postgres-cluster-0), the leader with the lock
2023-11-21 15:00:37,810 INFO: no action. I am (cdds-postgres-cluster-0), the leader with the lock
2023-11-21 15:00:47,809 INFO: no action. I am (cdds-postgres-cluster-0), the leader with the lock
2023-11-21 15:00:56.114 UTC [30] LOG {ticks: 0, maint: 0, retry: 0}
2023-11-21 15:00:57,812 INFO: no action. I am (cdds-postgres-cluster-0), the leader with the lock
2023-11-21 15:01:07,805 INFO: no action. I am (cdds-postgres-cluster-0), the leader with the lock
2023-11-21 15:01:17,805 INFO: no action. I am (cdds-postgres-cluster-0), the leader with the lock
2023-11-21 15:01:26.119 UTC [30] LOG {ticks: 0, maint: 0, retry: 0}
2023-11-21 15:01:27,856 INFO: no action. I am (cdds-postgres-cluster-0), the leader with the lock
2023-11-21 15:01:37,806 INFO: no action. I am (cdds-postgres-cluster-0), the leader with the lock
2023-11-21 15:01:47,805 INFO: no action. I am (cdds-postgres-cluster-0), the leader with the lock
2023-11-21 15:01:56.146 UTC [30] LOG {ticks: 0, maint: 0, retry: 0}
2023-11-21 15:01:57,806 INFO: no action. I am (cdds-postgres-cluster-0), the leader with the lock
2023-11-21 15:02:07,808 INFO: no action. I am (cdds-postgres-cluster-0), the leader with the lock
2023-11-21 15:02:17,809 INFO: no action. I am (cdds-postgres-cluster-0), the leader with the lock
2023-11-21 15:02:26.151 UTC [30] LOG {ticks: 0, maint: 0, retry: 0}
2023-11-21 15:02:27,806 INFO: no action. I am (cdds-postgres-cluster-0), the leader with the lock
2023-11-21 15:02:37,805 INFO: no action. I am (cdds-postgres-cluster-0), the leader with the lock
2023-11-21 15:02:47,806 INFO: no action. I am (cdds-postgres-cluster-0), the leader with the lock
2023-11-21 15:02:56.181 UTC [30] LOG {ticks: 0, maint: 0, retry: 0}
2023-11-21 15:02:57,809 INFO: no action. I am (cdds-postgres-cluster-0), the leader with the lock
2023-11-21 15:03:07,809 INFO: no action. I am (cdds-postgres-cluster-0), the leader with the lock
2023-11-21 15:03:17,805 INFO: no action. I am (cdds-postgres-cluster-0), the leader with the lock
2023-11-21 15:03:26.183 UTC [30] LOG {ticks: 0, maint: 0, retry: 0}
2023-11-21 15:03:27,811 INFO: no action. I am (cdds-postgres-cluster-0), the leader with the lock
2023-11-21 15:03:37,808 INFO: no action. I am (cdds-postgres-cluster-0), the leader with the lock
2023-11-21 15:03:47,809 INFO: no action. I am (cdds-postgres-cluster-0), the leader with the lock
2023-11-21 15:03:56.212 UTC [30] LOG {ticks: 0, maint: 0, retry: 0}
2023-11-21 15:03:57,807 INFO: no action. I am (cdds-postgres-cluster-0), the leader with the lock
2023-11-21 15:04:07,809 INFO: no action. I am (cdds-postgres-cluster-0), the leader with the lock
2023-11-21 15:04:17,810 INFO: no action. I am (cdds-postgres-cluster-0), the leader with the lock
2023-11-21 15:04:26.215 UTC [30] LOG {ticks: 0, maint: 0, retry: 0}
2023-11-21 15:04:27,806 INFO: no action. I am (cdds-postgres-cluster-0), the leader with the lock
2023-11-21 15:04:37,809 INFO: no action. I am (cdds-postgres-cluster-0), the leader with the lock
2023-11-21 15:04:47,806 INFO: no action. I am (cdds-postgres-cluster-0), the leader with the lock
2023-11-21 15:04:56.243 UTC [30] LOG {ticks: 0, maint: 0, retry: 0}
2023-11-21 15:04:57,807 INFO: no action. I am (cdds-postgres-cluster-0), the leader with the lock
2023-11-21 15:05:07,806 INFO: no action. I am (cdds-postgres-cluster-0), the leader with the lock
2023-11-21 15:05:17,808 INFO: no action. I am (cdds-postgres-cluster-0), the leader with the lock
2023-11-21 15:05:26.247 UTC [30] LOG {ticks: 0, maint: 0, retry: 0}
2023-11-21 15:05:27,810 INFO: no action. I am (cdds-postgres-cluster-0), the leader with the lock
2023-11-21 15:05:37,806 INFO: no action. I am (cdds-postgres-cluster-0), the leader with the lock
2023-11-21 15:05:47,805 INFO: no action. I am (cdds-postgres-cluster-0), the leader with the lock
2023-11-21 15:05:56.277 UTC [30] LOG {ticks: 0, maint: 0, retry: 0}
2023-11-21 15:05:57,806 INFO: no action. I am (cdds-postgres-cluster-0), the leader with the lock
2023-11-21 15:06:07,809 INFO: no action. I am (cdds-postgres-cluster-0), the leader with the lock
2023-11-21 15:06:17,806 INFO: no action. I am (cdds-postgres-cluster-0), the leader with the lock
2023-11-21 15:06:26.279 UTC [30] LOG {ticks: 0, maint: 0, retry: 0}
2023-11-21 15:06:27,808 INFO: no action. I am (cdds-postgres-cluster-0), the leader with the lock
2023-11-21 15:06:37,812 INFO: no action. I am (cdds-postgres-cluster-0), the leader with the lock
2023-11-21 15:06:47,806 INFO: no action. I am (cdds-postgres-cluster-0), the leader with the lock
2023-11-21 15:06:56.306 UTC [30] LOG {ticks: 0, maint: 0, retry: 0}
2023-11-21 15:06:57,807 INFO: no action. I am (cdds-postgres-cluster-0), the leader with the lock
2023-11-21 15:07:07,808 INFO: no action. I am (cdds-postgres-cluster-0), the leader with the lock
2023-11-21 15:07:17,808 INFO: no action. I am (cdds-postgres-cluster-0), the leader with the lock
2023-11-21 15:07:26.310 UTC [30] LOG {ticks: 0, maint: 0, retry: 0}
2023-11-21 15:07:27,810 INFO: no action. I am (cdds-postgres-cluster-0), the leader with the lock
2023-11-21 15:07:37,806 INFO: no action. I am (cdds-postgres-cluster-0), the leader with the lock
2023-11-21 15:07:47,806 INFO: no action. I am (cdds-postgres-cluster-0), the leader with the lock
2023-11-21 15:07:56.330 UTC [30] LOG {ticks: 0, maint: 0, retry: 0}
2023-11-21 15:07:57,808 INFO: no action. I am (cdds-postgres-cluster-0), the leader with the lock
2023-11-21 15:08:07,805 INFO: no action. I am (cdds-postgres-cluster-0), the leader with the lock
2023-11-21 15:08:17,812 INFO: no action. I am (cdds-postgres-cluster-0), the leader with the lock
2023-11-21 15:08:26.335 UTC [30] LOG {ticks: 0, maint: 0, retry: 0}
2023-11-21 15:08:27,805 INFO: no action. I am (cdds-postgres-cluster-0), the leader with the lock
2023-11-21 15:08:37,809 INFO: no action. I am (cdds-postgres-cluster-0), the leader with the lock
2023-11-21 15:08:47,805 INFO: no action. I am (cdds-postgres-cluster-0), the leader with the lock
2023-11-21 15:08:56.363 UTC [30] LOG {ticks: 0, maint: 0, retry: 0}
2023-11-21 15:08:57,809 INFO: no action. I am (cdds-postgres-cluster-0), the leader with the lock
2023-11-21 15:09:07,806 INFO: no action. I am (cdds-postgres-cluster-0), the leader with the lock
2023-11-21 15:09:17,806 INFO: no action. I am (cdds-postgres-cluster-0), the leader with the lock
2023-11-21 15:09:26.367 UTC [30] LOG {ticks: 0, maint: 0, retry: 0}
2023-11-21 15:09:27,807 INFO: no action. I am (cdds-postgres-cluster-0), the leader with the lock
2023-11-21 15:09:37,805 INFO: no action. I am (cdds-postgres-cluster-0), the leader with the lock
2023-11-21 15:09:47,806 INFO: no action. I am (cdds-postgres-cluster-0), the leader with the lock
2023-11-21 15:09:56.394 UTC [30] LOG {ticks: 0, maint: 0, retry: 0}
2023-11-21 15:09:57,805 INFO: no action. I am (cdds-postgres-cluster-0), the leader with the lock
2023-11-21 15:10:07,807 INFO: no action. I am (cdds-postgres-cluster-0), the leader with the lock
2023-11-21 15:10:17,805 INFO: no action. I am (cdds-postgres-cluster-0), the leader with the lock
2023-11-21 15:10:26.399 UTC [30] LOG {ticks: 0, maint: 0, retry: 0}
2023-11-21 15:10:27,805 INFO: no action. I am (cdds-postgres-cluster-0), the leader with the lock
2023-11-21 15:10:37,812 INFO: no action. I am (cdds-postgres-cluster-0), the leader with the lock
2023-11-21 15:10:47,812 INFO: no action. I am (cdds-postgres-cluster-0), the leader with the lock
2023-11-21 15:10:56.426 UTC [30] LOG {ticks: 0, maint: 0, retry: 0}
2023-11-21 15:10:57,805 INFO: no action. I am (cdds-postgres-cluster-0), the leader with the lock
2023-11-21 15:11:07,808 INFO: no action. I am (cdds-postgres-cluster-0), the leader with the lock
2023-11-21 15:11:17,808 INFO: no action. I am (cdds-postgres-cluster-0), the leader with the lock
2023-11-21 15:11:26.431 UTC [30] LOG {ticks: 0, maint: 0, retry: 0}
2023-11-21 15:11:27,805 INFO: no action. I am (cdds-postgres-cluster-0), the leader with the lock
2023-11-21 15:11:37,810 INFO: no action. I am (cdds-postgres-cluster-0), the leader with the lock
2023-11-21 15:11:47,806 INFO: no action. I am (cdds-postgres-cluster-0), the leader with the lock
2023-11-21 15:11:56.459 UTC [30] LOG {ticks: 0, maint: 0, retry: 0}
2023-11-21 15:11:57,809 INFO: no action. I am (cdds-postgres-cluster-0), the leader with the lock
2023-11-21 15:12:07,808 INFO: no action. I am (cdds-postgres-cluster-0), the leader with the lock
2023-11-21 15:12:17,808 INFO: no action. I am (cdds-postgres-cluster-0), the leader with the lock
2023-11-21 15:12:26.463 UTC [30] LOG {ticks: 0, maint: 0, retry: 0}
2023-11-21 15:12:27,806 INFO: no action. I am (cdds-postgres-cluster-0), the leader with the lock
2023-11-21 15:12:37,806 INFO: no action. I am (cdds-postgres-cluster-0), the leader with the lock
2023-11-21 15:12:47,806 INFO: no action. I am (cdds-postgres-cluster-0), the leader with the lock
2023-11-21 15:12:56.490 UTC [30] LOG {ticks: 0, maint: 0, retry: 0}
2023-11-21 15:12:57,806 INFO: no action. I am (cdds-postgres-cluster-0), the leader with the lock
2023-11-21 15:13:07,807 INFO: no action. I am (cdds-postgres-cluster-0), the leader with the lock
2023-11-21 15:13:17,809 INFO: no action. I am (cdds-postgres-cluster-0), the leader with the lock
2023-11-21 15:13:26.495 UTC [30] LOG {ticks: 0, maint: 0, retry: 0}
2023-11-21 15:13:27,805 INFO: no action. I am (cdds-postgres-cluster-0), the leader with the lock
2023-11-21 15:13:37,806 INFO: no action. I am (cdds-postgres-cluster-0), the leader with the lock
2023-11-21 15:13:47,806 INFO: no action. I am (cdds-postgres-cluster-0), the leader with the lock
2023-11-21 15:13:56.524 UTC [30] LOG {ticks: 0, maint: 0, retry: 0}
2023-11-21 15:13:57,806 INFO: no action. I am (cdds-postgres-cluster-0), the leader with the lock
2023-11-21 15:14:07,807 INFO: no action. I am (cdds-postgres-cluster-0), the leader with the lock
2023-11-21 15:14:17,808 INFO: no action. I am (cdds-postgres-cluster-0), the leader with the lock
2023-11-21 15:14:26.527 UTC [30] LOG {ticks: 0, maint: 0, retry: 0}
2023-11-21 15:14:27,805 INFO: no action. I am (cdds-postgres-cluster-0), the leader with the lock
2023-11-21 15:14:37,807 INFO: no action. I am (cdds-postgres-cluster-0), the leader with the lock
2023-11-21 15:14:47,811 INFO: no action. I am (cdds-postgres-cluster-0), the leader with the lock
2023-11-21 15:14:56.554 UTC [30] LOG {ticks: 0, maint: 0, retry: 0}
2023-11-21 15:14:57,810 INFO: no action. I am (cdds-postgres-cluster-0), the leader with the lock
2023-11-21 15:15:07,805 INFO: no action. I am (cdds-postgres-cluster-0), the leader with the lock
2023-11-21 15:15:17,806 INFO: no action. I am (cdds-postgres-cluster-0), the leader with the lock
2023-11-21 15:15:26.555 UTC [30] LOG {ticks: 0, maint: 0, retry: 0}
2023-11-21 15:15:27,805 INFO: no action. I am (cdds-postgres-cluster-0), the leader with the lock
2023-11-21 15:15:37,806 INFO: no action. I am (cdds-postgres-cluster-0), the leader with the lock
2023-11-21 15:15:47,806 INFO: no action. I am (cdds-postgres-cluster-0), the leader with the lock
2023-11-21 15:15:56.582 UTC [30] LOG {ticks: 0, maint: 0, retry: 0}
2023-11-21 15:15:57,805 INFO: no action. I am (cdds-postgres-cluster-0), the leader with the lock
2023-11-21 15:16:07,805 INFO: no action. I am (cdds-postgres-cluster-0), the leader with the lock
2023-11-21 15:16:17,805 INFO: no action. I am (cdds-postgres-cluster-0), the leader with the lock
2023-11-21 15:16:26.587 UTC [30] LOG {ticks: 0, maint: 0, retry: 0}
2023-11-21 15:16:27,810 INFO: no action. I am (cdds-postgres-cluster-0), the leader with the lock
2023-11-21 15:16:37,805 INFO: no action. I am (cdds-postgres-cluster-0), the leader with the lock
2023-11-21 15:16:47,806 INFO: no action. I am (cdds-postgres-cluster-0), the leader with the lock
2023-11-21 15:16:56.614 UTC [30] LOG {ticks: 0, maint: 0, retry: 0}
2023-11-21 15:16:57,806 INFO: no action. I am (cdds-postgres-cluster-0), the leader with the lock
2023-11-21 15:17:07,808 INFO: no action. I am (cdds-postgres-cluster-0), the leader with the lock
2023-11-21 15:17:17,806 INFO: no action. I am (cdds-postgres-cluster-0), the leader with the lock
2023-11-21 15:17:26.619 UTC [30] LOG {ticks: 0, maint: 0, retry: 0}
2023-11-21 15:17:27,806 INFO: no action. I am (cdds-postgres-cluster-0), the leader with the lock
2023-11-21 15:17:37,806 INFO: no action. I am (cdds-postgres-cluster-0), the leader with the lock
2023-11-21 15:17:47,806 INFO: no action. I am (cdds-postgres-cluster-0), the leader with the lock
2023-11-21 15:17:56.648 UTC [30] LOG {ticks: 0, maint: 0, retry: 0}
2023-11-21 15:17:57,806 INFO: no action. I am (cdds-postgres-cluster-0), the leader with the lock
2023-11-21 15:18:07,805 INFO: no action. I am (cdds-postgres-cluster-0), the leader with the lock
2023-11-21 15:18:17,805 INFO: no action. I am (cdds-postgres-cluster-0), the leader with the lock
2023-11-21 15:18:26.651 UTC [30] LOG {ticks: 0, maint: 0, retry: 0}
2023-11-21 15:18:27,812 INFO: no action. I am (cdds-postgres-cluster-0), the leader with the lock
2023-11-21 15:18:37,808 INFO: no action. I am (cdds-postgres-cluster-0), the leader with the lock
2023-11-21 15:18:47,807 INFO: no action. I am (cdds-postgres-cluster-0), the leader with the lock
2023-11-21 15:18:56.678 UTC [30] LOG {ticks: 0, maint: 0, retry: 0}
2023-11-21 15:18:57,806 INFO: no action. I am (cdds-postgres-cluster-0), the leader with the lock
2023-11-21 15:19:07,806 INFO: no action. I am (cdds-postgres-cluster-0), the leader with the lock
2023-11-21 15:19:17,808 INFO: no action. I am (cdds-postgres-cluster-0), the leader with the lock
2023-11-21 15:19:26.683 UTC [30] LOG {ticks: 0, maint: 0, retry: 0}
2023-11-21 15:19:27,806 INFO: no action. I am (cdds-postgres-cluster-0), the leader with the lock
2023-11-21 15:19:37,808 INFO: no action. I am (cdds-postgres-cluster-0), the leader with the lock
2023-11-21 15:19:47,812 INFO: no action. I am (cdds-postgres-cluster-0), the leader with the lock
2023-11-21 15:19:56.710 UTC [30] LOG {ticks: 0, maint: 0, retry: 0}
2023-11-21 15:19:57,812 INFO: no action. I am (cdds-postgres-cluster-0), the leader with the lock
2023-11-21 15:20:07,806 INFO: no action. I am (cdds-postgres-cluster-0), the leader with the lock
2023-11-21 15:20:17,806 INFO: no action. I am (cdds-postgres-cluster-0), the leader with the lock
2023-11-21 15:20:26.715 UTC [30] LOG {ticks: 0, maint: 0, retry: 0}
2023-11-21 15:20:27,806 INFO: no action. I am (cdds-postgres-cluster-0), the leader with the lock
2023-11-21 15:20:37,806 INFO: no action. I am (cdds-postgres-cluster-0), the leader with the lock
2023-11-21 15:20:47,805 INFO: no action. I am (cdds-postgres-cluster-0), the leader with the lock
2023-11-21 15:20:56.742 UTC [30] LOG {ticks: 0, maint: 0, retry: 0}
2023-11-21 15:20:57,806 INFO: no action. I am (cdds-postgres-cluster-0), the leader with the lock
2023-11-21 15:21:07,812 INFO: no action. I am (cdds-postgres-cluster-0), the leader with the lock
2023-11-21 15:21:17,808 INFO: no action. I am (cdds-postgres-cluster-0), the leader with the lock
2023-11-21 15:21:26.743 UTC [30] LOG {ticks: 0, maint: 0, retry: 0}
2023-11-21 15:21:27,806 INFO: no action. I am (cdds-postgres-cluster-0), the leader with the lock
2023-11-21 15:21:37,806 INFO: no action. I am (cdds-postgres-cluster-0), the leader with the lock
2023-11-21 15:21:47,806 INFO: no action. I am (cdds-postgres-cluster-0), the leader with the lock
2023-11-21 15:21:56.770 UTC [30] LOG {ticks: 0, maint: 0, retry: 0}
2023-11-21 15:21:57,807 INFO: no action. I am (cdds-postgres-cluster-0), the leader with the lock
2023-11-21 15:22:07,806 INFO: no action. I am (cdds-postgres-cluster-0), the leader with the lock
2023-11-21 15:22:17,806 INFO: no action. I am (cdds-postgres-cluster-0), the leader with the lock
2023-11-21 15:22:26.775 UTC [30] LOG {ticks: 0, maint: 0, retry: 0}
2023-11-21 15:22:27,805 INFO: no action. I am (cdds-postgres-cluster-0), the leader with the lock
2023-11-21 15:22:37,805 INFO: no action. I am (cdds-postgres-cluster-0), the leader with the lock
2023-11-21 15:22:47,805 INFO: no action. I am (cdds-postgres-cluster-0), the leader with the lock
2023-11-21 15:22:56.803 UTC [30] LOG {ticks: 0, maint: 0, retry: 0}
2023-11-21 15:22:57,810 INFO: no action. I am (cdds-postgres-cluster-0), the leader with the lock
2023-11-21 15:23:07,812 INFO: no action. I am (cdds-postgres-cluster-0), the leader with the lock
2023-11-21 15:23:17,808 INFO: no action. I am (cdds-postgres-cluster-0), the leader with the lock
2023-11-21 15:23:26.807 UTC [30] LOG {ticks: 0, maint: 0, retry: 0}
2023-11-21 15:23:27,805 INFO: no action. I am (cdds-postgres-cluster-0), the leader with the lock
2023-11-21 15:23:37,809 INFO: no action. I am (cdds-postgres-cluster-0), the leader with the lock
2023-11-21 15:23:47,806 INFO: no action. I am (cdds-postgres-cluster-0), the leader with the lock
2023-11-21 15:23:56.835 UTC [30] LOG {ticks: 0, maint: 0, retry: 0}
2023-11-21 15:23:57,806 INFO: no action. I am (cdds-postgres-cluster-0), the leader with the lock
2023-11-21 15:24:07,806 INFO: no action. I am (cdds-postgres-cluster-0), the leader with the lock
2023-11-21 15:24:17,806 INFO: no action. I am (cdds-postgres-cluster-0), the leader with the lock
2023-11-21 15:24:26.839 UTC [30] LOG {ticks: 0, maint: 0, retry: 0}
2023-11-21 15:24:27,812 INFO: no action. I am (cdds-postgres-cluster-0), the leader with the lock
2023-11-21 15:24:37,806 INFO: no action. I am (cdds-postgres-cluster-0), the leader with the lock
2023-11-21 15:24:47,806 INFO: no action. I am (cdds-postgres-cluster-0), the leader with the lock
2023-11-21 15:24:56.868 UTC [30] LOG {ticks: 0, maint: 0, retry: 0}
2023-11-21 15:24:57,808 INFO: no action. I am (cdds-postgres-cluster-0), the leader with the lock
2023-11-21 15:25:07,810 INFO: no action. I am (cdds-postgres-cluster-0), the leader with the lock
2023-11-21 15:25:17,806 INFO: no action. I am (cdds-postgres-cluster-0), the leader with the lock
2023-11-21 15:25:26.871 UTC [30] LOG {ticks: 0, maint: 0, retry: 0}
2023-11-21 15:25:27,809 INFO: no action. I am (cdds-postgres-cluster-0), the leader with the lock
2023-11-21 15:25:37,810 INFO: no action. I am (cdds-postgres-cluster-0), the leader with the lock
2023-11-21 15:25:47,810 INFO: no action. I am (cdds-postgres-cluster-0), the leader with the lock
2023-11-21 15:25:56.900 UTC [30] LOG {ticks: 0, maint: 0, retry: 0}
2023-11-21 15:25:57,810 INFO: no action. I am (cdds-postgres-cluster-0), the leader with the lock
2023-11-21 15:26:07,810 INFO: no action. I am (cdds-postgres-cluster-0), the leader with the lock
2023-11-21 15:26:17,812 INFO: no action. I am (cdds-postgres-cluster-0), the leader with the lock
2023-11-21 15:26:26.903 UTC [30] LOG {ticks: 0, maint: 0, retry: 0}
2023-11-21 15:26:27,806 INFO: no action. I am (cdds-postgres-cluster-0), the leader with the lock
2023-11-21 15:26:37,806 INFO: no action. I am (cdds-postgres-cluster-0), the leader with the lock
2023-11-21 15:26:47,810 INFO: no action. I am (cdds-postgres-cluster-0), the leader with the lock
2023-11-21 15:26:56.932 UTC [30] LOG {ticks: 0, maint: 0, retry: 0}
2023-11-21 15:26:57,806 INFO: no action. I am (cdds-postgres-cluster-0), the leader with the lock
2023-11-21 15:27:07,808 INFO: no action. I am (cdds-postgres-cluster-0), the leader with the lock
2023-11-21 15:27:17,808 INFO: no action. I am (cdds-postgres-cluster-0), the leader with the lock
2023-11-21 15:27:26.935 UTC [30] LOG {ticks: 0, maint: 0, retry: 0}
2023-11-21 15:27:27,806 INFO: no action. I am (cdds-postgres-cluster-0), the leader with the lock
2023-11-21 15:27:37,806 INFO: no action. I am (cdds-postgres-cluster-0), the leader with the lock
2023-11-21 15:27:47,810 INFO: no action. I am (cdds-postgres-cluster-0), the leader with the lock
2023-11-21 15:27:56.965 UTC [30] LOG {ticks: 0, maint: 0, retry: 0}
2023-11-21 15:27:57,806 INFO: no action. I am (cdds-postgres-cluster-0), the leader with the lock
2023-11-21 15:28:07,806 INFO: no action. I am (cdds-postgres-cluster-0), the leader with the lock
2023-11-21 15:28:17,806 INFO: no action. I am (cdds-postgres-cluster-0), the leader with the lock
2023-11-21 15:28:26.967 UTC [30] LOG {ticks: 0, maint: 0, retry: 0}
2023-11-21 15:28:27,805 INFO: no action. I am (cdds-postgres-cluster-0), the leader with the lock
2023-11-21 15:28:37,805 INFO: no action. I am (cdds-postgres-cluster-0), the leader with the lock
2023-11-21 15:28:47,806 INFO: no action. I am (cdds-postgres-cluster-0), the leader with the lock
2023-11-21 15:28:56.996 UTC [30] LOG {ticks: 0, maint: 0, retry: 0}
2023-11-21 15:28:57,805 INFO: no action. I am (cdds-postgres-cluster-0), the leader with the lock
2023-11-21 15:29:07,806 INFO: no action. I am (cdds-postgres-cluster-0), the leader with the lock
2023-11-21 15:29:17,809 INFO: no action. I am (cdds-postgres-cluster-0), the leader with the lock
2023-11-21 15:29:26.999 UTC [30] LOG {ticks: 0, maint: 0, retry: 0}
2023-11-21 15:29:27,806 INFO: no action. I am (cdds-postgres-cluster-0), the leader with the lock
2023-11-21 15:29:37,808 INFO: no action. I am (cdds-postgres-cluster-0), the leader with the lock
2023-11-21 15:29:47,805 INFO: no action. I am (cdds-postgres-cluster-0), the leader with the lock
2023-11-21 15:29:57.026 UTC [30] LOG {ticks: 0, maint: 0, retry: 0}
2023-11-21 15:29:57,805 INFO: no action. I am (cdds-postgres-cluster-0), the leader with the lock
2023-11-21 15:30:07,806 INFO: no action. I am (cdds-postgres-cluster-0), the leader with the lock
2023-11-21 15:30:17,806 INFO: no action. I am (cdds-postgres-cluster-0), the leader with the lock
2023-11-21 15:30:27.031 UTC [30] LOG {ticks: 0, maint: 0, retry: 0}
2023-11-21 15:30:27,805 INFO: no action. I am (cdds-postgres-cluster-0), the leader with the lock
2023-11-21 15:30:37,805 INFO: no action. I am (cdds-postgres-cluster-0), the leader with the lock
2023-11-21 15:30:47,805 INFO: no action. I am (cdds-postgres-cluster-0), the leader with the lock
2023-11-21 15:30:57.058 UTC [30] LOG {ticks: 0, maint: 0, retry: 0}
2023-11-21 15:30:57,809 INFO: no action. I am (cdds-postgres-cluster-0), the leader with the lock
2023-11-21 15:31:07,805 INFO: no action. I am (cdds-postgres-cluster-0), the leader with the lock
2023-11-21 15:31:17,805 INFO: no action. I am (cdds-postgres-cluster-0), the leader with the lock
2023-11-21 15:31:27.063 UTC [30] LOG {ticks: 0, maint: 0, retry: 0}
2023-11-21 15:31:27,806 INFO: no action. I am (cdds-postgres-cluster-0), the leader with the lock
2023-11-21 15:31:37,806 INFO: no action. I am (cdds-postgres-cluster-0), the leader with the lock
2023-11-21 15:31:47,810 INFO: no action. I am (cdds-postgres-cluster-0), the leader with the lock
2023-11-21 15:31:57.092 UTC [30] LOG {ticks: 0, maint: 0, retry: 0}
2023-11-21 15:31:57,806 INFO: no action. I am (cdds-postgres-cluster-0), the leader with the lock
2023-11-21 15:32:07,806 INFO: no action. I am (cdds-postgres-cluster-0), the leader with the lock
2023-11-21 15:32:17,806 INFO: no action. I am (cdds-postgres-cluster-0), the leader with the lock
2023-11-21 15:32:27.095 UTC [30] LOG {ticks: 0, maint: 0, retry: 0}
2023-11-21 15:32:27,806 INFO: no action. I am (cdds-postgres-cluster-0), the leader with the lock
2023-11-21 15:32:37,806 INFO: no action. I am (cdds-postgres-cluster-0), the leader with the lock
2023-11-21 15:32:47,806 INFO: no action. I am (cdds-postgres-cluster-0), the leader with the lock
2023-11-21 15:32:57.124 UTC [30] LOG {ticks: 0, maint: 0, retry: 0}
2023-11-21 15:32:57,806 INFO: no action. I am (cdds-postgres-cluster-0), the leader with the lock
2023-11-21 15:33:07,810 INFO: no action. I am (cdds-postgres-cluster-0), the leader with the lock
2023-11-21 15:33:17,806 INFO: no action. I am (cdds-postgres-cluster-0), the leader with the lock
2023-11-21 15:33:27.127 UTC [30] LOG {ticks: 0, maint: 0, retry: 0}
2023-11-21 15:33:27,813 INFO: no action. I am (cdds-postgres-cluster-0), the leader with the lock
2023-11-21 15:33:37,808 INFO: no action. I am (cdds-postgres-cluster-0), the leader with the lock
2023-11-21 15:33:47,806 INFO: no action. I am (cdds-postgres-cluster-0), the leader with the lock
2023-11-21 15:33:57.150 UTC [30] LOG {ticks: 0, maint: 0, retry: 0}
2023-11-21 15:33:57,806 INFO: no action. I am (cdds-postgres-cluster-0), the leader with the lock
2023-11-21 15:34:07,808 INFO: no action. I am (cdds-postgres-cluster-0), the leader with the lock
2023-11-21 15:34:17,808 INFO: no action. I am (cdds-postgres-cluster-0), the leader with the lock
2023-11-21 15:34:27.155 UTC [30] LOG {ticks: 0, maint: 0, retry: 0}
2023-11-21 15:34:27,812 INFO: no action. I am (cdds-postgres-cluster-0), the leader with the lock
2023-11-21 15:34:37,805 INFO: no action. I am (cdds-postgres-cluster-0), the leader with the lock
2023-11-21 15:34:47,806 INFO: no action. I am (cdds-postgres-cluster-0), the leader with the lock
2023-11-21 15:34:57.182 UTC [30] LOG {ticks: 0, maint: 0, retry: 0}
2023-11-21 15:34:57,812 INFO: no action. I am (cdds-postgres-cluster-0), the leader with the lock
2023-11-21 15:35:07,810 INFO: no action. I am (cdds-postgres-cluster-0), the leader with the lock
2023-11-21 15:35:17,806 INFO: no action. I am (cdds-postgres-cluster-0), the leader with the lock
2023-11-21 15:35:27.187 UTC [30] LOG {ticks: 0, maint: 0, retry: 0}
2023-11-21 15:35:27,805 INFO: no action. I am (cdds-postgres-cluster-0), the leader with the lock
2023-11-21 15:35:37,805 INFO: no action. I am (cdds-postgres-cluster-0), the leader with the lock
2023-11-21 15:35:47,805 INFO: no action. I am (cdds-postgres-cluster-0), the leader with the lock
2023-11-21 15:35:57.214 UTC [30] LOG {ticks: 0, maint: 0, retry: 0}
2023-11-21 15:35:57,806 INFO: no action. I am (cdds-postgres-cluster-0), the leader with the lock
2023-11-21 15:36:07,805 INFO: no action. I am (cdds-postgres-cluster-0), the leader with the lock
2023-11-21 15:36:17,807 INFO: no action. I am (cdds-postgres-cluster-0), the leader with the lock
2023-11-21 15:36:27.218 UTC [30] LOG {ticks: 0, maint: 0, retry: 0}
2023-11-21 15:36:27,809 INFO: no action. I am (cdds-postgres-cluster-0), the leader with the lock
2023-11-21 15:36:37,805 INFO: no action. I am (cdds-postgres-cluster-0), the leader with the lock
2023-11-21 15:36:47,812 INFO: no action. I am (cdds-postgres-cluster-0), the leader with the lock
2023-11-21 15:36:57.246 UTC [30] LOG {ticks: 0, maint: 0, retry: 0}
2023-11-21 15:36:57,812 INFO: no action. I am (cdds-postgres-cluster-0), the leader with the lock
2023-11-21 15:37:07,810 INFO: no action. I am (cdds-postgres-cluster-0), the leader with the lock
2023-11-21 15:37:17,805 INFO: no action. I am (cdds-postgres-cluster-0), the leader with the lock
2023-11-21 15:37:27.251 UTC [30] LOG {ticks: 0, maint: 0, retry: 0}
2023-11-21 15:37:27,808 INFO: no action. I am (cdds-postgres-cluster-0), the leader with the lock
2023-11-21 15:37:37,806 INFO: no action. I am (cdds-postgres-cluster-0), the leader with the lock
2023-11-21 15:37:47,806 INFO: no action. I am (cdds-postgres-cluster-0), the leader with the lock
2023-11-21 15:37:57.281 UTC [30] LOG {ticks: 0, maint: 0, retry: 0}
2023-11-21 15:37:57,809 INFO: no action. I am (cdds-postgres-cluster-0), the leader with the lock
2023-11-21 15:38:07,806 INFO: no action. I am (cdds-postgres-cluster-0), the leader with the lock
2023-11-21 15:38:17,809 INFO: no action. I am (cdds-postgres-cluster-0), the leader with the lock
2023-11-21 15:38:27.283 UTC [30] LOG {ticks: 0, maint: 0, retry: 0}
2023-11-21 15:38:27,812 INFO: no action. I am (cdds-postgres-cluster-0), the leader with the lock
2023-11-21 15:38:37,806 INFO: no action. I am (cdds-postgres-cluster-0), the leader with the lock
2023-11-21 15:38:47,805 INFO: no action. I am (cdds-postgres-cluster-0), the leader with the lock
2023-11-21 15:38:57.313 UTC [30] LOG {ticks: 0, maint: 0, retry: 0}
2023-11-21 15:38:57,806 INFO: no action. I am (cdds-postgres-cluster-0), the leader with the lock
2023-11-21 15:39:07,808 INFO: no action. I am (cdds-postgres-cluster-0), the leader with the lock
2023-11-21 15:39:17,809 INFO: no action. I am (cdds-postgres-cluster-0), the leader with the lock
2023-11-21 15:39:27.311 UTC [30] LOG {ticks: 0, maint: 0, retry: 0}
2023-11-21 15:39:27,805 INFO: no action. I am (cdds-postgres-cluster-0), the leader with the lock
2023-11-21 15:39:37,808 INFO: no action. I am (cdds-postgres-cluster-0), the leader with the lock
2023-11-21 15:39:47,812 INFO: no action. I am (cdds-postgres-cluster-0), the leader with the lock
2023-11-21 15:39:57.338 UTC [30] LOG {ticks: 0, maint: 0, retry: 0}
2023-11-21 15:39:57,805 INFO: no action. I am (cdds-postgres-cluster-0), the leader with the lock
2023-11-21 15:40:07,806 INFO: no action. I am (cdds-postgres-cluster-0), the leader with the lock
2023-11-21 15:40:17,805 INFO: no action. I am (cdds-postgres-cluster-0), the leader with the lock
2023-11-21 15:40:27.343 UTC [30] LOG {ticks: 0, maint: 0, retry: 0}
2023-11-21 15:40:27,810 INFO: no action. I am (cdds-postgres-cluster-0), the leader with the lock
2023-11-21 15:40:37,809 INFO: no action. I am (cdds-postgres-cluster-0), the leader with the lock
2023-11-21 15:40:47,810 INFO: no action. I am (cdds-postgres-cluster-0), the leader with the lock
2023-11-21 15:40:57.354 UTC [30] LOG {ticks: 0, maint: 0, retry: 0}
2023-11-21 15:40:57,807 INFO: no action. I am (cdds-postgres-cluster-0), the leader with the lock
2023-11-21 15:41:07,810 INFO: no action. I am (cdds-postgres-cluster-0), the leader with the lock
2023-11-21 15:41:17,810 INFO: no action. I am (cdds-postgres-cluster-0), the leader with the lock
2023-11-21 15:41:27.359 UTC [30] LOG {ticks: 0, maint: 0, retry: 0}
2023-11-21 15:41:27,805 INFO: no action. I am (cdds-postgres-cluster-0), the leader with the lock
2023-11-21 15:41:37,806 INFO: no action. I am (cdds-postgres-cluster-0), the leader with the lock
2023-11-21 15:41:47,806 INFO: no action. I am (cdds-postgres-cluster-0), the leader with the lock
2023-11-21 15:41:57.387 UTC [30] LOG {ticks: 0, maint: 0, retry: 0}
2023-11-21 15:41:57,805 INFO: no action. I am (cdds-postgres-cluster-0), the leader with the lock
2023-11-21 15:42:07,810 INFO: no action. I am (cdds-postgres-cluster-0), the leader with the lock
2023-11-21 15:42:17,808 INFO: no action. I am (cdds-postgres-cluster-0), the leader with the lock
2023-11-21 15:42:27.391 UTC [30] LOG {ticks: 0, maint: 0, retry: 0}
2023-11-21 15:42:27,810 INFO: no action. I am (cdds-postgres-cluster-0), the leader with the lock
2023-11-21 15:42:37,806 INFO: no action. I am (cdds-postgres-cluster-0), the leader with the lock
2023-11-21 15:42:47,806 INFO: no action. I am (cdds-postgres-cluster-0), the leader with the lock
2023-11-21 15:42:57.421 UTC [30] LOG {ticks: 0, maint: 0, retry: 0}
2023-11-21 15:42:57,810 INFO: no action. I am (cdds-postgres-cluster-0), the leader with the lock
2023-11-21 15:43:07,806 INFO: no action. I am (cdds-postgres-cluster-0), the leader with the lock
2023-11-21 15:43:17,809 INFO: no action. I am (cdds-postgres-cluster-0), the leader with the lock
2023-11-21 15:43:27.423 UTC [30] LOG {ticks: 0, maint: 0, retry: 0}
2023-11-21 15:43:27,806 INFO: no action. I am (cdds-postgres-cluster-0), the leader with the lock
2023-11-21 15:43:37,806 INFO: no action. I am (cdds-postgres-cluster-0), the leader with the lock
2023-11-21 15:43:47,810 INFO: no action. I am (cdds-postgres-cluster-0), the leader with the lock
2023-11-21 15:43:57.445 UTC [30] LOG {ticks: 0, maint: 0, retry: 0}
2023-11-21 15:43:57,806 INFO: no action. I am (cdds-postgres-cluster-0), the leader with the lock
2023-11-21 15:44:07,808 INFO: no action. I am (cdds-postgres-cluster-0), the leader with the lock
2023-11-21 15:44:17,808 INFO: no action. I am (cdds-postgres-cluster-0), the leader with the lock
2023-11-21 15:44:27.447 UTC [30] LOG {ticks: 0, maint: 0, retry: 0}
2023-11-21 15:44:27,806 INFO: no action. I am (cdds-postgres-cluster-0), the leader with the lock
2023-11-21 15:44:37,808 INFO: no action. I am (cdds-postgres-cluster-0), the leader with the lock
2023-11-21 15:44:47,808 INFO: no action. I am (cdds-postgres-cluster-0), the leader with the lock
2023-11-21 15:44:57.475 UTC [30] LOG {ticks: 0, maint: 0, retry: 0}
2023-11-21 15:44:57,806 INFO: no action. I am (cdds-postgres-cluster-0), the leader with the lock
2023-11-21 15:45:07,806 INFO: no action. I am (cdds-postgres-cluster-0), the leader with the lock
2023-11-21 15:45:17,808 INFO: no action. I am (cdds-postgres-cluster-0), the leader with the lock
2023-11-21 15:45:27.478 UTC [30] LOG {ticks: 0, maint: 0, retry: 0}
2023-11-21 15:45:27,806 INFO: no action. I am (cdds-postgres-cluster-0), the leader with the lock
2023-11-21 15:45:37,805 INFO: no action. I am (cdds-postgres-cluster-0), the leader with the lock
2023-11-21 15:45:47,806 INFO: no action. I am (cdds-postgres-cluster-0), the leader with the lock
2023-11-21 15:45:57.508 UTC [30] LOG {ticks: 0, maint: 0, retry: 0}
2023-11-21 15:45:57,811 INFO: no action. I am (cdds-postgres-cluster-0), the leader with the lock
2023-11-21 15:46:07,806 INFO: no action. I am (cdds-postgres-cluster-0), the leader with the lock
2023-11-21 15:46:17,805 INFO: no action. I am (cdds-postgres-cluster-0), the leader with the lock
2023-11-21 15:46:27.511 UTC [30] LOG {ticks: 0, maint: 0, retry: 0}
2023-11-21 15:46:27,806 INFO: no action. I am (cdds-postgres-cluster-0), the leader with the lock
2023-11-21 15:46:37,809 INFO: no action. I am (cdds-postgres-cluster-0), the leader with the lock
2023-11-21 15:46:47,810 INFO: no action. I am (cdds-postgres-cluster-0), the leader with the lock
2023-11-21 15:46:57.540 UTC [30] LOG {ticks: 0, maint: 0, retry: 0}
2023-11-21 15:46:57,812 INFO: no action. I am (cdds-postgres-cluster-0), the leader with the lock
2023-11-21 15:47:07,805 INFO: no action. I am (cdds-postgres-cluster-0), the leader with the lock
2023-11-21 15:47:17,810 INFO: no action. I am (cdds-postgres-cluster-0), the leader with the lock
2023-11-21 15:47:27.543 UTC [30] LOG {ticks: 0, maint: 0, retry: 0}
2023-11-21 15:47:27,806 INFO: no action. I am (cdds-postgres-cluster-0), the leader with the lock
2023-11-21 15:47:37,806 INFO: no action. I am (cdds-postgres-cluster-0), the leader with the lock
2023-11-21 15:47:47,805 INFO: no action. I am (cdds-postgres-cluster-0), the leader with the lock
2023-11-21 15:47:57.571 UTC [30] LOG {ticks: 0, maint: 0, retry: 0}
2023-11-21 15:47:57,805 INFO: no action. I am (cdds-postgres-cluster-0), the leader with the lock
2023-11-21 15:48:07,806 INFO: no action. I am (cdds-postgres-cluster-0), the leader with the lock
2023-11-21 15:48:17,810 INFO: no action. I am (cdds-postgres-cluster-0), the leader with the lock
2023-11-21 15:48:27.575 UTC [30] LOG {ticks: 0, maint: 0, retry: 0}
2023-11-21 15:48:27,805 INFO: no action. I am (cdds-postgres-cluster-0), the leader with the lock
2023-11-21 15:48:37,810 INFO: no action. I am (cdds-postgres-cluster-0), the leader with the lock
2023-11-21 15:48:47,806 INFO: no action. I am (cdds-postgres-cluster-0), the leader with the lock
2023-11-21 15:48:57.599 UTC [30] LOG {ticks: 0, maint: 0, retry: 0}
2023-11-21 15:48:57,808 INFO: no action. I am (cdds-postgres-cluster-0), the leader with the lock
2023-11-21 15:49:07,810 INFO: no action. I am (cdds-postgres-cluster-0), the leader with the lock
2023-11-21 15:49:17,806 INFO: no action. I am (cdds-postgres-cluster-0), the leader with the lock
2023-11-21 15:49:27.603 UTC [30] LOG {ticks: 0, maint: 0, retry: 0}
2023-11-21 15:49:27,806 INFO: no action. I am (cdds-postgres-cluster-0), the leader with the lock
2023-11-21 15:49:37,807 INFO: no action. I am (cdds-postgres-cluster-0), the leader with the lock
2023-11-21 15:49:47,807 INFO: no action. I am (cdds-postgres-cluster-0), the leader with the lock
2023-11-21 15:49:57.630 UTC [30] LOG {ticks: 0, maint: 0, retry: 0}
2023-11-21 15:49:57,805 INFO: no action. I am (cdds-postgres-cluster-0), the leader with the lock
2023-11-21 15:50:07,806 INFO: no action. I am (cdds-postgres-cluster-0), the leader with the lock
2023-11-21 15:50:17,806 INFO: no action. I am (cdds-postgres-cluster-0), the leader with the lock
2023-11-21 15:50:27.635 UTC [30] LOG {ticks: 0, maint: 0, retry: 0}
2023-11-21 15:50:27,808 INFO: no action. I am (cdds-postgres-cluster-0), the leader with the lock
2023-11-21 15:50:37,807 INFO: no action. I am (cdds-postgres-cluster-0), the leader with the lock
2023-11-21 15:50:47,807 INFO: no action. I am (cdds-postgres-cluster-0), the leader with the lock
2023-11-21 15:50:57.662 UTC [30] LOG {ticks: 0, maint: 0, retry: 0}
2023-11-21 15:50:57,808 INFO: no action. I am (cdds-postgres-cluster-0), the leader with the lock
2023-11-21 15:51:07,805 INFO: no action. I am (cdds-postgres-cluster-0), the leader with the lock
2023-11-21 15:51:17,805 INFO: no action. I am (cdds-postgres-cluster-0), the leader with the lock
2023-11-21 15:51:27.667 UTC [30] LOG {ticks: 0, maint: 0, retry: 0}
2023-11-21 15:51:27,806 INFO: no action. I am (cdds-postgres-cluster-0), the leader with the lock
2023-11-21 15:51:37,808 INFO: no action. I am (cdds-postgres-cluster-0), the leader with the lock
2023-11-21 15:51:47,807 INFO: no action. I am (cdds-postgres-cluster-0), the leader with the lock
2023-11-21 15:51:57.697 UTC [30] LOG {ticks: 0, maint: 0, retry: 0}
2023-11-21 15:51:57,807 INFO: no action. I am (cdds-postgres-cluster-0), the leader with the lock
2023-11-21 15:52:07,810 INFO: no action. I am (cdds-postgres-cluster-0), the leader with the lock
2023-11-21 15:52:17,806 INFO: no action. I am (cdds-postgres-cluster-0), the leader with the lock
2023-11-21 15:52:27.699 UTC [30] LOG {ticks: 0, maint: 0, retry: 0}
2023-11-21 15:52:27,808 INFO: no action. I am (cdds-postgres-cluster-0), the leader with the lock
2023-11-21 15:52:37,807 INFO: no action. I am (cdds-postgres-cluster-0), the leader with the lock
2023-11-21 15:52:47,807 INFO: no action. I am (cdds-postgres-cluster-0), the leader with the lock
2023-11-21 15:52:57.727 UTC [30] LOG {ticks: 0, maint: 0, retry: 0}
2023-11-21 15:52:57,806 INFO: no action. I am (cdds-postgres-cluster-0), the leader with the lock
2023-11-21 15:53:07,805 INFO: no action. I am (cdds-postgres-cluster-0), the leader with the lock
2023-11-21 15:53:17,810 INFO: no action. I am (cdds-postgres-cluster-0), the leader with the lock
2023-11-21 15:53:27.730 UTC [30] LOG {ticks: 0, maint: 0, retry: 0}
2023-11-21 15:53:27,810 INFO: no action. I am (cdds-postgres-cluster-0), the leader with the lock
2023-11-21 15:53:37,805 INFO: no action. I am (cdds-postgres-cluster-0), the leader with the lock
2023-11-21 15:53:47,805 INFO: no action. I am (cdds-postgres-cluster-0), the leader with the lock
2023-11-21 15:53:57.759 UTC [30] LOG {ticks: 0, maint: 0, retry: 0}
2023-11-21 15:53:57,813 INFO: no action. I am (cdds-postgres-cluster-0), the leader with the lock
2023-11-21 15:54:07,806 INFO: no action. I am (cdds-postgres-cluster-0), the leader with the lock
2023-11-21 15:54:17,809 INFO: no action. I am (cdds-postgres-cluster-0), the leader with the lock
2023-11-21 15:54:27.763 UTC [30] LOG {ticks: 0, maint: 0, retry: 0}
2023-11-21 15:54:27,805 INFO: no action. I am (cdds-postgres-cluster-0), the leader with the lock
2023-11-21 15:54:37,806 INFO: no action. I am (cdds-postgres-cluster-0), the leader with the lock
2023-11-21 15:54:47,806 INFO: no action. I am (cdds-postgres-cluster-0), the leader with the lock
2023-11-21 15:54:57.791 UTC [30] LOG {ticks: 0, maint: 0, retry: 0}
2023-11-21 15:54:57,805 INFO: no action. I am (cdds-postgres-cluster-0), the leader with the lock
2023-11-21 15:55:07,808 INFO: no action. I am (cdds-postgres-cluster-0), the leader with the lock
2023-11-21 15:55:17,805 INFO: no action. I am (cdds-postgres-cluster-0), the leader with the lock
2023-11-21 15:55:27.794 UTC [30] LOG {ticks: 0, maint: 0, retry: 0}
2023-11-21 15:55:27,806 INFO: no action. I am (cdds-postgres-cluster-0), the leader with the lock
2023-11-21 15:55:37,808 INFO: no action. I am (cdds-postgres-cluster-0), the leader with the lock
2023-11-21 15:55:47,806 INFO: no action. I am (cdds-postgres-cluster-0), the leader with the lock
2023-11-21 15:55:57,805 INFO: no action. I am (cdds-postgres-cluster-0), the leader with the lock
2023-11-21 15:55:57.824 UTC [30] LOG {ticks: 0, maint: 0, retry: 0}
2023-11-21 15:56:07,805 INFO: no action. I am (cdds-postgres-cluster-0), the leader with the lock
2023-11-21 15:56:17,806 INFO: no action. I am (cdds-postgres-cluster-0), the leader with the lock
2023-11-21 15:56:27,810 INFO: no action. I am (cdds-postgres-cluster-0), the leader with the lock
2023-11-21 15:56:27.827 UTC [30] LOG {ticks: 0, maint: 0, retry: 0}
2023-11-21 15:56:37,806 INFO: no action. I am (cdds-postgres-cluster-0), the leader with the lock
2023-11-21 15:56:47,810 INFO: no action. I am (cdds-postgres-cluster-0), the leader with the lock
2023-11-21 15:56:57,806 INFO: no action. I am (cdds-postgres-cluster-0), the leader with the lock
2023-11-21 15:56:57.857 UTC [30] LOG {ticks: 0, maint: 0, retry: 0}
2023-11-21 15:57:07,806 INFO: no action. I am (cdds-postgres-cluster-0), the leader with the lock
2023-11-21 15:57:17,806 INFO: no action. I am (cdds-postgres-cluster-0), the leader with the lock
2023-11-21 15:57:27,808 INFO: no action. I am (cdds-postgres-cluster-0), the leader with the lock
2023-11-21 15:57:27.859 UTC [30] LOG {ticks: 0, maint: 0, retry: 0}
2023-11-21 15:57:37,807 INFO: no action. I am (cdds-postgres-cluster-0), the leader with the lock
2023-11-21 15:57:47,810 INFO: no action. I am (cdds-postgres-cluster-0), the leader with the lock
2023-11-21 15:57:57,806 INFO: no action. I am (cdds-postgres-cluster-0), the leader with the lock
2023-11-21 15:57:57.886 UTC [30] LOG {ticks: 0, maint: 0, retry: 0}
2023-11-21 15:58:07,807 INFO: no action. I am (cdds-postgres-cluster-0), the leader with the lock
2023-11-21 15:58:17,813 INFO: no action. I am (cdds-postgres-cluster-0), the leader with the lock
2023-11-21 15:58:27,806 INFO: no action. I am (cdds-postgres-cluster-0), the leader with the lock
2023-11-21 15:58:27.887 UTC [30] LOG {ticks: 0, maint: 0, retry: 0}
2023-11-21 15:58:37,810 INFO: no action. I am (cdds-postgres-cluster-0), the leader with the lock
2023-11-21 15:58:47,808 INFO: no action. I am (cdds-postgres-cluster-0), the leader with the lock
2023-11-21 15:58:57,808 INFO: no action. I am (cdds-postgres-cluster-0), the leader with the lock
2023-11-21 15:58:57.914 UTC [30] LOG {ticks: 0, maint: 0, retry: 0}
2023-11-21 15:59:07,810 INFO: no action. I am (cdds-postgres-cluster-0), the leader with the lock
2023-11-21 15:59:17,806 INFO: no action. I am (cdds-postgres-cluster-0), the leader with the lock
2023-11-21 15:59:27,805 INFO: no action. I am (cdds-postgres-cluster-0), the leader with the lock
2023-11-21 15:59:27.919 UTC [30] LOG {ticks: 0, maint: 0, retry: 0}
2023-11-21 15:59:37,809 INFO: no action. I am (cdds-postgres-cluster-0), the leader with the lock
2023-11-21 15:59:47,810 INFO: no action. I am (cdds-postgres-cluster-0), the leader with the lock
2023-11-21 15:59:57,809 INFO: no action. I am (cdds-postgres-cluster-0), the leader with the lock
2023-11-21 15:59:57.946 UTC [30] LOG {ticks: 0, maint: 0, retry: 0}
2023-11-21 16:00:07,809 INFO: no action. I am (cdds-postgres-cluster-0), the leader with the lock
2023-11-21 16:00:17,810 INFO: no action. I am (cdds-postgres-cluster-0), the leader with the lock
2023-11-21 16:00:27,806 INFO: no action. I am (cdds-postgres-cluster-0), the leader with the lock
2023-11-21 16:00:27.951 UTC [30] LOG {ticks: 0, maint: 0, retry: 0}
2023-11-21 16:00:37,805 INFO: no action. I am (cdds-postgres-cluster-0), the leader with the lock
2023-11-21 16:00:47,805 INFO: no action. I am (cdds-postgres-cluster-0), the leader with the lock
2023-11-21 16:00:57,809 INFO: no action. I am (cdds-postgres-cluster-0), the leader with the lock
2023-11-21 16:00:57.978 UTC [30] LOG {ticks: 0, maint: 0, retry: 0}
2023-11-21 16:01:07,807 INFO: no action. I am (cdds-postgres-cluster-0), the leader with the lock
2023-11-21 16:01:17,808 INFO: no action. I am (cdds-postgres-cluster-0), the leader with the lock
2023-11-21 16:01:27,805 INFO: no action. I am (cdds-postgres-cluster-0), the leader with the lock
2023-11-21 16:01:27.983 UTC [30] LOG {ticks: 0, maint: 0, retry: 0}
2023-11-21 16:01:37,805 INFO: no action. I am (cdds-postgres-cluster-0), the leader with the lock
2023-11-21 16:01:47,806 INFO: no action. I am (cdds-postgres-cluster-0), the leader with the lock
2023-11-21 16:01:57,805 INFO: no action. I am (cdds-postgres-cluster-0), the leader with the lock
2023-11-21 16:01:58.012 UTC [30] LOG {ticks: 0, maint: 0, retry: 0}
2023-11-21 16:02:07,805 INFO: no action. I am (cdds-postgres-cluster-0), the leader with the lock
2023-11-21 16:02:17,806 INFO: no action. I am (cdds-postgres-cluster-0), the leader with the lock
2023-11-21 16:02:27,808 INFO: no action. I am (cdds-postgres-cluster-0), the leader with the lock
2023-11-21 16:02:28.015 UTC [30] LOG {ticks: 0, maint: 0, retry: 0}
2023-11-21 16:02:37,811 INFO: no action. I am (cdds-postgres-cluster-0), the leader with the lock
2023-11-21 16:02:47,805 INFO: no action. I am (cdds-postgres-cluster-0), the leader with the lock
2023-11-21 16:02:57,810 INFO: no action. I am (cdds-postgres-cluster-0), the leader with the lock
2023-11-21 16:02:58.042 UTC [30] LOG {ticks: 0, maint: 0, retry: 0}
2023-11-21 16:03:07,808 INFO: no action. I am (cdds-postgres-cluster-0), the leader with the lock
2023-11-21 16:03:17,806 INFO: no action. I am (cdds-postgres-cluster-0), the leader with the lock
2023-11-21 16:03:27,806 INFO: no action. I am (cdds-postgres-cluster-0), the leader with the lock
2023-11-21 16:03:28.043 UTC [30] LOG {ticks: 0, maint: 0, retry: 0}
2023-11-21 16:03:37,808 INFO: no action. I am (cdds-postgres-cluster-0), the leader with the lock
2023-11-21 16:03:47,808 INFO: no action. I am (cdds-postgres-cluster-0), the leader with the lock
2023-11-21 16:03:57,810 INFO: no action. I am (cdds-postgres-cluster-0), the leader with the lock
2023-11-21 16:03:58.070 UTC [30] LOG {ticks: 0, maint: 0, retry: 0}
2023-11-21 16:04:07,808 INFO: no action. I am (cdds-postgres-cluster-0), the leader with the lock
2023-11-21 16:04:17,806 INFO: no action. I am (cdds-postgres-cluster-0), the leader with the lock
2023-11-21 16:04:27,806 INFO: no action. I am (cdds-postgres-cluster-0), the leader with the lock
2023-11-21 16:04:28.075 UTC [30] LOG {ticks: 0, maint: 0, retry: 0}
2023-11-21 16:04:37,805 INFO: no action. I am (cdds-postgres-cluster-0), the leader with the lock
2023-11-21 16:04:47,806 INFO: no action. I am (cdds-postgres-cluster-0), the leader with the lock
2023-11-21 16:04:57,808 INFO: no action. I am (cdds-postgres-cluster-0), the leader with the lock
2023-11-21 16:04:58.102 UTC [30] LOG {ticks: 0, maint: 0, retry: 0}
2023-11-21 16:05:07,809 INFO: no action. I am (cdds-postgres-cluster-0), the leader with the lock
2023-11-21 16:05:17,809 INFO: no action. I am (cdds-postgres-cluster-0), the leader with the lock
2023-11-21 16:05:27,808 INFO: no action. I am (cdds-postgres-cluster-0), the leader with the lock
2023-11-21 16:05:28.107 UTC [30] LOG {ticks: 0, maint: 0, retry: 0}
2023-11-21 16:05:37,807 INFO: no action. I am (cdds-postgres-cluster-0), the leader with the lock
2023-11-21 16:05:47,806 INFO: no action. I am (cdds-postgres-cluster-0), the leader with the lock
2023-11-21 16:05:57,805 INFO: no action. I am (cdds-postgres-cluster-0), the leader with the lock
2023-11-21 16:05:58.134 UTC [30] LOG {ticks: 0, maint: 0, retry: 0}
2023-11-21 16:06:07,805 INFO: no action. I am (cdds-postgres-cluster-0), the leader with the lock
2023-11-21 16:06:17,805 INFO: no action. I am (cdds-postgres-cluster-0), the leader with the lock
2023-11-21 16:06:27,806 INFO: no action. I am (cdds-postgres-cluster-0), the leader with the lock
2023-11-21 16:06:28.139 UTC [30] LOG {ticks: 0, maint: 0, retry: 0}
2023-11-21 16:06:37,811 INFO: no action. I am (cdds-postgres-cluster-0), the leader with the lock
2023-11-21 16:06:47,805 INFO: no action. I am (cdds-postgres-cluster-0), the leader with the lock
2023-11-21 16:06:57,805 INFO: no action. I am (cdds-postgres-cluster-0), the leader with the lock
2023-11-21 16:06:58.159 UTC [30] LOG {ticks: 0, maint: 0, retry: 0}
2023-11-21 16:07:07,806 INFO: no action. I am (cdds-postgres-cluster-0), the leader with the lock
2023-11-21 16:07:17,808 INFO: no action. I am (cdds-postgres-cluster-0), the leader with the lock
2023-11-21 16:07:27,806 INFO: no action. I am (cdds-postgres-cluster-0), the leader with the lock
2023-11-21 16:07:28.163 UTC [30] LOG {ticks: 0, maint: 0, retry: 0}
2023-11-21 16:07:37,805 INFO: no action. I am (cdds-postgres-cluster-0), the leader with the lock
2023-11-21 16:07:47,809 INFO: no action. I am (cdds-postgres-cluster-0), the leader with the lock
2023-11-21 16:07:57,806 INFO: no action. I am (cdds-postgres-cluster-0), the leader with the lock
2023-11-21 16:07:58.192 UTC [30] LOG {ticks: 0, maint: 0, retry: 0}
2023-11-21 16:08:07,807 INFO: no action. I am (cdds-postgres-cluster-0), the leader with the lock
2023-11-21 16:08:17,808 INFO: no action. I am (cdds-postgres-cluster-0), the leader with the lock
2023-11-21 16:08:27,810 INFO: no action. I am (cdds-postgres-cluster-0), the leader with the lock
2023-11-21 16:08:28.195 UTC [30] LOG {ticks: 0, maint: 0, retry: 0}
2023-11-21 16:08:37,807 INFO: no action. I am (cdds-postgres-cluster-0), the leader with the lock
2023-11-21 16:08:47,809 INFO: no action. I am (cdds-postgres-cluster-0), the leader with the lock
2023-11-21 16:08:57,809 INFO: no action. I am (cdds-postgres-cluster-0), the leader with the lock
2023-11-21 16:08:58.222 UTC [30] LOG {ticks: 0, maint: 0, retry: 0}
2023-11-21 16:09:07,806 INFO: no action. I am (cdds-postgres-cluster-0), the leader with the lock
2023-11-21 16:09:17,810 INFO: no action. I am (cdds-postgres-cluster-0), the leader with the lock
2023-11-21 16:09:27,812 INFO: no action. I am (cdds-postgres-cluster-0), the leader with the lock
2023-11-21 16:09:28.227 UTC [30] LOG {ticks: 0, maint: 0, retry: 0}
2023-11-21 16:09:37,807 INFO: no action. I am (cdds-postgres-cluster-0), the leader with the lock
2023-11-21 16:09:47,810 INFO: no action. I am (cdds-postgres-cluster-0), the leader with the lock
2023-11-21 16:09:57,809 INFO: no action. I am (cdds-postgres-cluster-0), the leader with the lock
2023-11-21 16:09:58.254 UTC [30] LOG {ticks: 0, maint: 0, retry: 0}
2023-11-21 16:10:07,805 INFO: no action. I am (cdds-postgres-cluster-0), the leader with the lock
2023-11-21 16:10:17,806 INFO: no action. I am (cdds-postgres-cluster-0), the leader with the lock
2023-11-21 16:10:27,806 INFO: no action. I am (cdds-postgres-cluster-0), the leader with the lock
2023-11-21 16:10:28.259 UTC [30] LOG {ticks: 0, maint: 0, retry: 0}
2023-11-21 16:10:37,809 INFO: no action. I am (cdds-postgres-cluster-0), the leader with the lock
2023-11-21 16:10:47,808 INFO: no action. I am (cdds-postgres-cluster-0), the leader with the lock
2023-11-21 16:10:57,808 INFO: no action. I am (cdds-postgres-cluster-0), the leader with the lock
2023-11-21 16:10:58.286 UTC [30] LOG {ticks: 0, maint: 0, retry: 0}
2023-11-21 16:11:07,806 INFO: no action. I am (cdds-postgres-cluster-0), the leader with the lock
2023-11-21 16:11:17,806 INFO: no action. I am (cdds-postgres-cluster-0), the leader with the lock
2023-11-21 16:11:27,807 INFO: no action. I am (cdds-postgres-cluster-0), the leader with the lock
2023-11-21 16:11:28.291 UTC [30] LOG {ticks: 0, maint: 0, retry: 0}
2023-11-21 16:11:37,805 INFO: no action. I am (cdds-postgres-cluster-0), the leader with the lock
2023-11-21 16:11:47,805 INFO: no action. I am (cdds-postgres-cluster-0), the leader with the lock
2023-11-21 16:11:57,808 INFO: no action. I am (cdds-postgres-cluster-0), the leader with the lock
2023-11-21 16:11:58.319 UTC [30] LOG {ticks: 0, maint: 0, retry: 0}
2023-11-21 16:12:07,807 INFO: no action. I am (cdds-postgres-cluster-0), the leader with the lock
2023-11-21 16:12:17,806 INFO: no action. I am (cdds-postgres-cluster-0), the leader with the lock
2023-11-21 16:12:27,806 INFO: no action. I am (cdds-postgres-cluster-0), the leader with the lock
2023-11-21 16:12:28.323 UTC [30] LOG {ticks: 0, maint: 0, retry: 0}
2023-11-21 16:12:37,810 INFO: no action. I am (cdds-postgres-cluster-0), the leader with the lock
2023-11-21 16:12:47,808 INFO: no action. I am (cdds-postgres-cluster-0), the leader with the lock
2023-11-21 16:12:57,810 INFO: no action. I am (cdds-postgres-cluster-0), the leader with the lock
2023-11-21 16:12:58.350 UTC [30] LOG {ticks: 0, maint: 0, retry: 0}
2023-11-21 16:13:07,808 INFO: no action. I am (cdds-postgres-cluster-0), the leader with the lock
2023-11-21 16:13:17,806 INFO: no action. I am (cdds-postgres-cluster-0), the leader with the lock
2023-11-21 16:13:27,806 INFO: no action. I am (cdds-postgres-cluster-0), the leader with the lock
2023-11-21 16:13:28.355 UTC [30] LOG {ticks: 0, maint: 0, retry: 0}
2023-11-21 16:13:37,805 INFO: no action. I am (cdds-postgres-cluster-0), the leader with the lock
2023-11-21 16:13:47,806 INFO: no action. I am (cdds-postgres-cluster-0), the leader with the lock
2023-11-21 16:13:57,808 INFO: no action. I am (cdds-postgres-cluster-0), the leader with the lock
2023-11-21 16:13:58.385 UTC [30] LOG {ticks: 0, maint: 0, retry: 0}
2023-11-21 16:14:07,808 INFO: no action. I am (cdds-postgres-cluster-0), the leader with the lock
2023-11-21 16:14:17,806 INFO: no action. I am (cdds-postgres-cluster-0), the leader with the lock
