ℹ DISCOURSE_URL not set in .env file. Discourse features will be disabled.
ℹ App version: 6.1.2-beta+0.0e3851831
ℹ Library versions (including Node.js): { node: '18.14.2',
  v8: '***HIDDEN***-node.22',
  uv: '1.44.2',
  zlib: '1.2.13',
  brotli: '1.0.9',
  ares: '1.18.1',
  modules: '108',
  nghttp2: '1.51.0',
  napi: '8',
  llhttp: '6.0.10',
  uvwasi: '0.0.14',
  acorn: '8.8.1',
  simdutf: '3.1.0',
  undici: '5.20.0',
  openssl: '3.0.8+quic',
  cldr: '42.0',
  icu: '72.1',
  tz: '2022g',
  unicode: '15.0',
  ngtcp2: '0.8.1',
  nghttp3: '0.7.0' }
ℹ Sitemap disabled
ℹ Using Redis at hub-webapp-redis-master.knime.svc.cluster.local:6379
ℹ Connection to Redis successful.
ℹ Redis client and server ready.
ℹ Listening on: http://***HIDDEN***:3000/

 ERROR  Axios error: {
    "message": "Request failed with status code 503",
    "text": "no healthy upstream",
    "path": "/accounts/hub:global",
    "host": "api.hub.kbh-troubleshooting.com",
    "method": "GET"
}


 WARN  Error while updating feature flags: Cannot read properties of undefined (reading 'data')


 ERROR  Axios error: {
    "message": "Request failed with status code 503",
    "text": "no healthy upstream",
    "path": "/accounts/hub:global",
    "host": "api.hub.kbh-troubleshooting.com",
    "method": "GET"
}


 WARN  Error while updating feature flags: Cannot read properties of undefined (reading 'data')

ℹ Connection to Redis lost, retrying...
ℹ Connection to Redis successful.
ℹ Redis client and server ready.
ℹ Connection to Redis lost, retrying...
ℹ Connection to Redis successful.
ℹ Redis client and server ready.
ℹ Connection to Redis lost, retrying...
ℹ Connection to Redis successful.
ℹ Redis client and server ready.
ℹ Using REST service at http://api.hub.kbh-troubleshooting.com/
ℹ Public URL is http://hub.kbh-troubleshooting.com
ℹ Connection to Redis lost, retrying...
ℹ Connection to Redis successful.

 ERROR  Redis client error. write EPIPE

  at afterWriteDispatched (node:internal/stream_base_commons:160:15)
  at writeGeneric (node:internal/stream_base_commons:151:3)
  at Socket._writeGeneric (node:net:930:11)
  at Socket._write (node:net:942:8)
  at writeOrBuffer (node:internal/streams/writable:392:12)
  at _write (node:internal/streams/writable:333:10)
  at Writable.write (node:internal/streams/writable:337:10)
  at Redis.sendCommand (node_modules/ioredis/built/redis/index.js:672:33)
  at Redis.info (node_modules/ioredis/built/commander.js:122:25)
  at Redis._readyCheck (node_modules/ioredis/built/redis/index.js:485:10)
  at Socket.<anonymous> (node_modules/ioredis/built/redis/event_handler.js:58:18)
  at Object.onceWrapper (node:events:627:28)
  at Socket.emit (node:events:525:35)
  at TCPConnectWrap.afterConnect [as oncomplete] (node:net:1479:10)

ℹ Connection to Redis lost, retrying...
ℹ Connection to Redis successful.

 ERROR  Redis client error. read ECONNRESET

  at TCP.onStreamRead (node:internal/stream_base_commons:217:20)

ℹ Connection to Redis lost, retrying...

 ERROR  Redis client error. connect ECONNREFUSED ***HIDDEN***:6379

  at TCPConnectWrap.afterConnect [as oncomplete] (node:net:1494:16)

ℹ Connection to Redis lost, retrying...

 ERROR  Redis client error. connect ECONNREFUSED ***HIDDEN***:6379

  at TCPConnectWrap.afterConnect [as oncomplete] (node:net:1494:16)


 ERROR  Redis client error. connect ECONNREFUSED ***HIDDEN***:6379

  at TCPConnectWrap.afterConnect [as oncomplete] (node:net:1494:16)


 ERROR  Redis client error. connect ECONNREFUSED ***HIDDEN***:6379

  at TCPConnectWrap.afterConnect [as oncomplete] (node:net:1494:16)

ℹ Connection to Redis lost, retrying...

 ERROR  Redis client error. connect ECONNREFUSED ***HIDDEN***:6379

  at TCPConnectWrap.afterConnect [as oncomplete] (node:net:1494:16)

ℹ Connection to Redis lost, retrying...

 ERROR  Redis client error. connect ECONNREFUSED ***HIDDEN***:6379

  at TCPConnectWrap.afterConnect [as oncomplete] (node:net:1494:16)

ℹ Connection to Redis lost, retrying...

 ERROR  Redis client error. connect ECONNREFUSED ***HIDDEN***:6379

  at TCPConnectWrap.afterConnect [as oncomplete] (node:net:1494:16)

ℹ Connection to Redis lost, retrying...

 ERROR  Redis client error. connect ECONNREFUSED ***HIDDEN***:6379

  at TCPConnectWrap.afterConnect [as oncomplete] (node:net:1494:16)


 ERROR  Redis client error. connect ECONNREFUSED ***HIDDEN***:6379

  at TCPConnectWrap.afterConnect [as oncomplete] (node:net:1494:16)


 ERROR  Axios error: {
    "message": "connect ECONNREFUSED ***HIDDEN***:80"
}


 WARN  Error while updating feature flags: Cannot read properties of undefined (reading 'data')


 ERROR  Redis client error. connect ECONNREFUSED ***HIDDEN***:6379

  at TCPConnectWrap.afterConnect [as oncomplete] (node:net:1494:16)

ℹ Connection to Redis lost, retrying...

 ERROR  Redis client error. connect ECONNREFUSED ***HIDDEN***:6379

  at TCPConnectWrap.afterConnect [as oncomplete] (node:net:1494:16)

ℹ Connection to Redis lost, retrying...

 ERROR  Redis client error. connect ECONNREFUSED ***HIDDEN***:6379

  at TCPConnectWrap.afterConnect [as oncomplete] (node:net:1494:16)

ℹ Connection to Redis lost, retrying...

 ERROR  Redis client error. connect ECONNREFUSED ***HIDDEN***:6379

  at TCPConnectWrap.afterConnect [as oncomplete] (node:net:1494:16)

ℹ Connection to Redis lost, retrying...

 ERROR  Redis client error. connect ECONNREFUSED ***HIDDEN***:6379

  at TCPConnectWrap.afterConnect [as oncomplete] (node:net:1494:16)

ℹ Connection to Redis lost, retrying...

 ERROR  Redis client error. connect ECONNREFUSED ***HIDDEN***:6379

  at TCPConnectWrap.afterConnect [as oncomplete] (node:net:1494:16)


 ERROR  Redis client error. connect ECONNREFUSED ***HIDDEN***:6379

  at TCPConnectWrap.afterConnect [as oncomplete] (node:net:1494:16)


 ERROR  Redis client error. connect ECONNREFUSED ***HIDDEN***:6379

  at TCPConnectWrap.afterConnect [as oncomplete] (node:net:1494:16)

ℹ Connection to Redis lost, retrying...
