{"level":"info","version":"1.2.2","hash":"75436a0","time":"2023-11-21T14:29:25Z","message":"version"}
{"level":"info","loglevel":"info","time":"2023-11-21T14:29:25Z","message":"config"}
{"level":"info","apiDocs":false,"time":"2023-11-21T14:29:25Z","message":"config"}
{"level":"info","tokenEndpoint":"http://auth.hub.kbh-troubleshooting.com/auth/realms/knime/protocol/openid-connect/token","time":"2023-11-21T14:29:25Z","message":"config"}
{"level":"info","applicationPasswordEndpoint":"http://accounts-service:8080/application-passwords/identity","time":"2023-11-21T14:29:25Z","message":"config"}
{"level":"info","pubKeyEndpoint":"http://accounts-service:8080/application-passwords/keys/public-key","time":"2023-11-21T14:29:25Z","message":"config"}
{"level":"info","clientID":"knime-impersonation","clientSecret":"xxx","time":"2023-11-21T14:29:25Z","message":"config"}
{"level":"info","cacheMaxTTL":300,"time":"2023-11-21T14:29:25Z","message":"config"}
{"level":"info","time":"2023-11-21T14:29:25Z","message":"listening on http://localhost:9090"}
{"level":"error","method":"GET","path":"/readyz","ms":5004.157483,"status":503,"ip":"***HIDDEN***","xRequestID":"1813920d-c849-4a8d-b253-989c3dcb6bf9","size":365,"time":"2023-11-21T14:29:34Z","message":"request"}
{"level":"error","method":"GET","path":"/readyz","ms":5002.055207,"status":503,"ip":"***HIDDEN***","xRequestID":"1e15884b-9566-49dd-b287-dc6359c947c8","size":365,"time":"2023-11-21T14:29:37Z","message":"request"}
{"level":"error","method":"GET","path":"/readyz","ms":5000.54054,"status":503,"ip":"***HIDDEN***","xRequestID":"a3e3dc71-e4e1-43b7-95ac-c940a5bc41d2","size":365,"time":"2023-11-21T14:29:40Z","message":"request"}
{"level":"error","method":"GET","path":"/readyz","ms":5000.137949,"status":503,"ip":"***HIDDEN***","xRequestID":"06103579-7414-41f3-9734-03c8388dc5bd","size":365,"time":"2023-11-21T14:29:44Z","message":"request"}
{"level":"error","method":"GET","path":"/readyz","ms":5000.258005,"status":503,"ip":"***HIDDEN***","xRequestID":"740bdbfc-f5b2-486d-ae5a-e7674700bdf9","size":365,"time":"2023-11-21T14:29:49Z","message":"request"}
{"level":"error","method":"GET","path":"/readyz","ms":5000.472756,"status":503,"ip":"***HIDDEN***","xRequestID":"3439b15e-b884-4680-863d-725975cf0136","size":365,"time":"2023-11-21T14:29:54Z","message":"request"}
{"level":"error","method":"GET","path":"/readyz","ms":5000.110139,"status":503,"ip":"***HIDDEN***","xRequestID":"950ccc86-9aca-4100-a9a7-6fd967772ae8","size":365,"time":"2023-11-21T14:29:59Z","message":"request"}
{"level":"error","method":"GET","path":"/readyz","ms":222.528782,"status":503,"ip":"***HIDDEN***","xRequestID":"a857c9ae-2efb-42f1-bc35-9aea5fb3c8dd","size":483,"time":"2023-11-21T14:29:59Z","message":"request"}
{"level":"error","method":"GET","path":"/readyz","ms":5000.168603,"status":503,"ip":"***HIDDEN***","xRequestID":"4963ed4d-4c02-48c1-887b-efdbde73ab22","size":365,"time":"2023-11-21T14:30:09Z","message":"request"}
{"level":"error","method":"GET","path":"/readyz","ms":5000.707846,"status":503,"ip":"***HIDDEN***","xRequestID":"4aeb1150-8cae-41a8-8141-7789689e1776","size":365,"time":"2023-11-21T14:30:14Z","message":"request"}
{"level":"error","method":"GET","path":"/readyz","ms":5000.092685,"status":503,"ip":"***HIDDEN***","xRequestID":"2497dc6c-1ae6-4c9f-9016-c7dde0e2e6fe","size":365,"time":"2023-11-21T14:30:19Z","message":"request"}
{"level":"error","method":"GET","path":"/readyz","ms":2.862176,"status":503,"ip":"***HIDDEN***","xRequestID":"de22b056-aeba-4775-850e-62e3c31f06ef","size":255,"time":"2023-11-21T14:30:19Z","message":"request"}
{"level":"error","method":"GET","path":"/readyz","ms":1.712656,"status":503,"ip":"***HIDDEN***","xRequestID":"8df4a6df-eab3-4e7a-874c-4c9e2de760ed","size":255,"time":"2023-11-21T14:30:24Z","message":"request"}
{"level":"error","method":"GET","path":"/readyz","ms":4.078498,"status":503,"ip":"***HIDDEN***","xRequestID":"e4463e86-5e1b-43cb-b974-5fdf7971a277","size":129,"time":"2023-11-21T14:30:29Z","message":"request"}
{"level":"error","method":"GET","path":"/readyz","ms":4.147862,"status":503,"ip":"***HIDDEN***","xRequestID":"81e960a9-0fc8-4f17-ab7e-8a5081e285b4","size":129,"time":"2023-11-21T14:30:34Z","message":"request"}
{"level":"error","method":"GET","path":"/readyz","ms":4.740381,"status":503,"ip":"***HIDDEN***","xRequestID":"29c93d06-a8f9-48ad-9c80-954e9ecf0a3d","size":129,"time":"2023-11-21T14:30:39Z","message":"request"}
{"level":"error","method":"GET","path":"/readyz","ms":4.237174,"status":503,"ip":"***HIDDEN***","xRequestID":"a7bc9fa5-7064-4bac-978e-8db270d7bd41","size":129,"time":"2023-11-21T14:30:44Z","message":"request"}
{"level":"error","method":"GET","path":"/readyz","ms":5.616857,"status":503,"ip":"***HIDDEN***","xRequestID":"29ad5782-4382-4f65-8313-c815d412e380","size":129,"time":"2023-11-21T14:30:49Z","message":"request"}
{"level":"error","method":"GET","path":"/readyz","ms":4.653437,"status":503,"ip":"***HIDDEN***","xRequestID":"10ab0e81-a78c-47a0-aebb-522e3103a3ea","size":129,"time":"2023-11-21T14:30:51Z","message":"request"}
{"level":"error","method":"GET","path":"/readyz","ms":4.608656,"status":503,"ip":"***HIDDEN***","xRequestID":"37f9d363-374a-429a-8de8-534170edb4d3","size":129,"time":"2023-11-21T14:30:54Z","message":"request"}
{"level":"error","method":"GET","path":"/readyz","ms":4.398312,"status":503,"ip":"***HIDDEN***","xRequestID":"5a1d2049-7c3e-49a0-9d22-76a68e31817f","size":129,"time":"2023-11-21T14:30:59Z","message":"request"}
{"level":"error","method":"GET","path":"/readyz","ms":4.429816,"status":503,"ip":"***HIDDEN***","xRequestID":"68f0d563-1602-4e14-bc10-3ab55ac119da","size":129,"time":"2023-11-21T14:31:04Z","message":"request"}
{"level":"error","method":"GET","path":"/readyz","ms":4.137317,"status":503,"ip":"***HIDDEN***","xRequestID":"56b1cd0d-9aee-4432-a9d5-f9bcef856cff","size":129,"time":"2023-11-21T14:31:09Z","message":"request"}
{"level":"error","method":"GET","path":"/readyz","ms":4.190646,"status":503,"ip":"***HIDDEN***","xRequestID":"ef0b0171-60f8-49ed-8321-3626aee4d35d","size":129,"time":"2023-11-21T14:31:14Z","message":"request"}
{"level":"error","method":"GET","path":"/readyz","ms":4.09625,"status":503,"ip":"***HIDDEN***","xRequestID":"f9004659-6031-478b-a239-08fd8a9d7e77","size":129,"time":"2023-11-21T14:31:19Z","message":"request"}
