_XSERVTransmkdir: Owner of /tmp/.X11-unix should be set to root
CompileCommand: exclude javax/swing/text/GlyphView.getBreakSpot bool exclude = true
VM settings:
    Max. Heap Size (Estimated): 3.48G
    Using VM: OpenJDK 64-Bit Server VM

Property settings:
    arrow.enable_null_check_for_get = false
    arrow.enable_unsafe_memory_access = true
    arrow.memory.debug.allocator = false
    chromium.multi_threaded_message_loop = true
    comm.disable_dynamic_service = true
    file.encoding = UTF-8
    file.separator = /
    java.class.path = /home/knime/knime//plugins/org.eclipse.equinox.launcher_1.6.400.v20210924-0641.jar
    java.class.version = 61.0
    java.home = /home/knime/knime/plugins/org.knime.binary.jre.linux.x86_64_17.0.5.20221116/jre
    java.io.tmpdir = /tmp
    java.library.path = /usr/java/packages/lib
        /usr/lib64
        /lib64
        /lib
        /usr/lib
    java.runtime.name = OpenJDK Runtime Environment
    java.runtime.version = 17.0.5+8
    java.security.properties = plugins/org.knime.binary.jre.linux.x86_64_17.0.5.20221116/security.properties
    java.specification.name = Java Platform API Specification
    java.specification.vendor = Oracle Corporation
    java.specification.version = 17
    java.vendor = Eclipse Adoptium
    java.vendor.url = https://adoptium.net/
    java.vendor.url.bug = https://github.com/adoptium/adoptium-support/issues
    java.vendor.version = Temurin-17.0.5+8
    java.version = 17.0.5
    java.version.date = 2022-10-18
    java.vm.compressedOopsMode = Zero based
    java.vm.info = mixed mode, sharing
    java.vm.name = OpenJDK 64-Bit Server VM
    java.vm.specification.name = Java Virtual Machine Specification
    java.vm.specification.vendor = Oracle Corporation
    java.vm.specification.version = 17
    java.vm.vendor = Eclipse Adoptium
    java.vm.version = 17.0.5+8
    jdk.debug = release
    jdk.httpclient.allowRestrictedHeaders = content-length
    knime.xml.disable_external_entities = true
    line.separator = \n 
    log4j.configuration = /home/knime/knime/log4j.xml
    native.encoding = UTF-8
    org.apache.cxf.bus.factory = org.knime.cxf.core.fragment.KNIMECXFBusFactory
    org.eclipse.swt.internal.gtk.disablePrinting = 
    os.arch = amd64
    os.name = Linux
    os.version = 6.2.0-1015-aws
    osgi.classloader.lock = classname
    path.separator = :
    sun.arch.data.model = 64
    sun.boot.library.path = /home/knime/knime/plugins/org.knime.binary.jre.linux.x86_64_17.0.5.20221116/jre/lib
    sun.cpu.endian = little
    sun.io.unicode.encoding = UnicodeLittle
    sun.java.command = /home/knime/knime//plugins/org.eclipse.equinox.launcher_1.6.400.v20210924-0641.jar -os linux -ws gtk -arch x86_64 -launcher /home/knime/knime/knime -name Knime --launcher.library /home/knime/knime//plugins/com.equo.chromium.cef.gtk.linux.x86_64_106.0.17/eclipse_11701.so -startup /home/knime/knime//plugins/org.eclipse.equinox.launcher_1.6.400.v20210924-0641.jar --launcher.overrideVmargs -exitdata 0 -consolelog -application com.knime.enterprise.slave.KNIME_REMOTE_APPLICATION -vm /home/knime/knime//plugins/org.knime.binary.jre.linux.x86_64_17.0.5.20221116/jre/bin/java -vmargs -Djava.security.properties=plugins/org.knime.binary.jre.linux.x86_64_17.0.5.20221116/security.properties -Dorg.apache.cxf.bus.factory=org.knime.cxf.core.fragment.KNIMECXFBusFactory -server -Dsun.java2d.d3d=false -Dosgi.classloader.lock=classname -XX:+UnlockDiagnosticVMOptions -Dsun.net.client.defaultReadTimeout=0 -XX:CompileCommand=exclude,javax/swing/text/GlyphView,getBreakSpot -Dknime.xml.disable_external_entities=true -Dcomm.disable_dynamic_service=true --add-opens=java.base/java.lang=ALL-UNNAMED --add-opens=java.base/java.lang.invoke=ALL-UNNAMED --add-opens=java.base/java.net=ALL-UNNAMED --add-opens=java.base/java.nio=ALL-UNNAMED --add-opens=java.base/java.nio.channels=ALL-UNNAMED --add-opens=java.base/java.util=ALL-UNNAMED --add-opens=java.base/sun.nio.ch=ALL-UNNAMED --add-opens=java.base/sun.nio=ALL-UNNAMED --add-opens=java.desktop/javax.swing.plaf.basic=ALL-UNNAMED --add-opens=java.base/sun.net.www.protocol.http=ALL-UNNAMED -Dorg.eclipse.swt.internal.gtk.disablePrinting -Dchromium.multi_threaded_message_loop=true -Djdk.httpclient.allowRestrictedHeaders=content-length --add-opens=java.base/sun.util.calendar=ALL-UNNAMED -Darrow.enable_unsafe_memory_access=true -Darrow.memory.debug.allocator=false -Darrow.enable_null_check_for_get=false --add-opens=java.base/sun.security.ssl=ALL-UNNAMED --add-opens=java.base/sun.security.util=ALL-UNNAMED --add-opens=java.xml/com.sun.org.apache.xerces.internal.parsers=ALL-UNNAMED --add-opens=java.xml/com.sun.org.apache.xerces.internal.util=ALL-UNNAMED --add-opens=java.security.jgss/sun.security.jgss.krb5=ALL-UNNAMED --add-exports=java.security.jgss/sun.security.jgss=ALL-UNNAMED --add-exports=java.security.jgss/sun.security.jgss.spi=ALL-UNNAMED --add-exports=java.security.jgss/sun.security.krb5.internal=ALL-UNNAMED --add-exports=java.security.jgss/sun.security.krb5=ALL-UNNAMED -XshowSettings -XX:MaxRAMPercentage=60 -Dlog4j.configuration=/home/knime/knime/log4j.xml -jar /home/knime/knime//plugins/org.eclipse.equinox.launcher_1.6.400.v20210924-0641.jar
    sun.java.launcher = SUN_STANDARD
    sun.java2d.d3d = false
    sun.jnu.encoding = UTF-8
    sun.management.compiler = HotSpot 64-Bit Tiered Compilers
    sun.net.client.defaultReadTimeout = 0
    user.dir = /home/knime
    user.home = /home/knime
    user.language = en
    user.name = knime

Locale settings:
    default locale = English
    default display locale = English
    default format locale = English
    available locales = , af, af_NA, af_ZA, af_ZA_#Latn, agq, agq_CM, agq_CM_#Latn, 
        ak, ak_GH, ak_GH_#Latn, am, am_ET, am_ET_#Ethi, ar, ar_001, 
        ar_AE, ar_BH, ar_DJ, ar_DZ, ar_EG, ar_EG_#Arab, ar_EH, ar_ER, 
        ar_IL, ar_IQ, ar_JO, ar_KM, ar_KW, ar_LB, ar_LY, ar_MA, 
        ar_MR, ar_OM, ar_PS, ar_QA, ar_SA, ar_SD, ar_SO, ar_SS, 
        ar_SY, ar_TD, ar_TN, ar_YE, as, as_IN, as_IN_#Beng, asa, 
        asa_TZ, asa_TZ_#Latn, ast, ast_ES, ast_ES_#Latn, az, az_AZ, az_AZ_#Cyrl, 
        az_AZ_#Latn, az__#Cyrl, az__#Latn, bas, bas_CM, bas_CM_#Latn, be, be_BY, 
        be_BY_#Cyrl, bem, bem_ZM, bem_ZM_#Latn, bez, bez_TZ, bez_TZ_#Latn, bg, 
        bg_BG, bg_BG_#Cyrl, bm, bm_ML, bm_ML_#Latn, bn, bn_BD, bn_BD_#Beng, 
        bn_IN, bo, bo_CN, bo_CN_#Tibt, bo_IN, br, br_FR, br_FR_#Latn, 
        brx, brx_IN, brx_IN_#Deva, bs, bs_BA, bs_BA_#Cyrl, bs_BA_#Latn, bs__#Cyrl, 
        bs__#Latn, ca, ca_AD, ca_ES, ca_ES_#Latn, ca_ES_VALENCIA, ca_FR, ca_IT, 
        ccp, ccp_BD, ccp_BD_#Cakm, ccp_IN, ce, ce_RU, ce_RU_#Cyrl, ceb, 
        ceb_PH, ceb_PH_#Latn, cgg, cgg_UG, cgg_UG_#Latn, chr, chr_US, chr_US_#Cher, 
        ckb, ckb_IQ, ckb_IQ_#Arab, ckb_IR, cs, cs_CZ, cs_CZ_#Latn, cy, 
        cy_GB, cy_GB_#Latn, da, da_DK, da_DK_#Latn, da_GL, dav, dav_KE, 
        dav_KE_#Latn, de, de_AT, de_BE, de_CH, de_DE, de_DE_#Latn, de_IT, 
        de_LI, de_LU, dje, dje_NE, dje_NE_#Latn, doi, doi_IN, doi_IN_#Deva, 
        dsb, dsb_DE, dsb_DE_#Latn, dua, dua_CM, dua_CM_#Latn, dyo, dyo_SN, 
        dyo_SN_#Latn, dz, dz_BT, dz_BT_#Tibt, ebu, ebu_KE, ebu_KE_#Latn, ee, 
        ee_GH, ee_GH_#Latn, ee_TG, el, el_CY, el_GR, el_GR_#Grek, en, 
        en_001, en_150, en_AE, en_AG, en_AI, en_AS, en_AT, en_AU, 
        en_BB, en_BE, en_BI, en_BM, en_BS, en_BW, en_BZ, en_CA, 
        en_CC, en_CH, en_CK, en_CM, en_CX, en_CY, en_DE, en_DG, 
        en_DK, en_DM, en_ER, en_FI, en_FJ, en_FK, en_FM, en_GB, 
        en_GD, en_GG, en_GH, en_GI, en_GM, en_GU, en_GY, en_HK, 
        en_IE, en_IL, en_IM, en_IN, en_IO, en_JE, en_JM, en_KE, 
        en_KI, en_KN, en_KY, en_LC, en_LR, en_LS, en_MG, en_MH, 
        en_MO, en_MP, en_MS, en_MT, en_MU, en_MW, en_MY, en_NA, 
        en_NF, en_NG, en_NL, en_NR, en_NU, en_NZ, en_PG, en_PH, 
        en_PK, en_PN, en_PR, en_PW, en_RW, en_SB, en_SC, en_SD, 
        en_SE, en_SG, en_SH, en_SI, en_SL, en_SS, en_SX, en_SZ, 
        en_TC, en_TK, en_TO, en_TT, en_TV, en_TZ, en_UG, en_UM, 
        en_US, en_US_#Latn, en_US_POSIX, en_VC, en_VG, en_VI, en_VU, en_WS, 
        en_ZA, en_ZM, en_ZW, eo, eo_001, eo_001_#Latn, es, es_419, 
        es_AR, es_BO, es_BR, es_BZ, es_CL, es_CO, es_CR, es_CU, 
        es_DO, es_EA, es_EC, es_ES, es_ES_#Latn, es_GQ, es_GT, es_HN, 
        es_IC, es_MX, es_NI, es_PA, es_PE, es_PH, es_PR, es_PY, 
        es_SV, es_US, es_UY, es_VE, et, et_EE, et_EE_#Latn, eu, 
        eu_ES, eu_ES_#Latn, ewo, ewo_CM, ewo_CM_#Latn, fa, fa_AF, fa_IR, 
        fa_IR_#Arab, ff, ff_BF_#Adlm, ff_BF_#Latn, ff_CM_#Adlm, ff_CM_#Latn, ff_GH_#Adlm, ff_GH_#Latn, 
        ff_GM_#Adlm, ff_GM_#Latn, ff_GN, ff_GN_#Adlm, ff_GN_#Latn, ff_GW_#Adlm, ff_GW_#Latn, ff_LR_#Adlm, 
        ff_LR_#Latn, ff_MR_#Adlm, ff_MR_#Latn, ff_NE_#Adlm, ff_NE_#Latn, ff_NG_#Adlm, ff_NG_#Latn, ff_SL_#Adlm, 
        ff_SL_#Latn, ff_SN, ff_SN_#Adlm, ff_SN_#Latn, ff__#Adlm, ff__#Latn, fi, fi_FI, 
        fi_FI_#Latn, fil, fil_PH, fil_PH_#Latn, fo, fo_DK, fo_FO, fo_FO_#Latn, 
        fr, fr_BE, fr_BF, fr_BI, fr_BJ, fr_BL, fr_CA, fr_CD, 
        fr_CF, fr_CG, fr_CH, fr_CI, fr_CM, fr_DJ, fr_DZ, fr_FR, 
        fr_FR_#Latn, fr_GA, fr_GF, fr_GN, fr_GP, fr_GQ, fr_HT, fr_KM, 
        fr_LU, fr_MA, fr_MC, fr_MF, fr_MG, fr_ML, fr_MQ, fr_MR, 
        fr_MU, fr_NC, fr_NE, fr_PF, fr_PM, fr_RE, fr_RW, fr_SC, 
        fr_SN, fr_SY, fr_TD, fr_TG, fr_TN, fr_VU, fr_WF, fr_YT, 
        fur, fur_IT, fur_IT_#Latn, fy, fy_NL, fy_NL_#Latn, ga, ga_GB, 
        ga_IE, ga_IE_#Latn, gd, gd_GB, gd_GB_#Latn, gl, gl_ES, gl_ES_#Latn, 
        gsw, gsw_CH, gsw_CH_#Latn, gsw_FR, gsw_LI, gu, gu_IN, gu_IN_#Gujr, 
        guz, guz_KE, guz_KE_#Latn, gv, gv_IM, gv_IM_#Latn, ha, ha_GH, 
        ha_NE, ha_NG, ha_NG_#Latn, haw, haw_US, haw_US_#Latn, he, he_IL, 
        he_IL_#Hebr, hi, hi_IN, hi_IN_#Deva, hr, hr_BA, hr_HR, hr_HR_#Latn, 
        hsb, hsb_DE, hsb_DE_#Latn, hu, hu_HU, hu_HU_#Latn, hy, hy_AM, 
        hy_AM_#Armn, ia, ia_001, ia_001_#Latn, id, id_ID, id_ID_#Latn, ig, 
        ig_NG, ig_NG_#Latn, ii, ii_CN, ii_CN_#Yiii, is, is_IS, is_IS_#Latn, 
        it, it_CH, it_IT, it_IT_#Latn, it_SM, it_VA, ja, ja_JP, 
        ja_JP_#Jpan, ja_JP_JP_#u-ca-japanese, jgo, jgo_CM, jgo_CM_#Latn, jmc, jmc_TZ, jmc_TZ_#Latn, 
        jv, jv_ID, jv_ID_#Latn, ka, ka_GE, ka_GE_#Geor, kab, kab_DZ, 
        kab_DZ_#Latn, kam, kam_KE, kam_KE_#Latn, kde, kde_TZ, kde_TZ_#Latn, kea, 
        kea_CV, kea_CV_#Latn, khq, khq_ML, khq_ML_#Latn, ki, ki_KE, ki_KE_#Latn, 
        kk, kk_KZ, kk_KZ_#Cyrl, kkj, kkj_CM, kkj_CM_#Latn, kl, kl_GL, 
        kl_GL_#Latn, kln, kln_KE, kln_KE_#Latn, km, km_KH, km_KH_#Khmr, kn, 
        kn_IN, kn_IN_#Knda, ko, ko_KP, ko_KR, ko_KR_#Kore, kok, kok_IN, 
        kok_IN_#Deva, ks, ks_IN, ks_IN_#Arab, ks__#Arab, ksb, ksb_TZ, ksb_TZ_#Latn, 
        ksf, ksf_CM, ksf_CM_#Latn, ksh, ksh_DE, ksh_DE_#Latn, ku, ku_TR, 
        ku_TR_#Latn, kw, kw_GB, kw_GB_#Latn, ky, ky_KG, ky_KG_#Cyrl, lag, 
        lag_TZ, lag_TZ_#Latn, lb, lb_LU, lb_LU_#Latn, lg, lg_UG, lg_UG_#Latn, 
        lkt, lkt_US, lkt_US_#Latn, ln, ln_AO, ln_CD, ln_CD_#Latn, ln_CF, 
        ln_CG, lo, lo_LA, lo_LA_#Laoo, lrc, lrc_IQ, lrc_IR, lrc_IR_#Arab, 
        lt, lt_LT, lt_LT_#Latn, lu, lu_CD, lu_CD_#Latn, luo, luo_KE, 
        luo_KE_#Latn, luy, luy_KE, luy_KE_#Latn, lv, lv_LV, lv_LV_#Latn, mai, 
        mai_IN, mai_IN_#Deva, mas, mas_KE, mas_KE_#Latn, mas_TZ, mer, mer_KE, 
        mer_KE_#Latn, mfe, mfe_MU, mfe_MU_#Latn, mg, mg_MG, mg_MG_#Latn, mgh, 
        mgh_MZ, mgh_MZ_#Latn, mgo, mgo_CM, mgo_CM_#Latn, mi, mi_NZ, mi_NZ_#Latn, 
        mk, mk_MK, mk_MK_#Cyrl, ml, ml_IN, ml_IN_#Mlym, mn, mn_MN, 
        mn_MN_#Cyrl, mni, mni_IN, mni_IN_#Beng, mni__#Beng, mr, mr_IN, mr_IN_#Deva, 
        ms, ms_BN, ms_ID, ms_MY, ms_MY_#Latn, ms_SG, mt, mt_MT, 
        mt_MT_#Latn, mua, mua_CM, mua_CM_#Latn, my, my_MM, my_MM_#Mymr, mzn, 
        mzn_IR, mzn_IR_#Arab, naq, naq_NA, naq_NA_#Latn, nb, nb_NO, nb_NO_#Latn, 
        nb_SJ, nd, nd_ZW, nd_ZW_#Latn, nds, nds_DE, nds_DE_#Latn, nds_NL, 
        ne, ne_IN, ne_NP, ne_NP_#Deva, nl, nl_AW, nl_BE, nl_BQ, 
        nl_CW, nl_NL, nl_NL_#Latn, nl_SR, nl_SX, nmg, nmg_CM, nmg_CM_#Latn, 
        nn, nn_NO, nn_NO_#Latn, nnh, nnh_CM, nnh_CM_#Latn, no, no_NO, 
        no_NO_#Latn, no_NO_NY, nus, nus_SS, nus_SS_#Latn, nyn, nyn_UG, nyn_UG_#Latn, 
        om, om_ET, om_ET_#Latn, om_KE, or, or_IN, or_IN_#Orya, os, 
        os_GE, os_GE_#Cyrl, os_RU, pa, pa_IN, pa_IN_#Guru, pa_PK, pa_PK_#Arab, 
        pa__#Arab, pa__#Guru, pcm, pcm_NG, pcm_NG_#Latn, pl, pl_PL, pl_PL_#Latn, 
        ps, ps_AF, ps_AF_#Arab, ps_PK, pt, pt_AO, pt_BR, pt_BR_#Latn, 
        pt_CH, pt_CV, pt_GQ, pt_GW, pt_LU, pt_MO, pt_MZ, pt_PT, 
        pt_ST, pt_TL, qu, qu_BO, qu_EC, qu_PE, qu_PE_#Latn, rm, 
        rm_CH, rm_CH_#Latn, rn, rn_BI, rn_BI_#Latn, ro, ro_MD, ro_RO, 
        ro_RO_#Latn, rof, rof_TZ, rof_TZ_#Latn, ru, ru_BY, ru_KG, ru_KZ, 
        ru_MD, ru_RU, ru_RU_#Cyrl, ru_UA, rw, rw_RW, rw_RW_#Latn, rwk, 
        rwk_TZ, rwk_TZ_#Latn, sa, sa_IN, sa_IN_#Deva, sah, sah_RU, sah_RU_#Cyrl, 
        saq, saq_KE, saq_KE_#Latn, sat, sat_IN, sat_IN_#Olck, sat__#Olck, sbp, 
        sbp_TZ, sbp_TZ_#Latn, sd, sd_IN, sd_IN_#Deva, sd_PK, sd_PK_#Arab, sd__#Arab, 
        sd__#Deva, se, se_FI, se_NO, se_NO_#Latn, se_SE, seh, seh_MZ, 
        seh_MZ_#Latn, ses, ses_ML, ses_ML_#Latn, sg, sg_CF, sg_CF_#Latn, shi, 
        shi_MA, shi_MA_#Latn, shi_MA_#Tfng, shi__#Latn, shi__#Tfng, si, si_LK, si_LK_#Sinh, 
        sk, sk_SK, sk_SK_#Latn, sl, sl_SI, sl_SI_#Latn, smn, smn_FI, 
        smn_FI_#Latn, sn, sn_ZW, sn_ZW_#Latn, so, so_DJ, so_ET, so_KE, 
        so_SO, so_SO_#Latn, sq, sq_AL, sq_AL_#Latn, sq_MK, sq_XK, sr, 
        sr_BA, sr_BA_#Cyrl, sr_BA_#Latn, sr_CS, sr_ME, sr_ME_#Cyrl, sr_ME_#Latn, sr_RS, 
        sr_RS_#Cyrl, sr_RS_#Latn, sr_XK_#Cyrl, sr_XK_#Latn, sr__#Cyrl, sr__#Latn, su, su_ID, 
        su_ID_#Latn, su__#Latn, sv, sv_AX, sv_FI, sv_SE, sv_SE_#Latn, sw, 
        sw_CD, sw_KE, sw_TZ, sw_TZ_#Latn, sw_UG, ta, ta_IN, ta_IN_#Taml, 
        ta_LK, ta_MY, ta_SG, te, te_IN, te_IN_#Telu, teo, teo_KE, 
        teo_UG, teo_UG_#Latn, tg, tg_TJ, tg_TJ_#Cyrl, th, th_TH, th_TH_#Thai, 
        th_TH_TH_#u-nu-thai, ti, ti_ER, ti_ET, ti_ET_#Ethi, tk, tk_TM, tk_TM_#Latn, 
        to, to_TO, to_TO_#Latn, tr, tr_CY, tr_TR, tr_TR_#Latn, tt, 
        tt_RU, tt_RU_#Cyrl, twq, twq_NE, twq_NE_#Latn, tzm, tzm_MA, tzm_MA_#Latn, 
        ug, ug_CN, ug_CN_#Arab, uk, uk_UA, uk_UA_#Cyrl, ur, ur_IN, 
        ur_PK, ur_PK_#Arab, uz, uz_AF, uz_AF_#Arab, uz_UZ, uz_UZ_#Cyrl, uz_UZ_#Latn, 
        uz__#Arab, uz__#Cyrl, uz__#Latn, vai, vai_LR, vai_LR_#Latn, vai_LR_#Vaii, vai__#Latn, 
        vai__#Vaii, vi, vi_VN, vi_VN_#Latn, vun, vun_TZ, vun_TZ_#Latn, wae, 
        wae_CH, wae_CH_#Latn, wo, wo_SN, wo_SN_#Latn, xh, xh_ZA, xh_ZA_#Latn, 
        xog, xog_UG, xog_UG_#Latn, yav, yav_CM, yav_CM_#Latn, yi, yi_001, 
        yi_001_#Hebr, yo, yo_BJ, yo_NG, yo_NG_#Latn, yue, yue_CN, yue_CN_#Hans, 
        yue_HK, yue_HK_#Hant, yue__#Hans, yue__#Hant, zgh, zgh_MA, zgh_MA_#Tfng, zh, 
        zh_CN, zh_CN_#Hans, zh_HK, zh_HK_#Hans, zh_HK_#Hant, zh_MO, zh_MO_#Hans, zh_MO_#Hant, 
        zh_SG, zh_SG_#Hans, zh_TW, zh_TW_#Hant, zh__#Hans, zh__#Hant, zu, zu_ZA, 
        zu_ZA_#Latn
Operating System Metrics:
    Provider: cgroupv2
    Effective CPU Count: 1
    CPU Period: 100000us
    CPU Quota: 100000us
    CPU Shares: 1024us
    List of Processors: N/A
    List of Effective Processors, 16 total: 
    0 1 2 3 4 5 6 7 8 9 10 11 12 13 14 15 
    List of Memory Nodes: N/A
    List of Available Memory Nodes, 1 total: 
    0 
    Memory Limit: 6.00G
    Memory Soft Limit: 0.00K
    Memory & Swap Limit: 6.00G
    Maximum Processes Limit: 37525

---Registering Weka Editors---
2023-11-21 14:31:30,474 : INFO  : main                 : [|] : JMSHandler                     :  : Using execution context 9043c21d-150c-4de1-bee5-7e992ebd922d
2023-11-21 14:31:31,192 : INFO  : main                 : [|] : JMSHandler                     :  : Successfully connected to message broker
2023-11-21 14:31:31,195 : INFO  : main                 : [|] : JMSHandler                     :  : Provided resource requirements: 
2023-11-21 14:31:31,195 : INFO  : main                 : [|] : JMSHandler                     :  : Provided reservation: 
No command line interface available (e.g. because running from within Eclipse)
2023-11-21 14:31:32,380 : INFO  : main                 : [|] : LicenseStore                   :  : Reading licenses from /home/knime/knime/licenses
2023-11-21 14:31:32,381 : INFO  : main                 : [|] : LicenseStore                   :  : Reading licenses from /home/knime/knime/configuration/com.knime.licenses
2023-11-21 14:31:32,403 : INFO  : main                 : [|] : JMSHandler                     :  : Starting health check server with port '3000' and path '/health'
2023-11-21 14:31:32,658 : INFO  : main                 : [|] : JMSHandler                     :  : Executor 5beb76ab-80b6-467d-a7ed-30f2287cea23@executor-9043c21d-150c-4de1-bee5-7e992ebd922d-5beb76ab-80b6-467 is now listening for messages
2023-11-21 14:33:12,958 : INFO  : Thread-1 (ActiveMQ-client-global-threads) : [WDr1qv8311172ku264bkw|] : SystemLoad                     :  : Using class com.knime.enterprise.executor.util.SystemLoad$CGroupV2Load for load monitoring
2023-11-21 14:33:13,151 : INFO  : Thread-1 (ActiveMQ-client-global-threads) : [WDr1qv8311172ku264bkw|] : RequestExecutorStatusTask      :  : Sending executor status (ID: -1) for executor: 5beb76ab-80b6-467d-a7ed-30f2287cea23@executor-9043c21d-150c-4de1-bee5-7e992ebd922d-5beb76ab-80b6-467
2023-11-21 14:34:52,868 : INFO  : Thread-2 (ActiveMQ-client-global-threads) : [WDr1qv83-ermkgbl9h1e8|] : RequestExecutorStatusTask      :  : Sending executor status (ID: -1) for executor: 5beb76ab-80b6-467d-a7ed-30f2287cea23@executor-9043c21d-150c-4de1-bee5-7e992ebd922d-5beb76ab-80b6-467
2023-11-21 14:36:32,874 : INFO  : Thread-3 (ActiveMQ-client-global-threads) : [WDr1qv83-1r882lhpmxliu|] : RequestExecutorStatusTask      :  : Sending executor status (ID: -1) for executor: 5beb76ab-80b6-467d-a7ed-30f2287cea23@executor-9043c21d-150c-4de1-bee5-7e992ebd922d-5beb76ab-80b6-467
2023-11-21 14:38:12,896 : INFO  : Thread-4 (ActiveMQ-client-global-threads) : [WDr1qv83-5qcmp31ocksf|] : RequestExecutorStatusTask      :  : Sending executor status (ID: -1) for executor: 5beb76ab-80b6-467d-a7ed-30f2287cea23@executor-9043c21d-150c-4de1-bee5-7e992ebd922d-5beb76ab-80b6-467
2023-11-21 14:39:52,903 : INFO  : Thread-5 (ActiveMQ-client-global-threads) : [WDr1qv83-19r2e0h3gxzmb|] : RequestExecutorStatusTask      :  : Sending executor status (ID: -1) for executor: 5beb76ab-80b6-467d-a7ed-30f2287cea23@executor-9043c21d-150c-4de1-bee5-7e992ebd922d-5beb76ab-80b6-467
2023-11-21 14:41:32,910 : INFO  : Thread-6 (ActiveMQ-client-global-threads) : [WDr1qv838da4xxc9ctr5|] : RequestExecutorStatusTask      :  : Sending executor status (ID: -1) for executor: 5beb76ab-80b6-467d-a7ed-30f2287cea23@executor-9043c21d-150c-4de1-bee5-7e992ebd922d-5beb76ab-80b6-467
2023-11-21 14:43:12,917 : INFO  : Thread-7 (ActiveMQ-client-global-threads) : [WDr1qv8313ge2zd0ve34r|] : RequestExecutorStatusTask      :  : Sending executor status (ID: -1) for executor: 5beb76ab-80b6-467d-a7ed-30f2287cea23@executor-9043c21d-150c-4de1-bee5-7e992ebd922d-5beb76ab-80b6-467
2023-11-21 14:44:52,923 : INFO  : Thread-8 (ActiveMQ-client-global-threads) : [WDr1qv831d8s8xztxswsi|] : RequestExecutorStatusTask      :  : Sending executor status (ID: -1) for executor: 5beb76ab-80b6-467d-a7ed-30f2287cea23@executor-9043c21d-150c-4de1-bee5-7e992ebd922d-5beb76ab-80b6-467
2023-11-21 14:46:32,929 : INFO  : Thread-9 (ActiveMQ-client-global-threads) : [WDr1qv83-47lq82oexx4g|] : RequestExecutorStatusTask      :  : Sending executor status (ID: -1) for executor: 5beb76ab-80b6-467d-a7ed-30f2287cea23@executor-9043c21d-150c-4de1-bee5-7e992ebd922d-5beb76ab-80b6-467
2023-11-21 14:48:12,937 : INFO  : Thread-10 (ActiveMQ-client-global-threads) : [WDr1qv83-u96njkp1lppz|] : RequestExecutorStatusTask      :  : Sending executor status (ID: -1) for executor: 5beb76ab-80b6-467d-a7ed-30f2287cea23@executor-9043c21d-150c-4de1-bee5-7e992ebd922d-5beb76ab-80b6-467
2023-11-21 14:49:52,944 : INFO  : Thread-11 (ActiveMQ-client-global-threads) : [WDr1qv831cldwl17h938s|] : RequestExecutorStatusTask      :  : Sending executor status (ID: -1) for executor: 5beb76ab-80b6-467d-a7ed-30f2287cea23@executor-9043c21d-150c-4de1-bee5-7e992ebd922d-5beb76ab-80b6-467
2023-11-21 14:51:32,951 : INFO  : Thread-12 (ActiveMQ-client-global-threads) : [WDr1qv83-1qaohqhxougqm|] : RequestExecutorStatusTask      :  : Sending executor status (ID: -1) for executor: 5beb76ab-80b6-467d-a7ed-30f2287cea23@executor-9043c21d-150c-4de1-bee5-7e992ebd922d-5beb76ab-80b6-467
2023-11-21 14:53:12,957 : INFO  : Thread-13 (ActiveMQ-client-global-threads) : [WDr1qv83-15g111xg7f8dt|] : RequestExecutorStatusTask      :  : Sending executor status (ID: -1) for executor: 5beb76ab-80b6-467d-a7ed-30f2287cea23@executor-9043c21d-150c-4de1-bee5-7e992ebd922d-5beb76ab-80b6-467
2023-11-21 14:54:52,962 : INFO  : Thread-14 (ActiveMQ-client-global-threads) : [WDr1qv83-16kzcy9agdzjc|] : RequestExecutorStatusTask      :  : Sending executor status (ID: -1) for executor: 5beb76ab-80b6-467d-a7ed-30f2287cea23@executor-9043c21d-150c-4de1-bee5-7e992ebd922d-5beb76ab-80b6-467
2023-11-21 14:56:32,968 : INFO  : Thread-15 (ActiveMQ-client-global-threads) : [WDr1qv838p3llxryrcv4|] : RequestExecutorStatusTask      :  : Sending executor status (ID: -1) for executor: 5beb76ab-80b6-467d-a7ed-30f2287cea23@executor-9043c21d-150c-4de1-bee5-7e992ebd922d-5beb76ab-80b6-467
2023-11-21 14:58:12,975 : INFO  : Thread-16 (ActiveMQ-client-global-threads) : [WDr1qv831wpnf7gew833k|] : RequestExecutorStatusTask      :  : Sending executor status (ID: -1) for executor: 5beb76ab-80b6-467d-a7ed-30f2287cea23@executor-9043c21d-150c-4de1-bee5-7e992ebd922d-5beb76ab-80b6-467
2023-11-21 14:59:52,980 : INFO  : Thread-17 (ActiveMQ-client-global-threads) : [WDr1qv83-pz7lyom46pa4|] : RequestExecutorStatusTask      :  : Sending executor status (ID: -1) for executor: 5beb76ab-80b6-467d-a7ed-30f2287cea23@executor-9043c21d-150c-4de1-bee5-7e992ebd922d-5beb76ab-80b6-467
2023-11-21 15:01:32,986 : INFO  : Thread-18 (ActiveMQ-client-global-threads) : [WDr1qv83tzvnz0b4qhkk|] : RequestExecutorStatusTask      :  : Sending executor status (ID: -1) for executor: 5beb76ab-80b6-467d-a7ed-30f2287cea23@executor-9043c21d-150c-4de1-bee5-7e992ebd922d-5beb76ab-80b6-467
2023-11-21 15:03:12,992 : INFO  : Thread-19 (ActiveMQ-client-global-threads) : [WDr1qv83-1qvbnhzpiixo2|] : RequestExecutorStatusTask      :  : Sending executor status (ID: -1) for executor: 5beb76ab-80b6-467d-a7ed-30f2287cea23@executor-9043c21d-150c-4de1-bee5-7e992ebd922d-5beb76ab-80b6-467
2023-11-21 15:04:52,998 : INFO  : Thread-20 (ActiveMQ-client-global-threads) : [WDr1qv83-rs9dgbzyvl3b|] : RequestExecutorStatusTask      :  : Sending executor status (ID: -1) for executor: 5beb76ab-80b6-467d-a7ed-30f2287cea23@executor-9043c21d-150c-4de1-bee5-7e992ebd922d-5beb76ab-80b6-467
2023-11-21 15:06:33,003 : INFO  : Thread-21 (ActiveMQ-client-global-threads) : [WDr1qv83-twc9v9h0c5yp|] : RequestExecutorStatusTask      :  : Sending executor status (ID: -1) for executor: 5beb76ab-80b6-467d-a7ed-30f2287cea23@executor-9043c21d-150c-4de1-bee5-7e992ebd922d-5beb76ab-80b6-467
2023-11-21 15:08:13,008 : INFO  : Thread-22 (ActiveMQ-client-global-threads) : [WDr1qv83-1vfnmcmldwpn2|] : RequestExecutorStatusTask      :  : Sending executor status (ID: -1) for executor: 5beb76ab-80b6-467d-a7ed-30f2287cea23@executor-9043c21d-150c-4de1-bee5-7e992ebd922d-5beb76ab-80b6-467
2023-11-21 15:09:53,014 : INFO  : Thread-23 (ActiveMQ-client-global-threads) : [WDr1qv831duqqhdgt6dw0|] : RequestExecutorStatusTask      :  : Sending executor status (ID: -1) for executor: 5beb76ab-80b6-467d-a7ed-30f2287cea23@executor-9043c21d-150c-4de1-bee5-7e992ebd922d-5beb76ab-80b6-467
2023-11-21 15:11:33,020 : INFO  : Thread-24 (ActiveMQ-client-global-threads) : [WDr1qv83-1t9zdxnlz2746|] : RequestExecutorStatusTask      :  : Sending executor status (ID: -1) for executor: 5beb76ab-80b6-467d-a7ed-30f2287cea23@executor-9043c21d-150c-4de1-bee5-7e992ebd922d-5beb76ab-80b6-467
2023-11-21 15:13:13,026 : INFO  : Thread-25 (ActiveMQ-client-global-threads) : [WDr1qv83czc4lozvih24|] : RequestExecutorStatusTask      :  : Sending executor status (ID: -1) for executor: 5beb76ab-80b6-467d-a7ed-30f2287cea23@executor-9043c21d-150c-4de1-bee5-7e992ebd922d-5beb76ab-80b6-467
2023-11-21 15:14:53,032 : INFO  : Thread-26 (ActiveMQ-client-global-threads) : [WDr1qv831pz0dmzdzms2p|] : RequestExecutorStatusTask      :  : Sending executor status (ID: -1) for executor: 5beb76ab-80b6-467d-a7ed-30f2287cea23@executor-9043c21d-150c-4de1-bee5-7e992ebd922d-5beb76ab-80b6-467
2023-11-21 15:16:33,038 : INFO  : Thread-27 (ActiveMQ-client-global-threads) : [WDr1qv83fd8xslvfbham|] : RequestExecutorStatusTask      :  : Sending executor status (ID: -1) for executor: 5beb76ab-80b6-467d-a7ed-30f2287cea23@executor-9043c21d-150c-4de1-bee5-7e992ebd922d-5beb76ab-80b6-467
2023-11-21 15:18:13,043 : INFO  : Thread-28 (ActiveMQ-client-global-threads) : [WDr1qv8313unf3rjn5b4k|] : RequestExecutorStatusTask      :  : Sending executor status (ID: -1) for executor: 5beb76ab-80b6-467d-a7ed-30f2287cea23@executor-9043c21d-150c-4de1-bee5-7e992ebd922d-5beb76ab-80b6-467
2023-11-21 15:19:53,049 : INFO  : Thread-29 (ActiveMQ-client-global-threads) : [WDr1qv83-1rm19i3i3byi3|] : RequestExecutorStatusTask      :  : Sending executor status (ID: -1) for executor: 5beb76ab-80b6-467d-a7ed-30f2287cea23@executor-9043c21d-150c-4de1-bee5-7e992ebd922d-5beb76ab-80b6-467
2023-11-21 15:21:33,054 : INFO  : Thread-30 (ActiveMQ-client-global-threads) : [WDr1qv831tjim5xtllsbo|] : RequestExecutorStatusTask      :  : Sending executor status (ID: -1) for executor: 5beb76ab-80b6-467d-a7ed-30f2287cea23@executor-9043c21d-150c-4de1-bee5-7e992ebd922d-5beb76ab-80b6-467
2023-11-21 15:23:13,060 : INFO  : Thread-31 (ActiveMQ-client-global-threads) : [WDr1qv836g10fm7b4179|] : RequestExecutorStatusTask      :  : Sending executor status (ID: -1) for executor: 5beb76ab-80b6-467d-a7ed-30f2287cea23@executor-9043c21d-150c-4de1-bee5-7e992ebd922d-5beb76ab-80b6-467
2023-11-21 15:24:53,065 : INFO  : Thread-32 (ActiveMQ-client-global-threads) : [WDr1qv83mqd43so79y7r|] : RequestExecutorStatusTask      :  : Sending executor status (ID: -1) for executor: 5beb76ab-80b6-467d-a7ed-30f2287cea23@executor-9043c21d-150c-4de1-bee5-7e992ebd922d-5beb76ab-80b6-467
2023-11-21 15:26:33,071 : INFO  : Thread-33 (ActiveMQ-client-global-threads) : [WDr1qv831sc6tww7kr0j1|] : RequestExecutorStatusTask      :  : Sending executor status (ID: -1) for executor: 5beb76ab-80b6-467d-a7ed-30f2287cea23@executor-9043c21d-150c-4de1-bee5-7e992ebd922d-5beb76ab-80b6-467
2023-11-21 15:28:13,076 : INFO  : Thread-34 (ActiveMQ-client-global-threads) : [WDr1qv8315drm5poo4ipr|] : RequestExecutorStatusTask      :  : Sending executor status (ID: -1) for executor: 5beb76ab-80b6-467d-a7ed-30f2287cea23@executor-9043c21d-150c-4de1-bee5-7e992ebd922d-5beb76ab-80b6-467
2023-11-21 15:29:53,081 : INFO  : Thread-35 (ActiveMQ-client-global-threads) : [WDr1qv831bkhyr61c4fkl|] : RequestExecutorStatusTask      :  : Sending executor status (ID: -1) for executor: 5beb76ab-80b6-467d-a7ed-30f2287cea23@executor-9043c21d-150c-4de1-bee5-7e992ebd922d-5beb76ab-80b6-467
2023-11-21 15:31:33,087 : INFO  : Thread-36 (ActiveMQ-client-global-threads) : [WDr1qv83irx9odddrb4c|] : RequestExecutorStatusTask      :  : Sending executor status (ID: -1) for executor: 5beb76ab-80b6-467d-a7ed-30f2287cea23@executor-9043c21d-150c-4de1-bee5-7e992ebd922d-5beb76ab-80b6-467
2023-11-21 15:33:13,092 : INFO  : Thread-37 (ActiveMQ-client-global-threads) : [WDr1qv83-10qtmt5b5q5g4|] : RequestExecutorStatusTask      :  : Sending executor status (ID: -1) for executor: 5beb76ab-80b6-467d-a7ed-30f2287cea23@executor-9043c21d-150c-4de1-bee5-7e992ebd922d-5beb76ab-80b6-467
2023-11-21 15:34:53,097 : INFO  : Thread-38 (ActiveMQ-client-global-threads) : [WDr1qv83-1ahp9cgfpjayq|] : RequestExecutorStatusTask      :  : Sending executor status (ID: -1) for executor: 5beb76ab-80b6-467d-a7ed-30f2287cea23@executor-9043c21d-150c-4de1-bee5-7e992ebd922d-5beb76ab-80b6-467
2023-11-21 15:36:33,102 : INFO  : Thread-39 (ActiveMQ-client-global-threads) : [WDr1qv83-1quu30spxq0px|] : RequestExecutorStatusTask      :  : Sending executor status (ID: -1) for executor: 5beb76ab-80b6-467d-a7ed-30f2287cea23@executor-9043c21d-150c-4de1-bee5-7e992ebd922d-5beb76ab-80b6-467
2023-11-21 15:38:13,108 : INFO  : Thread-40 (ActiveMQ-client-global-threads) : [WDr1qv83-1o8rie5dkdpnl|] : RequestExecutorStatusTask      :  : Sending executor status (ID: -1) for executor: 5beb76ab-80b6-467d-a7ed-30f2287cea23@executor-9043c21d-150c-4de1-bee5-7e992ebd922d-5beb76ab-80b6-467
2023-11-21 15:39:53,113 : INFO  : Thread-41 (ActiveMQ-client-global-threads) : [WDr1qv8316pxy0dq04osx|] : RequestExecutorStatusTask      :  : Sending executor status (ID: -1) for executor: 5beb76ab-80b6-467d-a7ed-30f2287cea23@executor-9043c21d-150c-4de1-bee5-7e992ebd922d-5beb76ab-80b6-467
2023-11-21 15:41:33,117 : INFO  : Thread-42 (ActiveMQ-client-global-threads) : [WDr1qv831lngawrqywgpw|] : RequestExecutorStatusTask      :  : Sending executor status (ID: -1) for executor: 5beb76ab-80b6-467d-a7ed-30f2287cea23@executor-9043c21d-150c-4de1-bee5-7e992ebd922d-5beb76ab-80b6-467
2023-11-21 15:43:13,122 : INFO  : Thread-43 (ActiveMQ-client-global-threads) : [WDr1qv83-17nttljavwmot|] : RequestExecutorStatusTask      :  : Sending executor status (ID: -1) for executor: 5beb76ab-80b6-467d-a7ed-30f2287cea23@executor-9043c21d-150c-4de1-bee5-7e992ebd922d-5beb76ab-80b6-467
2023-11-21 15:44:53,126 : INFO  : Thread-44 (ActiveMQ-client-global-threads) : [WDr1qv83abgbu3bpt3e9|] : RequestExecutorStatusTask      :  : Sending executor status (ID: -1) for executor: 5beb76ab-80b6-467d-a7ed-30f2287cea23@executor-9043c21d-150c-4de1-bee5-7e992ebd922d-5beb76ab-80b6-467
2023-11-21 15:46:33,131 : INFO  : Thread-45 (ActiveMQ-client-global-threads) : [WDr1qv831voplaj170g1e|] : RequestExecutorStatusTask      :  : Sending executor status (ID: -1) for executor: 5beb76ab-80b6-467d-a7ed-30f2287cea23@executor-9043c21d-150c-4de1-bee5-7e992ebd922d-5beb76ab-80b6-467
2023-11-21 15:48:13,136 : INFO  : Thread-46 (ActiveMQ-client-global-threads) : [WDr1qv83-gv7r15eakb7c|] : RequestExecutorStatusTask      :  : Sending executor status (ID: -1) for executor: 5beb76ab-80b6-467d-a7ed-30f2287cea23@executor-9043c21d-150c-4de1-bee5-7e992ebd922d-5beb76ab-80b6-467
2023-11-21 15:49:53,143 : INFO  : Thread-47 (ActiveMQ-client-global-threads) : [WDr1qv83-1fcy6aa12ih6h|] : RequestExecutorStatusTask      :  : Sending executor status (ID: -1) for executor: 5beb76ab-80b6-467d-a7ed-30f2287cea23@executor-9043c21d-150c-4de1-bee5-7e992ebd922d-5beb76ab-80b6-467
2023-11-21 15:51:33,148 : INFO  : Thread-48 (ActiveMQ-client-global-threads) : [WDr1qv83-cd10pokyv173|] : RequestExecutorStatusTask      :  : Sending executor status (ID: -1) for executor: 5beb76ab-80b6-467d-a7ed-30f2287cea23@executor-9043c21d-150c-4de1-bee5-7e992ebd922d-5beb76ab-80b6-467
2023-11-21 15:53:13,153 : INFO  : Thread-49 (ActiveMQ-client-global-threads) : [WDr1qv83w2z8nm1foe44|] : RequestExecutorStatusTask      :  : Sending executor status (ID: -1) for executor: 5beb76ab-80b6-467d-a7ed-30f2287cea23@executor-9043c21d-150c-4de1-bee5-7e992ebd922d-5beb76ab-80b6-467
2023-11-21 15:54:53,158 : INFO  : Thread-50 (ActiveMQ-client-global-threads) : [WDr1qv8311hzj2msuf736|] : RequestExecutorStatusTask      :  : Sending executor status (ID: -1) for executor: 5beb76ab-80b6-467d-a7ed-30f2287cea23@executor-9043c21d-150c-4de1-bee5-7e992ebd922d-5beb76ab-80b6-467
2023-11-21 15:56:33,162 : INFO  : Thread-51 (ActiveMQ-client-global-threads) : [WDr1qv83-4t9yteyr2s5p|] : RequestExecutorStatusTask      :  : Sending executor status (ID: -1) for executor: 5beb76ab-80b6-467d-a7ed-30f2287cea23@executor-9043c21d-150c-4de1-bee5-7e992ebd922d-5beb76ab-80b6-467
2023-11-21 15:58:13,167 : INFO  : Thread-52 (ActiveMQ-client-global-threads) : [WDr1qv83-1g9tvir2ye44d|] : RequestExecutorStatusTask      :  : Sending executor status (ID: -1) for executor: 5beb76ab-80b6-467d-a7ed-30f2287cea23@executor-9043c21d-150c-4de1-bee5-7e992ebd922d-5beb76ab-80b6-467
2023-11-21 15:59:53,172 : INFO  : Thread-53 (ActiveMQ-client-global-threads) : [WDr1qv831dep1oor44hcu|] : RequestExecutorStatusTask      :  : Sending executor status (ID: -1) for executor: 5beb76ab-80b6-467d-a7ed-30f2287cea23@executor-9043c21d-150c-4de1-bee5-7e992ebd922d-5beb76ab-80b6-467
2023-11-21 16:01:33,177 : INFO  : Thread-54 (ActiveMQ-client-global-threads) : [WDr1qv831utw7yny27l3u|] : RequestExecutorStatusTask      :  : Sending executor status (ID: -1) for executor: 5beb76ab-80b6-467d-a7ed-30f2287cea23@executor-9043c21d-150c-4de1-bee5-7e992ebd922d-5beb76ab-80b6-467
2023-11-21 16:03:13,182 : INFO  : Thread-55 (ActiveMQ-client-global-threads) : [WDr1qv831npvd1re62m27|] : RequestExecutorStatusTask      :  : Sending executor status (ID: -1) for executor: 5beb76ab-80b6-467d-a7ed-30f2287cea23@executor-9043c21d-150c-4de1-bee5-7e992ebd922d-5beb76ab-80b6-467
2023-11-21 16:04:53,191 : INFO  : Thread-56 (ActiveMQ-client-global-threads) : [WDr1qv83-1d49uv7tew5sf|] : RequestExecutorStatusTask      :  : Sending executor status (ID: -1) for executor: 5beb76ab-80b6-467d-a7ed-30f2287cea23@executor-9043c21d-150c-4de1-bee5-7e992ebd922d-5beb76ab-80b6-467
2023-11-21 16:06:33,195 : INFO  : Thread-57 (ActiveMQ-client-global-threads) : [WDr1qv83f8oxii12is0d|] : RequestExecutorStatusTask      :  : Sending executor status (ID: -1) for executor: 5beb76ab-80b6-467d-a7ed-30f2287cea23@executor-9043c21d-150c-4de1-bee5-7e992ebd922d-5beb76ab-80b6-467
2023-11-21 16:08:13,203 : INFO  : Thread-58 (ActiveMQ-client-global-threads) : [WDr1qv831x321b8y1lfu4|] : RequestExecutorStatusTask      :  : Sending executor status (ID: -1) for executor: 5beb76ab-80b6-467d-a7ed-30f2287cea23@executor-9043c21d-150c-4de1-bee5-7e992ebd922d-5beb76ab-80b6-467
2023-11-21 16:09:53,208 : INFO  : Thread-59 (ActiveMQ-client-global-threads) : [WDr1qv83-1rs0y2u9z37g5|] : RequestExecutorStatusTask      :  : Sending executor status (ID: -1) for executor: 5beb76ab-80b6-467d-a7ed-30f2287cea23@executor-9043c21d-150c-4de1-bee5-7e992ebd922d-5beb76ab-80b6-467
2023-11-21 16:11:33,214 : INFO  : Thread-60 (ActiveMQ-client-global-threads) : [WDr1qv83-1t9lslpxwqon|] : RequestExecutorStatusTask      :  : Sending executor status (ID: -1) for executor: 5beb76ab-80b6-467d-a7ed-30f2287cea23@executor-9043c21d-150c-4de1-bee5-7e992ebd922d-5beb76ab-80b6-467
2023-11-21 16:13:13,220 : INFO  : Thread-61 (ActiveMQ-client-global-threads) : [WDr1qv83-s6u7sm33hd1n|] : RequestExecutorStatusTask      :  : Sending executor status (ID: -1) for executor: 5beb76ab-80b6-467d-a7ed-30f2287cea23@executor-9043c21d-150c-4de1-bee5-7e992ebd922d-5beb76ab-80b6-467
