time="2023-11-21T14:29:52Z" level=info msg="setting log-level to INFO" logSource="pkg/cmd/server/server.go:186"
time="2023-11-21T14:29:52Z" level=info msg="Starting Velero server v1.11.0 (0da2baa908c88ec3c45da15001f6a4b0bda64ae2-dirty)" logSource="pkg/cmd/server/server.go:188"
time="2023-11-21T14:29:52Z" level=info msg="1 feature flags enabled []" logSource="pkg/cmd/server/server.go:190"
time="2023-11-21T14:29:52Z" level=info msg="registering plugin" command=/velero kind=BackupItemAction logSource="pkg/plugin/clientmgmt/process/registry.go:101" name=velero.io/crd-remap-version
time="2023-11-21T14:29:52Z" level=info msg="registering plugin" command=/velero kind=BackupItemAction logSource="pkg/plugin/clientmgmt/process/registry.go:101" name=velero.io/pod
time="2023-11-21T14:29:52Z" level=info msg="registering plugin" command=/velero kind=BackupItemAction logSource="pkg/plugin/clientmgmt/process/registry.go:101" name=velero.io/pv
time="2023-11-21T14:29:52Z" level=info msg="registering plugin" command=/velero kind=BackupItemAction logSource="pkg/plugin/clientmgmt/process/registry.go:101" name=velero.io/service-account
time="2023-11-21T14:29:52Z" level=info msg="registering plugin" command=/velero kind=RestoreItemAction logSource="pkg/plugin/clientmgmt/process/registry.go:101" name=velero.io/add-pv-from-pvc
time="2023-11-21T14:29:52Z" level=info msg="registering plugin" command=/velero kind=RestoreItemAction logSource="pkg/plugin/clientmgmt/process/registry.go:101" name=velero.io/add-pvc-from-pod
time="2023-11-21T14:29:52Z" level=info msg="registering plugin" command=/velero kind=RestoreItemAction logSource="pkg/plugin/clientmgmt/process/registry.go:101" name=velero.io/admission-webhook-configuration
time="2023-11-21T14:29:52Z" level=info msg="registering plugin" command=/velero kind=RestoreItemAction logSource="pkg/plugin/clientmgmt/process/registry.go:101" name=velero.io/apiservice
time="2023-11-21T14:29:52Z" level=info msg="registering plugin" command=/velero kind=RestoreItemAction logSource="pkg/plugin/clientmgmt/process/registry.go:101" name=velero.io/change-image-name
time="2023-11-21T14:29:52Z" level=info msg="registering plugin" command=/velero kind=RestoreItemAction logSource="pkg/plugin/clientmgmt/process/registry.go:101" name=velero.io/change-pvc-node-selector
time="2023-11-21T14:29:52Z" level=info msg="registering plugin" command=/velero kind=RestoreItemAction logSource="pkg/plugin/clientmgmt/process/registry.go:101" name=velero.io/change-storage-class
time="2023-11-21T14:29:52Z" level=info msg="registering plugin" command=/velero kind=RestoreItemAction logSource="pkg/plugin/clientmgmt/process/registry.go:101" name=velero.io/cluster-role-bindings
time="2023-11-21T14:29:52Z" level=info msg="registering plugin" command=/velero kind=RestoreItemAction logSource="pkg/plugin/clientmgmt/process/registry.go:101" name=velero.io/crd-preserve-fields
time="2023-11-21T14:29:52Z" level=info msg="registering plugin" command=/velero kind=RestoreItemAction logSource="pkg/plugin/clientmgmt/process/registry.go:101" name=velero.io/init-restore-hook
time="2023-11-21T14:29:52Z" level=info msg="registering plugin" command=/velero kind=RestoreItemAction logSource="pkg/plugin/clientmgmt/process/registry.go:101" name=velero.io/job
time="2023-11-21T14:29:52Z" level=info msg="registering plugin" command=/velero kind=RestoreItemAction logSource="pkg/plugin/clientmgmt/process/registry.go:101" name=velero.io/pod
time="2023-11-21T14:29:52Z" level=info msg="registering plugin" command=/velero kind=RestoreItemAction logSource="pkg/plugin/clientmgmt/process/registry.go:101" name=velero.io/pod-volume-restore
time="2023-11-21T14:29:52Z" level=info msg="registering plugin" command=/velero kind=RestoreItemAction logSource="pkg/plugin/clientmgmt/process/registry.go:101" name=velero.io/role-bindings
time="2023-11-21T14:29:52Z" level=info msg="registering plugin" command=/velero kind=RestoreItemAction logSource="pkg/plugin/clientmgmt/process/registry.go:101" name=velero.io/secret
time="2023-11-21T14:29:52Z" level=info msg="registering plugin" command=/velero kind=RestoreItemAction logSource="pkg/plugin/clientmgmt/process/registry.go:101" name=velero.io/service
time="2023-11-21T14:29:52Z" level=info msg="registering plugin" command=/velero kind=RestoreItemAction logSource="pkg/plugin/clientmgmt/process/registry.go:101" name=velero.io/service-account
time="2023-11-21T14:29:52Z" level=info msg="registering plugin" command=/plugins/kotsadmrestore kind=RestoreItemAction logSource="pkg/plugin/clientmgmt/process/registry.go:101" name=kurl.sh/restore-kotsadm-plugin
time="2023-11-21T14:29:52Z" level=info msg="registering plugin" command=/plugins/local-volume-provider kind=ObjectStore logSource="pkg/plugin/clientmgmt/process/registry.go:101" name=replicated.com/hostpath
time="2023-11-21T14:29:52Z" level=info msg="registering plugin" command=/plugins/local-volume-provider kind=ObjectStore logSource="pkg/plugin/clientmgmt/process/registry.go:101" name=replicated.com/nfs
time="2023-11-21T14:29:52Z" level=info msg="registering plugin" command=/plugins/local-volume-provider kind=ObjectStore logSource="pkg/plugin/clientmgmt/process/registry.go:101" name=replicated.com/pvc
time="2023-11-21T14:29:52Z" level=info msg="registering plugin" command=/plugins/velero-plugin-for-aws kind=VolumeSnapshotter logSource="pkg/plugin/clientmgmt/process/registry.go:101" name=velero.io/aws
time="2023-11-21T14:29:52Z" level=info msg="registering plugin" command=/plugins/velero-plugin-for-aws kind=ObjectStore logSource="pkg/plugin/clientmgmt/process/registry.go:101" name=velero.io/aws
time="2023-11-21T14:29:52Z" level=info msg="registering plugin" command=/plugins/velero-plugin-for-gcp kind=VolumeSnapshotter logSource="pkg/plugin/clientmgmt/process/registry.go:101" name=velero.io/gcp
time="2023-11-21T14:29:52Z" level=info msg="registering plugin" command=/plugins/velero-plugin-for-gcp kind=ObjectStore logSource="pkg/plugin/clientmgmt/process/registry.go:101" name=velero.io/gcp
time="2023-11-21T14:29:52Z" level=info msg="registering plugin" command=/plugins/velero-plugin-for-microsoft-azure kind=VolumeSnapshotter logSource="pkg/plugin/clientmgmt/process/registry.go:101" name=velero.io/azure
time="2023-11-21T14:29:52Z" level=info msg="registering plugin" command=/plugins/velero-plugin-for-microsoft-azure kind=ObjectStore logSource="pkg/plugin/clientmgmt/process/registry.go:101" name=velero.io/azure
I1121 14:29:54.459791       1 request.go:690] Waited for 1.04879862s due to client-side throttling, not priority and fairness, request: GET:https://***HIDDEN***:443/apis/batch/v1?timeout=32s
time="2023-11-21T14:29:55Z" level=info msg="Metrics server is starting to listen" addr=":8080" logSource="/go/pkg/mod/github.com/bombsimon/logrusr/v3@v3.0.0/logrusr.go:108" logger=controller-runtime.metrics
time="2023-11-21T14:29:55Z" level=info msg="Checking existence of namespace." logSource="pkg/cmd/server/server.go:423" namespace=velero
time="2023-11-21T14:29:55Z" level=info msg="Namespace exists" logSource="pkg/cmd/server/server.go:429" namespace=velero
time="2023-11-21T14:30:02Z" level=warning msg="Failed to discover group: custom.metrics.k8s.io/v1beta1" error="the server is currently unable to handle the request" logSource="pkg/discovery/helper.go:220"
time="2023-11-21T14:30:02Z" level=info msg="Checking existence of Velero custom resource definitions" logSource="pkg/cmd/server/server.go:458"
time="2023-11-21T14:30:02Z" level=info msg="All Velero custom resource definitions exist" logSource="pkg/cmd/server/server.go:492"
I1121 14:30:04.462636       1 request.go:690] Waited for 1.648251348s due to client-side throttling, not priority and fairness, request: GET:https://***HIDDEN***:443/apis/acid.zalan.do/v1?timeout=32s
time="2023-11-21T14:30:05Z" level=info msg="Starting controllers" logSource="pkg/cmd/server/server.go:620"
time="2023-11-21T14:30:05Z" level=info msg="Starting metric server at address [:8085]" logSource="pkg/cmd/server/server.go:625"
time="2023-11-21T14:30:05Z" level=info msg="Server starting..." logSource="pkg/cmd/server/server.go:948"
time="2023-11-21T14:30:05Z" level=info msg="Starting server" addr="{\"IP\":\"::\",\"Port\":8080,\"Zone\":\"\"}" kind=metrics logSource="/go/pkg/mod/github.com/bombsimon/logrusr/v3@v3.0.0/logrusr.go:108" path=/metrics
time="2023-11-21T14:30:05Z" level=info msg="Starting EventSource" controller=backupstoragelocation controllerGroup=velero.io controllerKind=BackupStorageLocation logSource="/go/pkg/mod/github.com/bombsimon/logrusr/v3@v3.0.0/logrusr.go:108" source="kind source: *v1.BackupStorageLocation"
time="2023-11-21T14:30:05Z" level=info msg="Starting EventSource" controller=deletebackuprequest controllerGroup=velero.io controllerKind=DeleteBackupRequest logSource="/go/pkg/mod/github.com/bombsimon/logrusr/v3@v3.0.0/logrusr.go:108" source="kind source: *v1.DeleteBackupRequest"
time="2023-11-21T14:30:05Z" level=info msg="Starting EventSource" controller=backupstoragelocation controllerGroup=velero.io controllerKind=BackupStorageLocation logSource="/go/pkg/mod/github.com/bombsimon/logrusr/v3@v3.0.0/logrusr.go:108" source="kind source: *v1.BackupStorageLocationList"
time="2023-11-21T14:30:05Z" level=info msg="Starting Controller" controller=backupstoragelocation controllerGroup=velero.io controllerKind=BackupStorageLocation logSource="/go/pkg/mod/github.com/bombsimon/logrusr/v3@v3.0.0/logrusr.go:108"
time="2023-11-21T14:30:05Z" level=info msg="Starting EventSource" controller=deletebackuprequest controllerGroup=velero.io controllerKind=DeleteBackupRequest logSource="/go/pkg/mod/github.com/bombsimon/logrusr/v3@v3.0.0/logrusr.go:108" source="kind source: *v1.DeleteBackupRequestList"
time="2023-11-21T14:30:05Z" level=info msg="Starting Controller" controller=deletebackuprequest controllerGroup=velero.io controllerKind=DeleteBackupRequest logSource="/go/pkg/mod/github.com/bombsimon/logrusr/v3@v3.0.0/logrusr.go:108"
time="2023-11-21T14:30:05Z" level=info msg="Starting EventSource" controller=backup controllerGroup=velero.io controllerKind=Backup logSource="/go/pkg/mod/github.com/bombsimon/logrusr/v3@v3.0.0/logrusr.go:108" source="kind source: *v1.Backup"
time="2023-11-21T14:30:05Z" level=info msg="Starting EventSource" controller=backup controllerGroup=velero.io controllerKind=Backup logSource="/go/pkg/mod/github.com/bombsimon/logrusr/v3@v3.0.0/logrusr.go:108" source="kind source: *v1.Backup"
time="2023-11-21T14:30:05Z" level=info msg="Starting Controller" controller=backup controllerGroup=velero.io controllerKind=Backup logSource="/go/pkg/mod/github.com/bombsimon/logrusr/v3@v3.0.0/logrusr.go:108"
time="2023-11-21T14:30:05Z" level=info msg="Starting EventSource" controller=backup controllerGroup=velero.io controllerKind=Backup logSource="/go/pkg/mod/github.com/bombsimon/logrusr/v3@v3.0.0/logrusr.go:108" source="kind source: *v1.Backup"
time="2023-11-21T14:30:05Z" level=info msg="Starting EventSource" controller=restore controllerGroup=velero.io controllerKind=Restore logSource="/go/pkg/mod/github.com/bombsimon/logrusr/v3@v3.0.0/logrusr.go:108" source="kind source: *v1.Restore"
time="2023-11-21T14:30:05Z" level=info msg="Starting EventSource" controller=serverstatusrequest controllerGroup=velero.io controllerKind=ServerStatusRequest logSource="/go/pkg/mod/github.com/bombsimon/logrusr/v3@v3.0.0/logrusr.go:108" source="kind source: *v1.ServerStatusRequest"
time="2023-11-21T14:30:05Z" level=info msg="Starting EventSource" controller=restore controllerGroup=velero.io controllerKind=Restore logSource="/go/pkg/mod/github.com/bombsimon/logrusr/v3@v3.0.0/logrusr.go:108" source="kind source: *v1.Restore"
time="2023-11-21T14:30:05Z" level=info msg="Starting Controller" controller=backup controllerGroup=velero.io controllerKind=Backup logSource="/go/pkg/mod/github.com/bombsimon/logrusr/v3@v3.0.0/logrusr.go:108"
time="2023-11-21T14:30:05Z" level=info msg="Starting Controller" controller=serverstatusrequest controllerGroup=velero.io controllerKind=ServerStatusRequest logSource="/go/pkg/mod/github.com/bombsimon/logrusr/v3@v3.0.0/logrusr.go:108"
time="2023-11-21T14:30:05Z" level=info msg="Starting EventSource" controller=restore controllerGroup=velero.io controllerKind=Restore logSource="/go/pkg/mod/github.com/bombsimon/logrusr/v3@v3.0.0/logrusr.go:108" source="kind source: *v1.RestoreList"
time="2023-11-21T14:30:05Z" level=info msg="Starting EventSource" controller=backuprepository controllerGroup=velero.io controllerKind=BackupRepository logSource="/go/pkg/mod/github.com/bombsimon/logrusr/v3@v3.0.0/logrusr.go:108" source="kind source: *v1.BackupRepository"
time="2023-11-21T14:30:05Z" level=info msg="Starting EventSource" controller=schedule controllerGroup=velero.io controllerKind=Schedule logSource="/go/pkg/mod/github.com/bombsimon/logrusr/v3@v3.0.0/logrusr.go:108" source="kind source: *v1.Schedule"
time="2023-11-21T14:30:05Z" level=info msg="Starting EventSource" controller=backup controllerGroup=velero.io controllerKind=Backup logSource="/go/pkg/mod/github.com/bombsimon/logrusr/v3@v3.0.0/logrusr.go:108" source="kind source: *v1.BackupList"
time="2023-11-21T14:30:05Z" level=info msg="Starting EventSource" controller=backuprepository controllerGroup=velero.io controllerKind=BackupRepository logSource="/go/pkg/mod/github.com/bombsimon/logrusr/v3@v3.0.0/logrusr.go:108" source="kind source: *v1.BackupRepositoryList"
time="2023-11-21T14:30:05Z" level=info msg="Starting Controller" controller=restore controllerGroup=velero.io controllerKind=Restore logSource="/go/pkg/mod/github.com/bombsimon/logrusr/v3@v3.0.0/logrusr.go:108"
time="2023-11-21T14:30:05Z" level=info msg="Starting EventSource" controller=backuprepository controllerGroup=velero.io controllerKind=BackupRepository logSource="/go/pkg/mod/github.com/bombsimon/logrusr/v3@v3.0.0/logrusr.go:108" source="kind source: *v1.BackupStorageLocation"
time="2023-11-21T14:30:05Z" level=info msg="Starting EventSource" controller=backup controllerGroup=velero.io controllerKind=Backup logSource="/go/pkg/mod/github.com/bombsimon/logrusr/v3@v3.0.0/logrusr.go:108" source="kind source: *v1.Backup"
time="2023-11-21T14:30:05Z" level=info msg="Starting Controller" controller=backuprepository controllerGroup=velero.io controllerKind=BackupRepository logSource="/go/pkg/mod/github.com/bombsimon/logrusr/v3@v3.0.0/logrusr.go:108"
time="2023-11-21T14:30:05Z" level=info msg="Starting EventSource" controller=backup controllerGroup=velero.io controllerKind=Backup logSource="/go/pkg/mod/github.com/bombsimon/logrusr/v3@v3.0.0/logrusr.go:108" source="kind source: *v1.BackupList"
time="2023-11-21T14:30:05Z" level=info msg="Starting Controller" controller=backup controllerGroup=velero.io controllerKind=Backup logSource="/go/pkg/mod/github.com/bombsimon/logrusr/v3@v3.0.0/logrusr.go:108"
time="2023-11-21T14:30:05Z" level=info msg="Starting EventSource" controller=downloadrequest controllerGroup=velero.io controllerKind=DownloadRequest logSource="/go/pkg/mod/github.com/bombsimon/logrusr/v3@v3.0.0/logrusr.go:108" source="kind source: *v1.DownloadRequest"
time="2023-11-21T14:30:05Z" level=info msg="Starting Controller" controller=restore controllerGroup=velero.io controllerKind=Restore logSource="/go/pkg/mod/github.com/bombsimon/logrusr/v3@v3.0.0/logrusr.go:108"
time="2023-11-21T14:30:05Z" level=info msg="Starting Controller" controller=downloadrequest controllerGroup=velero.io controllerKind=DownloadRequest logSource="/go/pkg/mod/github.com/bombsimon/logrusr/v3@v3.0.0/logrusr.go:108"
time="2023-11-21T14:30:05Z" level=info msg="Starting EventSource" controller=backupstoragelocation controllerGroup=velero.io controllerKind=BackupStorageLocation logSource="/go/pkg/mod/github.com/bombsimon/logrusr/v3@v3.0.0/logrusr.go:108" source="kind source: *v1.BackupStorageLocation"
time="2023-11-21T14:30:05Z" level=info msg="Starting EventSource" controller=backupstoragelocation controllerGroup=velero.io controllerKind=BackupStorageLocation logSource="/go/pkg/mod/github.com/bombsimon/logrusr/v3@v3.0.0/logrusr.go:108" source="kind source: *v1.BackupStorageLocationList"
time="2023-11-21T14:30:05Z" level=info msg="Starting Controller" controller=backup controllerGroup=velero.io controllerKind=Backup logSource="/go/pkg/mod/github.com/bombsimon/logrusr/v3@v3.0.0/logrusr.go:108"
time="2023-11-21T14:30:05Z" level=info msg="Starting Controller" controller=backupstoragelocation controllerGroup=velero.io controllerKind=BackupStorageLocation logSource="/go/pkg/mod/github.com/bombsimon/logrusr/v3@v3.0.0/logrusr.go:108"
time="2023-11-21T14:30:05Z" level=info msg="Starting EventSource" controller=schedule controllerGroup=velero.io controllerKind=Schedule logSource="/go/pkg/mod/github.com/bombsimon/logrusr/v3@v3.0.0/logrusr.go:108" source="kind source: *v1.ScheduleList"
time="2023-11-21T14:30:05Z" level=info msg="Starting Controller" controller=schedule controllerGroup=velero.io controllerKind=Schedule logSource="/go/pkg/mod/github.com/bombsimon/logrusr/v3@v3.0.0/logrusr.go:108"
time="2023-11-21T14:30:05Z" level=info msg="Starting workers" controller=backupstoragelocation controllerGroup=velero.io controllerKind=BackupStorageLocation logSource="/go/pkg/mod/github.com/bombsimon/logrusr/v3@v3.0.0/logrusr.go:108" worker count=1
time="2023-11-21T14:30:05Z" level=info msg="Starting workers" controller=backup controllerGroup=velero.io controllerKind=Backup logSource="/go/pkg/mod/github.com/bombsimon/logrusr/v3@v3.0.0/logrusr.go:108" worker count=1
time="2023-11-21T14:30:05Z" level=info msg="Starting workers" controller=serverstatusrequest controllerGroup=velero.io controllerKind=ServerStatusRequest logSource="/go/pkg/mod/github.com/bombsimon/logrusr/v3@v3.0.0/logrusr.go:108" worker count=10
time="2023-11-21T14:30:05Z" level=info msg="Starting workers" controller=deletebackuprequest controllerGroup=velero.io controllerKind=DeleteBackupRequest logSource="/go/pkg/mod/github.com/bombsimon/logrusr/v3@v3.0.0/logrusr.go:108" worker count=1
time="2023-11-21T14:30:05Z" level=info msg="Starting workers" controller=restore controllerGroup=velero.io controllerKind=Restore logSource="/go/pkg/mod/github.com/bombsimon/logrusr/v3@v3.0.0/logrusr.go:108" worker count=1
time="2023-11-21T14:30:05Z" level=info msg="Starting workers" controller=schedule controllerGroup=velero.io controllerKind=Schedule logSource="/go/pkg/mod/github.com/bombsimon/logrusr/v3@v3.0.0/logrusr.go:108" worker count=1
time="2023-11-21T14:30:05Z" level=info msg="Starting workers" controller=backup controllerGroup=velero.io controllerKind=Backup logSource="/go/pkg/mod/github.com/bombsimon/logrusr/v3@v3.0.0/logrusr.go:108" worker count=1
time="2023-11-21T14:30:05Z" level=info msg="Starting workers" controller=backup controllerGroup=velero.io controllerKind=Backup logSource="/go/pkg/mod/github.com/bombsimon/logrusr/v3@v3.0.0/logrusr.go:108" worker count=1
time="2023-11-21T14:30:05Z" level=info msg="Starting workers" controller=backuprepository controllerGroup=velero.io controllerKind=BackupRepository logSource="/go/pkg/mod/github.com/bombsimon/logrusr/v3@v3.0.0/logrusr.go:108" worker count=1
time="2023-11-21T14:30:05Z" level=info msg="Starting workers" controller=backupstoragelocation controllerGroup=velero.io controllerKind=BackupStorageLocation logSource="/go/pkg/mod/github.com/bombsimon/logrusr/v3@v3.0.0/logrusr.go:108" worker count=1
time="2023-11-21T14:30:05Z" level=info msg="Starting workers" controller=restore controllerGroup=velero.io controllerKind=Restore logSource="/go/pkg/mod/github.com/bombsimon/logrusr/v3@v3.0.0/logrusr.go:108" worker count=1
time="2023-11-21T14:30:05Z" level=info msg="Starting workers" controller=backup controllerGroup=velero.io controllerKind=Backup logSource="/go/pkg/mod/github.com/bombsimon/logrusr/v3@v3.0.0/logrusr.go:108" worker count=1
time="2023-11-21T14:30:05Z" level=info msg="Starting workers" controller=downloadrequest controllerGroup=velero.io controllerKind=DownloadRequest logSource="/go/pkg/mod/github.com/bombsimon/logrusr/v3@v3.0.0/logrusr.go:108" worker count=1
time="2023-11-21T14:30:05Z" level=info msg="Validating BackupStorageLocation" backup-storage-location=velero/default controller=backup-storage-location logSource="pkg/controller/backup_storage_location_controller.go:152"
time="2023-11-21T14:30:11Z" level=warning msg="Failed to discover group: custom.metrics.k8s.io/v1beta1" error="the server is currently unable to handle the request" logSource="pkg/discovery/helper.go:220"
time="2023-11-21T14:30:20Z" level=info msg="BackupStorageLocations is valid, marking as available" backup-storage-location=velero/default controller=backup-storage-location logSource="pkg/controller/backup_storage_location_controller.go:137"
time="2023-11-21T14:30:20Z" level=info msg="Validating BackupStorageLocation" backup-storage-location=velero/default controller=backup-storage-location logSource="pkg/controller/backup_storage_location_controller.go:152"
time="2023-11-21T14:30:20Z" level=info msg="BackupStorageLocations is valid, marking as available" backup-storage-location=velero/default controller=backup-storage-location logSource="pkg/controller/backup_storage_location_controller.go:137"
time="2023-11-21T14:31:25Z" level=info msg="Validating BackupStorageLocation" backup-storage-location=velero/default controller=backup-storage-location logSource="pkg/controller/backup_storage_location_controller.go:152"
time="2023-11-21T14:31:25Z" level=info msg="BackupStorageLocations is valid, marking as available" backup-storage-location=velero/default controller=backup-storage-location logSource="pkg/controller/backup_storage_location_controller.go:137"
time="2023-11-21T14:32:25Z" level=info msg="Validating BackupStorageLocation" backup-storage-location=velero/default controller=backup-storage-location logSource="pkg/controller/backup_storage_location_controller.go:152"
time="2023-11-21T14:32:25Z" level=info msg="BackupStorageLocations is valid, marking as available" backup-storage-location=velero/default controller=backup-storage-location logSource="pkg/controller/backup_storage_location_controller.go:137"
time="2023-11-21T14:33:25Z" level=info msg="Validating BackupStorageLocation" backup-storage-location=velero/default controller=backup-storage-location logSource="pkg/controller/backup_storage_location_controller.go:152"
time="2023-11-21T14:33:25Z" level=info msg="BackupStorageLocations is valid, marking as available" backup-storage-location=velero/default controller=backup-storage-location logSource="pkg/controller/backup_storage_location_controller.go:137"
time="2023-11-21T14:34:25Z" level=info msg="Validating BackupStorageLocation" backup-storage-location=velero/default controller=backup-storage-location logSource="pkg/controller/backup_storage_location_controller.go:152"
time="2023-11-21T14:34:25Z" level=info msg="BackupStorageLocations is valid, marking as available" backup-storage-location=velero/default controller=backup-storage-location logSource="pkg/controller/backup_storage_location_controller.go:137"
I1121 14:35:13.262913       1 request.go:690] Waited for 1.048942338s due to client-side throttling, not priority and fairness, request: GET:https://***HIDDEN***:443/apis/networking.k8s.io/v1?timeout=32s
time="2023-11-21T14:35:25Z" level=info msg="Validating BackupStorageLocation" backup-storage-location=velero/default controller=backup-storage-location logSource="pkg/controller/backup_storage_location_controller.go:152"
time="2023-11-21T14:35:25Z" level=info msg="BackupStorageLocations is valid, marking as available" backup-storage-location=velero/default controller=backup-storage-location logSource="pkg/controller/backup_storage_location_controller.go:137"
time="2023-11-21T14:36:25Z" level=info msg="Validating BackupStorageLocation" backup-storage-location=velero/default controller=backup-storage-location logSource="pkg/controller/backup_storage_location_controller.go:152"
time="2023-11-21T14:36:25Z" level=info msg="BackupStorageLocations is valid, marking as available" backup-storage-location=velero/default controller=backup-storage-location logSource="pkg/controller/backup_storage_location_controller.go:137"
time="2023-11-21T14:37:25Z" level=info msg="Validating BackupStorageLocation" backup-storage-location=velero/default controller=backup-storage-location logSource="pkg/controller/backup_storage_location_controller.go:152"
time="2023-11-21T14:37:25Z" level=info msg="BackupStorageLocations is valid, marking as available" backup-storage-location=velero/default controller=backup-storage-location logSource="pkg/controller/backup_storage_location_controller.go:137"
time="2023-11-21T14:38:25Z" level=info msg="Validating BackupStorageLocation" backup-storage-location=velero/default controller=backup-storage-location logSource="pkg/controller/backup_storage_location_controller.go:152"
time="2023-11-21T14:38:25Z" level=info msg="BackupStorageLocations is valid, marking as available" backup-storage-location=velero/default controller=backup-storage-location logSource="pkg/controller/backup_storage_location_controller.go:137"
time="2023-11-21T14:39:25Z" level=info msg="Validating BackupStorageLocation" backup-storage-location=velero/default controller=backup-storage-location logSource="pkg/controller/backup_storage_location_controller.go:152"
time="2023-11-21T14:39:25Z" level=info msg="BackupStorageLocations is valid, marking as available" backup-storage-location=velero/default controller=backup-storage-location logSource="pkg/controller/backup_storage_location_controller.go:137"
I1121 14:40:16.212747       1 request.go:690] Waited for 1.04839253s due to client-side throttling, not priority and fairness, request: GET:https://***HIDDEN***:443/apis/admissionregistration.k8s.io/v1?timeout=32s
time="2023-11-21T14:40:25Z" level=info msg="Validating BackupStorageLocation" backup-storage-location=velero/default controller=backup-storage-location logSource="pkg/controller/backup_storage_location_controller.go:152"
time="2023-11-21T14:40:25Z" level=info msg="BackupStorageLocations is valid, marking as available" backup-storage-location=velero/default controller=backup-storage-location logSource="pkg/controller/backup_storage_location_controller.go:137"
time="2023-11-21T14:41:25Z" level=info msg="Validating BackupStorageLocation" backup-storage-location=velero/default controller=backup-storage-location logSource="pkg/controller/backup_storage_location_controller.go:152"
time="2023-11-21T14:41:25Z" level=info msg="BackupStorageLocations is valid, marking as available" backup-storage-location=velero/default controller=backup-storage-location logSource="pkg/controller/backup_storage_location_controller.go:137"
time="2023-11-21T14:42:25Z" level=info msg="Validating BackupStorageLocation" backup-storage-location=velero/default controller=backup-storage-location logSource="pkg/controller/backup_storage_location_controller.go:152"
time="2023-11-21T14:42:25Z" level=info msg="BackupStorageLocations is valid, marking as available" backup-storage-location=velero/default controller=backup-storage-location logSource="pkg/controller/backup_storage_location_controller.go:137"
time="2023-11-21T14:43:25Z" level=info msg="Validating BackupStorageLocation" backup-storage-location=velero/default controller=backup-storage-location logSource="pkg/controller/backup_storage_location_controller.go:152"
time="2023-11-21T14:43:25Z" level=info msg="BackupStorageLocations is valid, marking as available" backup-storage-location=velero/default controller=backup-storage-location logSource="pkg/controller/backup_storage_location_controller.go:137"
time="2023-11-21T14:44:25Z" level=info msg="Validating BackupStorageLocation" backup-storage-location=velero/default controller=backup-storage-location logSource="pkg/controller/backup_storage_location_controller.go:152"
time="2023-11-21T14:44:25Z" level=info msg="BackupStorageLocations is valid, marking as available" backup-storage-location=velero/default controller=backup-storage-location logSource="pkg/controller/backup_storage_location_controller.go:137"
I1121 14:45:19.163645       1 request.go:690] Waited for 1.048979137s due to client-side throttling, not priority and fairness, request: GET:https://***HIDDEN***:443/apis/security.istio.io/v1beta1?timeout=32s
time="2023-11-21T14:45:25Z" level=info msg="Validating BackupStorageLocation" backup-storage-location=velero/default controller=backup-storage-location logSource="pkg/controller/backup_storage_location_controller.go:152"
time="2023-11-21T14:45:25Z" level=info msg="BackupStorageLocations is valid, marking as available" backup-storage-location=velero/default controller=backup-storage-location logSource="pkg/controller/backup_storage_location_controller.go:137"
time="2023-11-21T14:46:25Z" level=info msg="Validating BackupStorageLocation" backup-storage-location=velero/default controller=backup-storage-location logSource="pkg/controller/backup_storage_location_controller.go:152"
time="2023-11-21T14:46:25Z" level=info msg="BackupStorageLocations is valid, marking as available" backup-storage-location=velero/default controller=backup-storage-location logSource="pkg/controller/backup_storage_location_controller.go:137"
time="2023-11-21T14:47:25Z" level=info msg="Validating BackupStorageLocation" backup-storage-location=velero/default controller=backup-storage-location logSource="pkg/controller/backup_storage_location_controller.go:152"
time="2023-11-21T14:47:25Z" level=info msg="BackupStorageLocations is valid, marking as available" backup-storage-location=velero/default controller=backup-storage-location logSource="pkg/controller/backup_storage_location_controller.go:137"
time="2023-11-21T14:48:25Z" level=info msg="Validating BackupStorageLocation" backup-storage-location=velero/default controller=backup-storage-location logSource="pkg/controller/backup_storage_location_controller.go:152"
time="2023-11-21T14:48:25Z" level=info msg="BackupStorageLocations is valid, marking as available" backup-storage-location=velero/default controller=backup-storage-location logSource="pkg/controller/backup_storage_location_controller.go:137"
time="2023-11-21T14:49:25Z" level=info msg="Validating BackupStorageLocation" backup-storage-location=velero/default controller=backup-storage-location logSource="pkg/controller/backup_storage_location_controller.go:152"
time="2023-11-21T14:49:25Z" level=info msg="BackupStorageLocations is valid, marking as available" backup-storage-location=velero/default controller=backup-storage-location logSource="pkg/controller/backup_storage_location_controller.go:137"
I1121 14:50:22.114367       1 request.go:690] Waited for 1.04856183s due to client-side throttling, not priority and fairness, request: GET:https://***HIDDEN***:443/apis/custom.metrics.k8s.io/v1beta1?timeout=32s
time="2023-11-21T14:50:25Z" level=info msg="Validating BackupStorageLocation" backup-storage-location=velero/default controller=backup-storage-location logSource="pkg/controller/backup_storage_location_controller.go:152"
time="2023-11-21T14:50:25Z" level=info msg="BackupStorageLocations is valid, marking as available" backup-storage-location=velero/default controller=backup-storage-location logSource="pkg/controller/backup_storage_location_controller.go:137"
time="2023-11-21T14:51:25Z" level=info msg="Validating BackupStorageLocation" backup-storage-location=velero/default controller=backup-storage-location logSource="pkg/controller/backup_storage_location_controller.go:152"
time="2023-11-21T14:51:25Z" level=info msg="BackupStorageLocations is valid, marking as available" backup-storage-location=velero/default controller=backup-storage-location logSource="pkg/controller/backup_storage_location_controller.go:137"
time="2023-11-21T14:52:25Z" level=info msg="Validating BackupStorageLocation" backup-storage-location=velero/default controller=backup-storage-location logSource="pkg/controller/backup_storage_location_controller.go:152"
time="2023-11-21T14:52:25Z" level=info msg="BackupStorageLocations is valid, marking as available" backup-storage-location=velero/default controller=backup-storage-location logSource="pkg/controller/backup_storage_location_controller.go:137"
time="2023-11-21T14:53:25Z" level=info msg="Validating BackupStorageLocation" backup-storage-location=velero/default controller=backup-storage-location logSource="pkg/controller/backup_storage_location_controller.go:152"
time="2023-11-21T14:53:25Z" level=info msg="BackupStorageLocations is valid, marking as available" backup-storage-location=velero/default controller=backup-storage-location logSource="pkg/controller/backup_storage_location_controller.go:137"
time="2023-11-21T14:54:25Z" level=info msg="Validating BackupStorageLocation" backup-storage-location=velero/default controller=backup-storage-location logSource="pkg/controller/backup_storage_location_controller.go:152"
time="2023-11-21T14:54:25Z" level=info msg="BackupStorageLocations is valid, marking as available" backup-storage-location=velero/default controller=backup-storage-location logSource="pkg/controller/backup_storage_location_controller.go:137"
I1121 14:55:25.061836       1 request.go:690] Waited for 1.046494805s due to client-side throttling, not priority and fairness, request: GET:https://***HIDDEN***:443/apis/autoscaling/v2?timeout=32s
time="2023-11-21T14:55:25Z" level=info msg="Validating BackupStorageLocation" backup-storage-location=velero/default controller=backup-storage-location logSource="pkg/controller/backup_storage_location_controller.go:152"
time="2023-11-21T14:55:25Z" level=info msg="BackupStorageLocations is valid, marking as available" backup-storage-location=velero/default controller=backup-storage-location logSource="pkg/controller/backup_storage_location_controller.go:137"
time="2023-11-21T14:56:25Z" level=info msg="Validating BackupStorageLocation" backup-storage-location=velero/default controller=backup-storage-location logSource="pkg/controller/backup_storage_location_controller.go:152"
time="2023-11-21T14:56:25Z" level=info msg="BackupStorageLocations is valid, marking as available" backup-storage-location=velero/default controller=backup-storage-location logSource="pkg/controller/backup_storage_location_controller.go:137"
time="2023-11-21T14:57:25Z" level=info msg="Validating BackupStorageLocation" backup-storage-location=velero/default controller=backup-storage-location logSource="pkg/controller/backup_storage_location_controller.go:152"
time="2023-11-21T14:57:25Z" level=info msg="BackupStorageLocations is valid, marking as available" backup-storage-location=velero/default controller=backup-storage-location logSource="pkg/controller/backup_storage_location_controller.go:137"
time="2023-11-21T14:58:25Z" level=info msg="Validating BackupStorageLocation" backup-storage-location=velero/default controller=backup-storage-location logSource="pkg/controller/backup_storage_location_controller.go:152"
time="2023-11-21T14:58:25Z" level=info msg="BackupStorageLocations is valid, marking as available" backup-storage-location=velero/default controller=backup-storage-location logSource="pkg/controller/backup_storage_location_controller.go:137"
time="2023-11-21T14:59:25Z" level=info msg="Validating BackupStorageLocation" backup-storage-location=velero/default controller=backup-storage-location logSource="pkg/controller/backup_storage_location_controller.go:152"
time="2023-11-21T14:59:25Z" level=info msg="BackupStorageLocations is valid, marking as available" backup-storage-location=velero/default controller=backup-storage-location logSource="pkg/controller/backup_storage_location_controller.go:137"
time="2023-11-21T15:00:25Z" level=info msg="Validating BackupStorageLocation" backup-storage-location=velero/default controller=backup-storage-location logSource="pkg/controller/backup_storage_location_controller.go:152"
time="2023-11-21T15:00:25Z" level=info msg="BackupStorageLocations is valid, marking as available" backup-storage-location=velero/default controller=backup-storage-location logSource="pkg/controller/backup_storage_location_controller.go:137"
I1121 15:00:28.012699       1 request.go:690] Waited for 1.048626077s due to client-side throttling, not priority and fairness, request: GET:https://***HIDDEN***:443/apis/security.istio.io/v1?timeout=32s
time="2023-11-21T15:01:25Z" level=info msg="Validating BackupStorageLocation" backup-storage-location=velero/default controller=backup-storage-location logSource="pkg/controller/backup_storage_location_controller.go:152"
time="2023-11-21T15:01:25Z" level=info msg="BackupStorageLocations is valid, marking as available" backup-storage-location=velero/default controller=backup-storage-location logSource="pkg/controller/backup_storage_location_controller.go:137"
time="2023-11-21T15:02:25Z" level=info msg="Validating BackupStorageLocation" backup-storage-location=velero/default controller=backup-storage-location logSource="pkg/controller/backup_storage_location_controller.go:152"
time="2023-11-21T15:02:25Z" level=info msg="BackupStorageLocations is valid, marking as available" backup-storage-location=velero/default controller=backup-storage-location logSource="pkg/controller/backup_storage_location_controller.go:137"
time="2023-11-21T15:03:25Z" level=info msg="Validating BackupStorageLocation" backup-storage-location=velero/default controller=backup-storage-location logSource="pkg/controller/backup_storage_location_controller.go:152"
time="2023-11-21T15:03:25Z" level=info msg="BackupStorageLocations is valid, marking as available" backup-storage-location=velero/default controller=backup-storage-location logSource="pkg/controller/backup_storage_location_controller.go:137"
time="2023-11-21T15:04:25Z" level=info msg="Validating BackupStorageLocation" backup-storage-location=velero/default controller=backup-storage-location logSource="pkg/controller/backup_storage_location_controller.go:152"
time="2023-11-21T15:04:25Z" level=info msg="BackupStorageLocations is valid, marking as available" backup-storage-location=velero/default controller=backup-storage-location logSource="pkg/controller/backup_storage_location_controller.go:137"
time="2023-11-21T15:05:25Z" level=info msg="Validating BackupStorageLocation" backup-storage-location=velero/default controller=backup-storage-location logSource="pkg/controller/backup_storage_location_controller.go:152"
time="2023-11-21T15:05:25Z" level=info msg="BackupStorageLocations is valid, marking as available" backup-storage-location=velero/default controller=backup-storage-location logSource="pkg/controller/backup_storage_location_controller.go:137"
I1121 15:05:30.962732       1 request.go:690] Waited for 1.047536458s due to client-side throttling, not priority and fairness, request: GET:https://***HIDDEN***:443/apis/certificates.k8s.io/v1?timeout=32s
time="2023-11-21T15:06:25Z" level=info msg="Validating BackupStorageLocation" backup-storage-location=velero/default controller=backup-storage-location logSource="pkg/controller/backup_storage_location_controller.go:152"
time="2023-11-21T15:06:25Z" level=info msg="BackupStorageLocations is valid, marking as available" backup-storage-location=velero/default controller=backup-storage-location logSource="pkg/controller/backup_storage_location_controller.go:137"
time="2023-11-21T15:07:25Z" level=info msg="Validating BackupStorageLocation" backup-storage-location=velero/default controller=backup-storage-location logSource="pkg/controller/backup_storage_location_controller.go:152"
time="2023-11-21T15:07:25Z" level=info msg="BackupStorageLocations is valid, marking as available" backup-storage-location=velero/default controller=backup-storage-location logSource="pkg/controller/backup_storage_location_controller.go:137"
time="2023-11-21T15:08:25Z" level=info msg="Validating BackupStorageLocation" backup-storage-location=velero/default controller=backup-storage-location logSource="pkg/controller/backup_storage_location_controller.go:152"
time="2023-11-21T15:08:25Z" level=info msg="BackupStorageLocations is valid, marking as available" backup-storage-location=velero/default controller=backup-storage-location logSource="pkg/controller/backup_storage_location_controller.go:137"
time="2023-11-21T15:09:25Z" level=info msg="Validating BackupStorageLocation" backup-storage-location=velero/default controller=backup-storage-location logSource="pkg/controller/backup_storage_location_controller.go:152"
time="2023-11-21T15:09:25Z" level=info msg="BackupStorageLocations is valid, marking as available" backup-storage-location=velero/default controller=backup-storage-location logSource="pkg/controller/backup_storage_location_controller.go:137"
time="2023-11-21T15:10:25Z" level=info msg="Validating BackupStorageLocation" backup-storage-location=velero/default controller=backup-storage-location logSource="pkg/controller/backup_storage_location_controller.go:152"
time="2023-11-21T15:10:25Z" level=info msg="BackupStorageLocations is valid, marking as available" backup-storage-location=velero/default controller=backup-storage-location logSource="pkg/controller/backup_storage_location_controller.go:137"
I1121 15:10:33.912271       1 request.go:690] Waited for 1.048143627s due to client-side throttling, not priority and fairness, request: GET:https://***HIDDEN***:443/apis/autoscaling/v2beta2?timeout=32s
time="2023-11-21T15:11:25Z" level=info msg="Validating BackupStorageLocation" backup-storage-location=velero/default controller=backup-storage-location logSource="pkg/controller/backup_storage_location_controller.go:152"
time="2023-11-21T15:11:25Z" level=info msg="BackupStorageLocations is valid, marking as available" backup-storage-location=velero/default controller=backup-storage-location logSource="pkg/controller/backup_storage_location_controller.go:137"
time="2023-11-21T15:12:25Z" level=info msg="Validating BackupStorageLocation" backup-storage-location=velero/default controller=backup-storage-location logSource="pkg/controller/backup_storage_location_controller.go:152"
time="2023-11-21T15:12:25Z" level=info msg="BackupStorageLocations is valid, marking as available" backup-storage-location=velero/default controller=backup-storage-location logSource="pkg/controller/backup_storage_location_controller.go:137"
time="2023-11-21T15:13:25Z" level=info msg="Validating BackupStorageLocation" backup-storage-location=velero/default controller=backup-storage-location logSource="pkg/controller/backup_storage_location_controller.go:152"
time="2023-11-21T15:13:25Z" level=info msg="BackupStorageLocations is valid, marking as available" backup-storage-location=velero/default controller=backup-storage-location logSource="pkg/controller/backup_storage_location_controller.go:137"
time="2023-11-21T15:14:25Z" level=info msg="Validating BackupStorageLocation" backup-storage-location=velero/default controller=backup-storage-location logSource="pkg/controller/backup_storage_location_controller.go:152"
time="2023-11-21T15:14:25Z" level=info msg="BackupStorageLocations is valid, marking as available" backup-storage-location=velero/default controller=backup-storage-location logSource="pkg/controller/backup_storage_location_controller.go:137"
time="2023-11-21T15:15:25Z" level=info msg="Validating BackupStorageLocation" backup-storage-location=velero/default controller=backup-storage-location logSource="pkg/controller/backup_storage_location_controller.go:152"
time="2023-11-21T15:15:25Z" level=info msg="BackupStorageLocations is valid, marking as available" backup-storage-location=velero/default controller=backup-storage-location logSource="pkg/controller/backup_storage_location_controller.go:137"
I1121 15:15:36.863760       1 request.go:690] Waited for 1.049035102s due to client-side throttling, not priority and fairness, request: GET:https://***HIDDEN***:443/apis/networking.k8s.io/v1?timeout=32s
time="2023-11-21T15:16:25Z" level=info msg="Validating BackupStorageLocation" backup-storage-location=velero/default controller=backup-storage-location logSource="pkg/controller/backup_storage_location_controller.go:152"
time="2023-11-21T15:16:25Z" level=info msg="BackupStorageLocations is valid, marking as available" backup-storage-location=velero/default controller=backup-storage-location logSource="pkg/controller/backup_storage_location_controller.go:137"
time="2023-11-21T15:17:25Z" level=info msg="Validating BackupStorageLocation" backup-storage-location=velero/default controller=backup-storage-location logSource="pkg/controller/backup_storage_location_controller.go:152"
time="2023-11-21T15:17:25Z" level=info msg="BackupStorageLocations is valid, marking as available" backup-storage-location=velero/default controller=backup-storage-location logSource="pkg/controller/backup_storage_location_controller.go:137"
time="2023-11-21T15:18:25Z" level=info msg="Validating BackupStorageLocation" backup-storage-location=velero/default controller=backup-storage-location logSource="pkg/controller/backup_storage_location_controller.go:152"
time="2023-11-21T15:18:25Z" level=info msg="BackupStorageLocations is valid, marking as available" backup-storage-location=velero/default controller=backup-storage-location logSource="pkg/controller/backup_storage_location_controller.go:137"
time="2023-11-21T15:19:25Z" level=info msg="Validating BackupStorageLocation" backup-storage-location=velero/default controller=backup-storage-location logSource="pkg/controller/backup_storage_location_controller.go:152"
time="2023-11-21T15:19:25Z" level=info msg="BackupStorageLocations is valid, marking as available" backup-storage-location=velero/default controller=backup-storage-location logSource="pkg/controller/backup_storage_location_controller.go:137"
time="2023-11-21T15:20:25Z" level=info msg="Validating BackupStorageLocation" backup-storage-location=velero/default controller=backup-storage-location logSource="pkg/controller/backup_storage_location_controller.go:152"
time="2023-11-21T15:20:25Z" level=info msg="BackupStorageLocations is valid, marking as available" backup-storage-location=velero/default controller=backup-storage-location logSource="pkg/controller/backup_storage_location_controller.go:137"
I1121 15:20:39.815614       1 request.go:690] Waited for 1.047559998s due to client-side throttling, not priority and fairness, request: GET:https://***HIDDEN***:443/apis/security.istio.io/v1beta1?timeout=32s
time="2023-11-21T15:21:25Z" level=info msg="Validating BackupStorageLocation" backup-storage-location=velero/default controller=backup-storage-location logSource="pkg/controller/backup_storage_location_controller.go:152"
time="2023-11-21T15:21:25Z" level=info msg="BackupStorageLocations is valid, marking as available" backup-storage-location=velero/default controller=backup-storage-location logSource="pkg/controller/backup_storage_location_controller.go:137"
time="2023-11-21T15:22:25Z" level=info msg="Validating BackupStorageLocation" backup-storage-location=velero/default controller=backup-storage-location logSource="pkg/controller/backup_storage_location_controller.go:152"
time="2023-11-21T15:22:25Z" level=info msg="BackupStorageLocations is valid, marking as available" backup-storage-location=velero/default controller=backup-storage-location logSource="pkg/controller/backup_storage_location_controller.go:137"
time="2023-11-21T15:23:25Z" level=info msg="Validating BackupStorageLocation" backup-storage-location=velero/default controller=backup-storage-location logSource="pkg/controller/backup_storage_location_controller.go:152"
time="2023-11-21T15:23:25Z" level=info msg="BackupStorageLocations is valid, marking as available" backup-storage-location=velero/default controller=backup-storage-location logSource="pkg/controller/backup_storage_location_controller.go:137"
time="2023-11-21T15:24:25Z" level=info msg="Validating BackupStorageLocation" backup-storage-location=velero/default controller=backup-storage-location logSource="pkg/controller/backup_storage_location_controller.go:152"
time="2023-11-21T15:24:25Z" level=info msg="BackupStorageLocations is valid, marking as available" backup-storage-location=velero/default controller=backup-storage-location logSource="pkg/controller/backup_storage_location_controller.go:137"
time="2023-11-21T15:25:25Z" level=info msg="Validating BackupStorageLocation" backup-storage-location=velero/default controller=backup-storage-location logSource="pkg/controller/backup_storage_location_controller.go:152"
time="2023-11-21T15:25:25Z" level=info msg="BackupStorageLocations is valid, marking as available" backup-storage-location=velero/default controller=backup-storage-location logSource="pkg/controller/backup_storage_location_controller.go:137"
I1121 15:25:42.765484       1 request.go:690] Waited for 1.048692681s due to client-side throttling, not priority and fairness, request: GET:https://***HIDDEN***:443/apis/apiregistration.k8s.io/v1?timeout=32s
time="2023-11-21T15:26:25Z" level=info msg="Validating BackupStorageLocation" backup-storage-location=velero/default controller=backup-storage-location logSource="pkg/controller/backup_storage_location_controller.go:152"
time="2023-11-21T15:26:25Z" level=info msg="BackupStorageLocations is valid, marking as available" backup-storage-location=velero/default controller=backup-storage-location logSource="pkg/controller/backup_storage_location_controller.go:137"
time="2023-11-21T15:27:25Z" level=info msg="Validating BackupStorageLocation" backup-storage-location=velero/default controller=backup-storage-location logSource="pkg/controller/backup_storage_location_controller.go:152"
time="2023-11-21T15:27:25Z" level=info msg="BackupStorageLocations is valid, marking as available" backup-storage-location=velero/default controller=backup-storage-location logSource="pkg/controller/backup_storage_location_controller.go:137"
time="2023-11-21T15:28:25Z" level=info msg="Validating BackupStorageLocation" backup-storage-location=velero/default controller=backup-storage-location logSource="pkg/controller/backup_storage_location_controller.go:152"
time="2023-11-21T15:28:25Z" level=info msg="BackupStorageLocations is valid, marking as available" backup-storage-location=velero/default controller=backup-storage-location logSource="pkg/controller/backup_storage_location_controller.go:137"
time="2023-11-21T15:29:25Z" level=info msg="Validating BackupStorageLocation" backup-storage-location=velero/default controller=backup-storage-location logSource="pkg/controller/backup_storage_location_controller.go:152"
time="2023-11-21T15:29:25Z" level=info msg="BackupStorageLocations is valid, marking as available" backup-storage-location=velero/default controller=backup-storage-location logSource="pkg/controller/backup_storage_location_controller.go:137"
time="2023-11-21T15:30:25Z" level=info msg="Validating BackupStorageLocation" backup-storage-location=velero/default controller=backup-storage-location logSource="pkg/controller/backup_storage_location_controller.go:152"
time="2023-11-21T15:30:25Z" level=info msg="BackupStorageLocations is valid, marking as available" backup-storage-location=velero/default controller=backup-storage-location logSource="pkg/controller/backup_storage_location_controller.go:137"
I1121 15:30:45.666334       1 request.go:690] Waited for 1.000157478s due to client-side throttling, not priority and fairness, request: GET:https://***HIDDEN***:443/apis/custom.metrics.k8s.io/v1beta1?timeout=32s
time="2023-11-21T15:31:25Z" level=info msg="Validating BackupStorageLocation" backup-storage-location=velero/default controller=backup-storage-location logSource="pkg/controller/backup_storage_location_controller.go:152"
time="2023-11-21T15:31:25Z" level=info msg="BackupStorageLocations is valid, marking as available" backup-storage-location=velero/default controller=backup-storage-location logSource="pkg/controller/backup_storage_location_controller.go:137"
time="2023-11-21T15:32:25Z" level=info msg="Validating BackupStorageLocation" backup-storage-location=velero/default controller=backup-storage-location logSource="pkg/controller/backup_storage_location_controller.go:152"
time="2023-11-21T15:32:25Z" level=info msg="BackupStorageLocations is valid, marking as available" backup-storage-location=velero/default controller=backup-storage-location logSource="pkg/controller/backup_storage_location_controller.go:137"
time="2023-11-21T15:33:25Z" level=info msg="Validating BackupStorageLocation" backup-storage-location=velero/default controller=backup-storage-location logSource="pkg/controller/backup_storage_location_controller.go:152"
time="2023-11-21T15:33:25Z" level=info msg="BackupStorageLocations is valid, marking as available" backup-storage-location=velero/default controller=backup-storage-location logSource="pkg/controller/backup_storage_location_controller.go:137"
time="2023-11-21T15:34:25Z" level=info msg="Validating BackupStorageLocation" backup-storage-location=velero/default controller=backup-storage-location logSource="pkg/controller/backup_storage_location_controller.go:152"
time="2023-11-21T15:34:25Z" level=info msg="BackupStorageLocations is valid, marking as available" backup-storage-location=velero/default controller=backup-storage-location logSource="pkg/controller/backup_storage_location_controller.go:137"
time="2023-11-21T15:35:25Z" level=info msg="Validating BackupStorageLocation" backup-storage-location=velero/default controller=backup-storage-location logSource="pkg/controller/backup_storage_location_controller.go:152"
time="2023-11-21T15:35:25Z" level=info msg="BackupStorageLocations is valid, marking as available" backup-storage-location=velero/default controller=backup-storage-location logSource="pkg/controller/backup_storage_location_controller.go:137"
I1121 15:35:48.667990       1 request.go:690] Waited for 1.049152437s due to client-side throttling, not priority and fairness, request: GET:https://***HIDDEN***:443/apis/keycloak.org/v1alpha1?timeout=32s
time="2023-11-21T15:36:25Z" level=info msg="Validating BackupStorageLocation" backup-storage-location=velero/default controller=backup-storage-location logSource="pkg/controller/backup_storage_location_controller.go:152"
time="2023-11-21T15:36:25Z" level=info msg="BackupStorageLocations is valid, marking as available" backup-storage-location=velero/default controller=backup-storage-location logSource="pkg/controller/backup_storage_location_controller.go:137"
time="2023-11-21T15:37:25Z" level=info msg="Validating BackupStorageLocation" backup-storage-location=velero/default controller=backup-storage-location logSource="pkg/controller/backup_storage_location_controller.go:152"
time="2023-11-21T15:37:25Z" level=info msg="BackupStorageLocations is valid, marking as available" backup-storage-location=velero/default controller=backup-storage-location logSource="pkg/controller/backup_storage_location_controller.go:137"
time="2023-11-21T15:38:25Z" level=info msg="Validating BackupStorageLocation" backup-storage-location=velero/default controller=backup-storage-location logSource="pkg/controller/backup_storage_location_controller.go:152"
time="2023-11-21T15:38:25Z" level=info msg="BackupStorageLocations is valid, marking as available" backup-storage-location=velero/default controller=backup-storage-location logSource="pkg/controller/backup_storage_location_controller.go:137"
time="2023-11-21T15:39:25Z" level=info msg="Validating BackupStorageLocation" backup-storage-location=velero/default controller=backup-storage-location logSource="pkg/controller/backup_storage_location_controller.go:152"
time="2023-11-21T15:39:25Z" level=info msg="BackupStorageLocations is valid, marking as available" backup-storage-location=velero/default controller=backup-storage-location logSource="pkg/controller/backup_storage_location_controller.go:137"
time="2023-11-21T15:40:25Z" level=info msg="Validating BackupStorageLocation" backup-storage-location=velero/default controller=backup-storage-location logSource="pkg/controller/backup_storage_location_controller.go:152"
time="2023-11-21T15:40:25Z" level=info msg="BackupStorageLocations is valid, marking as available" backup-storage-location=velero/default controller=backup-storage-location logSource="pkg/controller/backup_storage_location_controller.go:137"
I1121 15:40:51.618477       1 request.go:690] Waited for 1.049440846s due to client-side throttling, not priority and fairness, request: GET:https://***HIDDEN***:443/apis/networking.k8s.io/v1?timeout=32s
time="2023-11-21T15:41:25Z" level=info msg="Validating BackupStorageLocation" backup-storage-location=velero/default controller=backup-storage-location logSource="pkg/controller/backup_storage_location_controller.go:152"
time="2023-11-21T15:41:25Z" level=info msg="BackupStorageLocations is valid, marking as available" backup-storage-location=velero/default controller=backup-storage-location logSource="pkg/controller/backup_storage_location_controller.go:137"
time="2023-11-21T15:42:25Z" level=info msg="Validating BackupStorageLocation" backup-storage-location=velero/default controller=backup-storage-location logSource="pkg/controller/backup_storage_location_controller.go:152"
time="2023-11-21T15:42:25Z" level=info msg="BackupStorageLocations is valid, marking as available" backup-storage-location=velero/default controller=backup-storage-location logSource="pkg/controller/backup_storage_location_controller.go:137"
time="2023-11-21T15:43:25Z" level=info msg="Validating BackupStorageLocation" backup-storage-location=velero/default controller=backup-storage-location logSource="pkg/controller/backup_storage_location_controller.go:152"
time="2023-11-21T15:43:25Z" level=info msg="BackupStorageLocations is valid, marking as available" backup-storage-location=velero/default controller=backup-storage-location logSource="pkg/controller/backup_storage_location_controller.go:137"
time="2023-11-21T15:44:25Z" level=info msg="Validating BackupStorageLocation" backup-storage-location=velero/default controller=backup-storage-location logSource="pkg/controller/backup_storage_location_controller.go:152"
time="2023-11-21T15:44:25Z" level=info msg="BackupStorageLocations is valid, marking as available" backup-storage-location=velero/default controller=backup-storage-location logSource="pkg/controller/backup_storage_location_controller.go:137"
time="2023-11-21T15:45:25Z" level=info msg="Validating BackupStorageLocation" backup-storage-location=velero/default controller=backup-storage-location logSource="pkg/controller/backup_storage_location_controller.go:152"
time="2023-11-21T15:45:25Z" level=info msg="BackupStorageLocations is valid, marking as available" backup-storage-location=velero/default controller=backup-storage-location logSource="pkg/controller/backup_storage_location_controller.go:137"
I1121 15:45:54.569305       1 request.go:690] Waited for 1.049901742s due to client-side throttling, not priority and fairness, request: GET:https://***HIDDEN***:443/apis/admissionregistration.k8s.io/v1?timeout=32s
time="2023-11-21T15:46:25Z" level=info msg="Validating BackupStorageLocation" backup-storage-location=velero/default controller=backup-storage-location logSource="pkg/controller/backup_storage_location_controller.go:152"
time="2023-11-21T15:46:25Z" level=info msg="BackupStorageLocations is valid, marking as available" backup-storage-location=velero/default controller=backup-storage-location logSource="pkg/controller/backup_storage_location_controller.go:137"
time="2023-11-21T15:47:25Z" level=info msg="Validating BackupStorageLocation" backup-storage-location=velero/default controller=backup-storage-location logSource="pkg/controller/backup_storage_location_controller.go:152"
time="2023-11-21T15:47:25Z" level=info msg="BackupStorageLocations is valid, marking as available" backup-storage-location=velero/default controller=backup-storage-location logSource="pkg/controller/backup_storage_location_controller.go:137"
time="2023-11-21T15:48:25Z" level=info msg="Validating BackupStorageLocation" backup-storage-location=velero/default controller=backup-storage-location logSource="pkg/controller/backup_storage_location_controller.go:152"
time="2023-11-21T15:48:25Z" level=info msg="BackupStorageLocations is valid, marking as available" backup-storage-location=velero/default controller=backup-storage-location logSource="pkg/controller/backup_storage_location_controller.go:137"
time="2023-11-21T15:49:25Z" level=info msg="Validating BackupStorageLocation" backup-storage-location=velero/default controller=backup-storage-location logSource="pkg/controller/backup_storage_location_controller.go:152"
time="2023-11-21T15:49:25Z" level=info msg="BackupStorageLocations is valid, marking as available" backup-storage-location=velero/default controller=backup-storage-location logSource="pkg/controller/backup_storage_location_controller.go:137"
time="2023-11-21T15:50:25Z" level=info msg="Validating BackupStorageLocation" backup-storage-location=velero/default controller=backup-storage-location logSource="pkg/controller/backup_storage_location_controller.go:152"
time="2023-11-21T15:50:25Z" level=info msg="BackupStorageLocations is valid, marking as available" backup-storage-location=velero/default controller=backup-storage-location logSource="pkg/controller/backup_storage_location_controller.go:137"
I1121 15:50:57.520332       1 request.go:690] Waited for 1.04984847s due to client-side throttling, not priority and fairness, request: GET:https://***HIDDEN***:443/apis/monitoring.coreos.com/v1alpha1?timeout=32s
time="2023-11-21T15:51:25Z" level=info msg="Validating BackupStorageLocation" backup-storage-location=velero/default controller=backup-storage-location logSource="pkg/controller/backup_storage_location_controller.go:152"
time="2023-11-21T15:51:25Z" level=info msg="BackupStorageLocations is valid, marking as available" backup-storage-location=velero/default controller=backup-storage-location logSource="pkg/controller/backup_storage_location_controller.go:137"
time="2023-11-21T15:52:25Z" level=info msg="Validating BackupStorageLocation" backup-storage-location=velero/default controller=backup-storage-location logSource="pkg/controller/backup_storage_location_controller.go:152"
time="2023-11-21T15:52:25Z" level=info msg="BackupStorageLocations is valid, marking as available" backup-storage-location=velero/default controller=backup-storage-location logSource="pkg/controller/backup_storage_location_controller.go:137"
time="2023-11-21T15:53:25Z" level=info msg="Validating BackupStorageLocation" backup-storage-location=velero/default controller=backup-storage-location logSource="pkg/controller/backup_storage_location_controller.go:152"
time="2023-11-21T15:53:25Z" level=info msg="BackupStorageLocations is valid, marking as available" backup-storage-location=velero/default controller=backup-storage-location logSource="pkg/controller/backup_storage_location_controller.go:137"
time="2023-11-21T15:54:25Z" level=info msg="Validating BackupStorageLocation" backup-storage-location=velero/default controller=backup-storage-location logSource="pkg/controller/backup_storage_location_controller.go:152"
time="2023-11-21T15:54:25Z" level=info msg="BackupStorageLocations is valid, marking as available" backup-storage-location=velero/default controller=backup-storage-location logSource="pkg/controller/backup_storage_location_controller.go:137"
time="2023-11-21T15:55:25Z" level=info msg="Validating BackupStorageLocation" backup-storage-location=velero/default controller=backup-storage-location logSource="pkg/controller/backup_storage_location_controller.go:152"
time="2023-11-21T15:55:25Z" level=info msg="BackupStorageLocations is valid, marking as available" backup-storage-location=velero/default controller=backup-storage-location logSource="pkg/controller/backup_storage_location_controller.go:137"
I1121 15:56:00.470667       1 request.go:690] Waited for 1.048546558s due to client-side throttling, not priority and fairness, request: GET:https://***HIDDEN***:443/apis/discovery.k8s.io/v1?timeout=32s
time="2023-11-21T15:56:25Z" level=info msg="Validating BackupStorageLocation" backup-storage-location=velero/default controller=backup-storage-location logSource="pkg/controller/backup_storage_location_controller.go:152"
time="2023-11-21T15:56:25Z" level=info msg="BackupStorageLocations is valid, marking as available" backup-storage-location=velero/default controller=backup-storage-location logSource="pkg/controller/backup_storage_location_controller.go:137"
time="2023-11-21T15:57:25Z" level=info msg="Validating BackupStorageLocation" backup-storage-location=velero/default controller=backup-storage-location logSource="pkg/controller/backup_storage_location_controller.go:152"
time="2023-11-21T15:57:25Z" level=info msg="BackupStorageLocations is valid, marking as available" backup-storage-location=velero/default controller=backup-storage-location logSource="pkg/controller/backup_storage_location_controller.go:137"
time="2023-11-21T15:58:25Z" level=info msg="Validating BackupStorageLocation" backup-storage-location=velero/default controller=backup-storage-location logSource="pkg/controller/backup_storage_location_controller.go:152"
time="2023-11-21T15:58:25Z" level=info msg="BackupStorageLocations is valid, marking as available" backup-storage-location=velero/default controller=backup-storage-location logSource="pkg/controller/backup_storage_location_controller.go:137"
time="2023-11-21T15:59:25Z" level=info msg="Validating BackupStorageLocation" backup-storage-location=velero/default controller=backup-storage-location logSource="pkg/controller/backup_storage_location_controller.go:152"
time="2023-11-21T15:59:25Z" level=info msg="BackupStorageLocations is valid, marking as available" backup-storage-location=velero/default controller=backup-storage-location logSource="pkg/controller/backup_storage_location_controller.go:137"
time="2023-11-21T16:00:25Z" level=info msg="Validating BackupStorageLocation" backup-storage-location=velero/default controller=backup-storage-location logSource="pkg/controller/backup_storage_location_controller.go:152"
time="2023-11-21T16:00:25Z" level=info msg="BackupStorageLocations is valid, marking as available" backup-storage-location=velero/default controller=backup-storage-location logSource="pkg/controller/backup_storage_location_controller.go:137"
I1121 16:01:03.421492       1 request.go:690] Waited for 1.049726027s due to client-side throttling, not priority and fairness, request: GET:https://***HIDDEN***:443/apis/custom.metrics.k8s.io/v1beta1?timeout=32s
time="2023-11-21T16:01:25Z" level=info msg="Validating BackupStorageLocation" backup-storage-location=velero/default controller=backup-storage-location logSource="pkg/controller/backup_storage_location_controller.go:152"
time="2023-11-21T16:01:25Z" level=info msg="BackupStorageLocations is valid, marking as available" backup-storage-location=velero/default controller=backup-storage-location logSource="pkg/controller/backup_storage_location_controller.go:137"
time="2023-11-21T16:02:25Z" level=info msg="Validating BackupStorageLocation" backup-storage-location=velero/default controller=backup-storage-location logSource="pkg/controller/backup_storage_location_controller.go:152"
time="2023-11-21T16:02:25Z" level=info msg="BackupStorageLocations is valid, marking as available" backup-storage-location=velero/default controller=backup-storage-location logSource="pkg/controller/backup_storage_location_controller.go:137"
time="2023-11-21T16:03:25Z" level=info msg="Validating BackupStorageLocation" backup-storage-location=velero/default controller=backup-storage-location logSource="pkg/controller/backup_storage_location_controller.go:152"
time="2023-11-21T16:03:25Z" level=info msg="BackupStorageLocations is valid, marking as available" backup-storage-location=velero/default controller=backup-storage-location logSource="pkg/controller/backup_storage_location_controller.go:137"
time="2023-11-21T16:04:25Z" level=info msg="Validating BackupStorageLocation" backup-storage-location=velero/default controller=backup-storage-location logSource="pkg/controller/backup_storage_location_controller.go:152"
time="2023-11-21T16:04:25Z" level=info msg="BackupStorageLocations is valid, marking as available" backup-storage-location=velero/default controller=backup-storage-location logSource="pkg/controller/backup_storage_location_controller.go:137"
time="2023-11-21T16:05:25Z" level=info msg="Validating BackupStorageLocation" backup-storage-location=velero/default controller=backup-storage-location logSource="pkg/controller/backup_storage_location_controller.go:152"
time="2023-11-21T16:05:25Z" level=info msg="BackupStorageLocations is valid, marking as available" backup-storage-location=velero/default controller=backup-storage-location logSource="pkg/controller/backup_storage_location_controller.go:137"
I1121 16:06:06.371763       1 request.go:690] Waited for 1.0482909s due to client-side throttling, not priority and fairness, request: GET:https://***HIDDEN***:443/apis/apiextensions.k8s.io/v1?timeout=32s
time="2023-11-21T16:06:25Z" level=info msg="Validating BackupStorageLocation" backup-storage-location=velero/default controller=backup-storage-location logSource="pkg/controller/backup_storage_location_controller.go:152"
time="2023-11-21T16:06:25Z" level=info msg="BackupStorageLocations is valid, marking as available" backup-storage-location=velero/default controller=backup-storage-location logSource="pkg/controller/backup_storage_location_controller.go:137"
time="2023-11-21T16:07:26Z" level=info msg="Validating BackupStorageLocation" backup-storage-location=velero/default controller=backup-storage-location logSource="pkg/controller/backup_storage_location_controller.go:152"
time="2023-11-21T16:07:26Z" level=info msg="BackupStorageLocations is valid, marking as available" backup-storage-location=velero/default controller=backup-storage-location logSource="pkg/controller/backup_storage_location_controller.go:137"
time="2023-11-21T16:08:36Z" level=info msg="Validating BackupStorageLocation" backup-storage-location=velero/default controller=backup-storage-location logSource="pkg/controller/backup_storage_location_controller.go:152"
time="2023-11-21T16:08:36Z" level=info msg="BackupStorageLocations is valid, marking as available" backup-storage-location=velero/default controller=backup-storage-location logSource="pkg/controller/backup_storage_location_controller.go:137"
time="2023-11-21T16:09:46Z" level=info msg="Validating BackupStorageLocation" backup-storage-location=velero/default controller=backup-storage-location logSource="pkg/controller/backup_storage_location_controller.go:152"
time="2023-11-21T16:09:46Z" level=info msg="BackupStorageLocations is valid, marking as available" backup-storage-location=velero/default controller=backup-storage-location logSource="pkg/controller/backup_storage_location_controller.go:137"
time="2023-11-21T16:10:46Z" level=info msg="Validating BackupStorageLocation" backup-storage-location=velero/default controller=backup-storage-location logSource="pkg/controller/backup_storage_location_controller.go:152"
time="2023-11-21T16:10:46Z" level=info msg="BackupStorageLocations is valid, marking as available" backup-storage-location=velero/default controller=backup-storage-location logSource="pkg/controller/backup_storage_location_controller.go:137"
I1121 16:11:09.322266       1 request.go:690] Waited for 1.047658111s due to client-side throttling, not priority and fairness, request: GET:https://***HIDDEN***:443/apis/rbac.authorization.k8s.io/v1?timeout=32s
time="2023-11-21T16:11:46Z" level=info msg="Validating BackupStorageLocation" backup-storage-location=velero/default controller=backup-storage-location logSource="pkg/controller/backup_storage_location_controller.go:152"
time="2023-11-21T16:11:46Z" level=info msg="BackupStorageLocations is valid, marking as available" backup-storage-location=velero/default controller=backup-storage-location logSource="pkg/controller/backup_storage_location_controller.go:137"
time="2023-11-21T16:12:46Z" level=info msg="Validating BackupStorageLocation" backup-storage-location=velero/default controller=backup-storage-location logSource="pkg/controller/backup_storage_location_controller.go:152"
time="2023-11-21T16:12:46Z" level=info msg="BackupStorageLocations is valid, marking as available" backup-storage-location=velero/default controller=backup-storage-location logSource="pkg/controller/backup_storage_location_controller.go:137"
time="2023-11-21T16:12:54Z" level=info msg="Processing new ServerStatusRequest" controller=server-status-request logSource="pkg/controller/server_status_request_controller.go:105" phase= serverStatusRequest=velero/velero-cli-s8tjr
time="2023-11-21T16:12:54Z" level=info msg="Processing new ServerStatusRequest" controller=server-status-request logSource="pkg/controller/server_status_request_controller.go:105" phase= serverStatusRequest=velero/velero-cli-7crnf
time="2023-11-21T16:12:57Z" level=info msg="Processing new ServerStatusRequest" controller=server-status-request logSource="pkg/controller/server_status_request_controller.go:105" phase= serverStatusRequest=velero/velero-cli-rq8pn
time="2023-11-21T16:13:04Z" level=info msg="Processing new ServerStatusRequest" controller=server-status-request logSource="pkg/controller/server_status_request_controller.go:105" phase= serverStatusRequest=velero/velero-cli-8cbvw
time="2023-11-21T16:13:46Z" level=info msg="Validating BackupStorageLocation" backup-storage-location=velero/default controller=backup-storage-location logSource="pkg/controller/backup_storage_location_controller.go:152"
time="2023-11-21T16:13:46Z" level=info msg="BackupStorageLocations is valid, marking as available" backup-storage-location=velero/default controller=backup-storage-location logSource="pkg/controller/backup_storage_location_controller.go:137"
