CREATE_ARGUMENTS=--user knime --password fg7GWfcUNIK6e7Ev9mY52XpwnYB5nacv --silent --force --require-login --http-host ***HIDDEN*** --relax-jolokia
ERROR StatusConsoleListener JsonLayout contains an invalid element or attribute "pattern"
     _        _               _
    / \  ____| |_  ___ __  __(_) _____
   / _ \|  _ \ __|/ _ \  \/  | |/  __/
  / ___ \ | \/ |_/  __/ |\/| | |\___ \
 /_/   \_\|   \__\____|_|  |_|_|/___ /
 Apache ActiveMQ Artemis 2.29.0


{"instant":{"epochSecond":1700576965,"nanoOfSecond":198570187},"thread":"main","level":"INFO","loggerName":"org.apache.activemq.artemis.integration.bootstrap","message":"AMQ101000: Starting ActiveMQ Artemis Server version 2.29.0","endOfBatch":false,"loggerFqcn":"org.apache.logging.slf4j.Log4jLogger","threadId":1,"threadPriority":5}
{"instant":{"epochSecond":1700576965,"nanoOfSecond":387076455},"thread":"main","level":"INFO","loggerName":"org.apache.activemq.artemis.core.server","message":"AMQ221000: live Message Broker is starting with configuration Broker Configuration (clustered=false,journalDirectory=data/journal,bindingsDirectory=data/bindings,largeMessagesDirectory=data/large-messages,pagingDirectory=data/paging)","endOfBatch":false,"loggerFqcn":"org.apache.logging.slf4j.Log4jLogger","threadId":1,"threadPriority":5}
{"instant":{"epochSecond":1700576965,"nanoOfSecond":460783246},"thread":"main","level":"INFO","loggerName":"org.apache.activemq.artemis.core.server","message":"AMQ221012: Using AIO Journal","endOfBatch":false,"loggerFqcn":"org.apache.logging.slf4j.Log4jLogger","threadId":1,"threadPriority":5}
{"instant":{"epochSecond":1700576965,"nanoOfSecond":563405249},"thread":"main","level":"INFO","loggerName":"org.apache.activemq.artemis.core.server","message":"AMQ221057: Global Max Size is being adjusted to 1/2 of the JVM max size (-Xmx). being defined as 954466304","endOfBatch":false,"loggerFqcn":"org.apache.logging.slf4j.Log4jLogger","threadId":1,"threadPriority":5}
{"instant":{"epochSecond":1700576965,"nanoOfSecond":591187750},"thread":"main","level":"INFO","loggerName":"org.apache.activemq.artemis.core.server","message":"AMQ221043: Protocol module found: [artemis-server]. Adding protocol support for: CORE","endOfBatch":false,"loggerFqcn":"org.apache.logging.slf4j.Log4jLogger","threadId":1,"threadPriority":5}
{"instant":{"epochSecond":1700576965,"nanoOfSecond":591822085},"thread":"main","level":"INFO","loggerName":"org.apache.activemq.artemis.core.server","message":"AMQ221043: Protocol module found: [artemis-amqp-protocol]. Adding protocol support for: AMQP","endOfBatch":false,"loggerFqcn":"org.apache.logging.slf4j.Log4jLogger","threadId":1,"threadPriority":5}
{"instant":{"epochSecond":1700576965,"nanoOfSecond":592194086},"thread":"main","level":"INFO","loggerName":"org.apache.activemq.artemis.core.server","message":"AMQ221043: Protocol module found: [artemis-hornetq-protocol]. Adding protocol support for: HORNETQ","endOfBatch":false,"loggerFqcn":"org.apache.logging.slf4j.Log4jLogger","threadId":1,"threadPriority":5}
{"instant":{"epochSecond":1700576965,"nanoOfSecond":592704222},"thread":"main","level":"INFO","loggerName":"org.apache.activemq.artemis.core.server","message":"AMQ221043: Protocol module found: [artemis-mqtt-protocol]. Adding protocol support for: MQTT","endOfBatch":false,"loggerFqcn":"org.apache.logging.slf4j.Log4jLogger","threadId":1,"threadPriority":5}
{"instant":{"epochSecond":1700576965,"nanoOfSecond":593409343},"thread":"main","level":"INFO","loggerName":"org.apache.activemq.artemis.core.server","message":"AMQ221043: Protocol module found: [artemis-openwire-protocol]. Adding protocol support for: OPENWIRE","endOfBatch":false,"loggerFqcn":"org.apache.logging.slf4j.Log4jLogger","threadId":1,"threadPriority":5}
{"instant":{"epochSecond":1700576965,"nanoOfSecond":593772692},"thread":"main","level":"INFO","loggerName":"org.apache.activemq.artemis.core.server","message":"AMQ221043: Protocol module found: [artemis-stomp-protocol]. Adding protocol support for: STOMP","endOfBatch":false,"loggerFqcn":"org.apache.logging.slf4j.Log4jLogger","threadId":1,"threadPriority":5}
{"instant":{"epochSecond":1700576965,"nanoOfSecond":662763535},"thread":"main","level":"INFO","loggerName":"org.apache.activemq.artemis.core.server","message":"AMQ221034: Waiting indefinitely to obtain live lock","endOfBatch":false,"loggerFqcn":"org.apache.logging.slf4j.Log4jLogger","threadId":1,"threadPriority":5}
{"instant":{"epochSecond":1700576965,"nanoOfSecond":663000643},"thread":"main","level":"INFO","loggerName":"org.apache.activemq.artemis.core.server","message":"AMQ221035: Live Server Obtained live lock","endOfBatch":false,"loggerFqcn":"org.apache.logging.slf4j.Log4jLogger","threadId":1,"threadPriority":5}
{"instant":{"epochSecond":1700576967,"nanoOfSecond":467271966},"thread":"main","level":"INFO","loggerName":"org.apache.activemq.artemis.core.server","message":"AMQ221080: Deploying address DLQ supporting [ANYCAST]","endOfBatch":false,"loggerFqcn":"org.apache.logging.slf4j.Log4jLogger","threadId":1,"threadPriority":5}
{"instant":{"epochSecond":1700576967,"nanoOfSecond":468179650},"thread":"main","level":"INFO","loggerName":"org.apache.activemq.artemis.core.server","message":"AMQ221003: Deploying ANYCAST queue DLQ on address DLQ","endOfBatch":false,"loggerFqcn":"org.apache.logging.slf4j.Log4jLogger","threadId":1,"threadPriority":5}
{"instant":{"epochSecond":1700576967,"nanoOfSecond":474684177},"thread":"main","level":"INFO","loggerName":"org.apache.activemq.artemis.core.server","message":"AMQ221080: Deploying address ExpiryQueue supporting [ANYCAST]","endOfBatch":false,"loggerFqcn":"org.apache.logging.slf4j.Log4jLogger","threadId":1,"threadPriority":5}
{"instant":{"epochSecond":1700576967,"nanoOfSecond":475218429},"thread":"main","level":"INFO","loggerName":"org.apache.activemq.artemis.core.server","message":"AMQ221003: Deploying ANYCAST queue ExpiryQueue on address ExpiryQueue","endOfBatch":false,"loggerFqcn":"org.apache.logging.slf4j.Log4jLogger","threadId":1,"threadPriority":5}
{"instant":{"epochSecond":1700576968,"nanoOfSecond":61160639},"thread":"main","level":"INFO","loggerName":"org.apache.activemq.artemis.core.server","message":"AMQ221020: Started EPOLL Acceptor at ***HIDDEN***:61616 for protocols [CORE,MQTT,AMQP,STOMP,HORNETQ,OPENWIRE]","endOfBatch":false,"loggerFqcn":"org.apache.logging.slf4j.Log4jLogger","threadId":1,"threadPriority":5}
{"instant":{"epochSecond":1700576968,"nanoOfSecond":62771590},"thread":"main","level":"INFO","loggerName":"org.apache.activemq.artemis.core.server","message":"AMQ221020: Started EPOLL Acceptor at ***HIDDEN***:5672 for protocols [AMQP]","endOfBatch":false,"loggerFqcn":"org.apache.logging.slf4j.Log4jLogger","threadId":1,"threadPriority":5}
{"instant":{"epochSecond":1700576968,"nanoOfSecond":64081177},"thread":"main","level":"INFO","loggerName":"org.apache.activemq.artemis.core.server","message":"AMQ221020: Started EPOLL Acceptor at ***HIDDEN***:1883 for protocols [MQTT]","endOfBatch":false,"loggerFqcn":"org.apache.logging.slf4j.Log4jLogger","threadId":1,"threadPriority":5}
{"instant":{"epochSecond":1700576968,"nanoOfSecond":66797028},"thread":"main","level":"INFO","loggerName":"org.apache.activemq.artemis.core.server","message":"AMQ221007: Server is now live","endOfBatch":false,"loggerFqcn":"org.apache.logging.slf4j.Log4jLogger","threadId":1,"threadPriority":5}
{"instant":{"epochSecond":1700576968,"nanoOfSecond":67036819},"thread":"main","level":"INFO","loggerName":"org.apache.activemq.artemis.core.server","message":"AMQ221001: Apache ActiveMQ Artemis Message Broker version 2.29.0 [***HIDDEN***, nodeID=c7f56274-7fcb-11ee-80ae-bea29ade2187] ","endOfBatch":false,"loggerFqcn":"org.apache.logging.slf4j.Log4jLogger","threadId":1,"threadPriority":5}
{"instant":{"epochSecond":1700576968,"nanoOfSecond":79530788},"thread":"main","level":"INFO","loggerName":"org.apache.activemq.artemis","message":"AMQ241003: Starting embedded web server","endOfBatch":false,"loggerFqcn":"org.apache.logging.slf4j.Log4jLogger","threadId":1,"threadPriority":5}
{"instant":{"epochSecond":1700576968,"nanoOfSecond":552296041},"thread":"main","level":"INFO","loggerName":"org.apache.activemq.hawtio.branding.PluginContextListener","message":"Initialized activemq-branding plugin","endOfBatch":false,"loggerFqcn":"org.apache.logging.slf4j.Log4jLogger","threadId":1,"threadPriority":5}
{"instant":{"epochSecond":1700576968,"nanoOfSecond":585859975},"thread":"main","level":"INFO","loggerName":"org.apache.activemq.hawtio.plugin.PluginContextListener","message":"Initialized artemis-plugin plugin","endOfBatch":false,"loggerFqcn":"org.apache.logging.slf4j.Log4jLogger","threadId":1,"threadPriority":5}
{"instant":{"epochSecond":1700576969,"nanoOfSecond":162021063},"thread":"main","level":"INFO","loggerName":"io.hawt.HawtioContextListener","message":"Initialising hawtio services","endOfBatch":false,"loggerFqcn":"org.apache.logging.slf4j.Log4jLogger","threadId":1,"threadPriority":5}
{"instant":{"epochSecond":1700576969,"nanoOfSecond":169588726},"thread":"main","level":"INFO","loggerName":"io.hawt.system.ConfigManager","message":"Configuration will be discovered via system properties","endOfBatch":false,"loggerFqcn":"org.apache.logging.slf4j.Log4jLogger","threadId":1,"threadPriority":5}
{"instant":{"epochSecond":1700576969,"nanoOfSecond":171621417},"thread":"main","level":"INFO","loggerName":"io.hawt.jmx.JmxTreeWatcher","message":"Welcome to Hawtio 2.15.0","endOfBatch":false,"loggerFqcn":"org.apache.logging.slf4j.Log4jLogger","threadId":1,"threadPriority":5}
{"instant":{"epochSecond":1700576969,"nanoOfSecond":176811546},"thread":"main","level":"INFO","loggerName":"io.hawt.web.auth.AuthenticationConfiguration","message":"Starting hawtio authentication filter, JAAS realm: \"activemq\" authorized role(s): \"amq\" role principal classes: \"org.apache.activemq.artemis.spi.core.security.jaas.RolePrincipal\"","endOfBatch":false,"loggerFqcn":"org.apache.logging.slf4j.Log4jLogger","threadId":1,"threadPriority":5}
{"instant":{"epochSecond":1700576969,"nanoOfSecond":182449501},"thread":"main","level":"INFO","loggerName":"io.hawt.web.auth.LoginRedirectFilter","message":"Hawtio loginRedirectFilter is using 1800 sec. HttpSession timeout","endOfBatch":false,"loggerFqcn":"org.apache.logging.slf4j.Log4jLogger","threadId":1,"threadPriority":5}
{"instant":{"epochSecond":1700576969,"nanoOfSecond":192835520},"thread":"main","level":"INFO","loggerName":"io.hawt.system.ProxyAllowlist","message":"Probing local addresses ...","endOfBatch":false,"loggerFqcn":"org.apache.logging.slf4j.Log4jLogger","threadId":1,"threadPriority":5}
{"instant":{"epochSecond":1700576969,"nanoOfSecond":194797998},"thread":"main","level":"INFO","loggerName":"io.hawt.system.ProxyAllowlist","message":"Initial proxy allowlist: [localhost, ***HIDDEN***, ***HIDDEN***, activemq-artemis-0.activemq-artemis.knime.svc.cluster.local]","endOfBatch":false,"loggerFqcn":"org.apache.logging.slf4j.Log4jLogger","threadId":1,"threadPriority":5}
{"instant":{"epochSecond":1700576969,"nanoOfSecond":688027218},"thread":"main","level":"INFO","loggerName":"io.hawt.web.servlets.JolokiaConfiguredAgentServlet","message":"Jolokia has not found any overriden configuration property passed at launch time; Default configuration values will be used.","endOfBatch":false,"loggerFqcn":"org.apache.logging.slf4j.Log4jLogger","threadId":1,"threadPriority":5}
{"instant":{"epochSecond":1700576969,"nanoOfSecond":860844441},"thread":"main","level":"INFO","loggerName":"org.apache.activemq.artemis","message":"AMQ241001: HTTP Server started at http://***HIDDEN***:8161","endOfBatch":false,"loggerFqcn":"org.apache.logging.slf4j.Log4jLogger","threadId":1,"threadPriority":5}
{"instant":{"epochSecond":1700576969,"nanoOfSecond":861295586},"thread":"main","level":"INFO","loggerName":"org.apache.activemq.artemis","message":"AMQ241002: Artemis Jolokia REST API available at http://***HIDDEN***:8161/console/jolokia","endOfBatch":false,"loggerFqcn":"org.apache.logging.slf4j.Log4jLogger","threadId":1,"threadPriority":5}
{"instant":{"epochSecond":1700576969,"nanoOfSecond":861467295},"thread":"main","level":"INFO","loggerName":"org.apache.activemq.artemis","message":"AMQ241004: Artemis Console available at http://***HIDDEN***:8161/console","endOfBatch":false,"loggerFqcn":"org.apache.logging.slf4j.Log4jLogger","threadId":1,"threadPriority":5}
{"instant":{"epochSecond":1700577020,"nanoOfSecond":298519076},"thread":"qtp2062888647-60","level":"INFO","loggerName":"io.hawt.web.auth.LoginServlet","message":"Hawtio login is using 1800 sec. HttpSession timeout","endOfBatch":false,"loggerFqcn":"org.apache.logging.slf4j.Log4jLogger","threadId":60,"threadPriority":5}
